[0.002s][info][gc] Using G1
[0.005s][info][gc,init] Version: 17.0.16+8-Ubuntu-0ubuntu122.04.1 (release)
[0.005s][info][gc,init] CPUs: 8 total, 8 available
[0.005s][info][gc,init] Memory: 15540M
[0.005s][info][gc,init] Large Page Support: Disabled
[0.005s][info][gc,init] NUMA Support: Disabled
[0.005s][info][gc,init] Compressed Oops: Enabled (32-bit)
[0.005s][info][gc,init] Heap Region Size: 1M
[0.005s][info][gc,init] Heap Min Capacity: 8M
[0.005s][info][gc,init] Heap Initial Capacity: 244M
[0.005s][info][gc,init] Heap Max Capacity: 1G
[0.005s][info][gc,init] Pre-touch: Disabled
[0.005s][info][gc,init] Parallel Workers: 8
[0.005s][info][gc,init] Concurrent Workers: 2
[0.005s][info][gc,init] Concurrent Refinement Workers: 8
[0.005s][info][gc,init] Periodic GC: Disabled
[0.011s][info][gc,metaspace] CDS archive(s) mapped at: [0x000077e8cb000000-0x000077e8cbbca000-0x000077e8cbbca000), size 12361728, SharedBaseAddress: 0x000077e8cb000000, ArchiveRelocationMode: 1.
[0.011s][info][gc,metaspace] Compressed class space mapped at: 0x000077e8cc000000-0x000077e90c000000, reserved size: 1073741824
[0.011s][info][gc,metaspace] Narrow klass base: 0x000077e8cb000000, Narrow klass shift: 0, Narrow klass range: 0x100000000
[0.304s][info][gc,start    ] GC(0) Pause Young (Normal) (G1 Evacuation Pause)
[0.304s][info][gc,task     ] GC(0) Using 5 workers of 8 for evacuation
[0.307s][info][gc,phases   ] GC(0)   Pre Evacuate Collection Set: 0.0ms
[0.307s][info][gc,phases   ] GC(0)   Merge Heap Roots: 0.2ms
[0.307s][info][gc,phases   ] GC(0)   Evacuate Collection Set: 2.3ms
[0.307s][info][gc,phases   ] GC(0)   Post Evacuate Collection Set: 0.3ms
[0.307s][info][gc,phases   ] GC(0)   Other: 0.5ms
[0.307s][info][gc,heap     ] GC(0) Eden regions: 23->0(19)
[0.307s][info][gc,heap     ] GC(0) Survivor regions: 0->3(3)
[0.307s][info][gc,heap     ] GC(0) Old regions: 0->10
[0.307s][info][gc,heap     ] GC(0) Archive regions: 2->2
[0.307s][info][gc,heap     ] GC(0) Humongous regions: 9->9
[0.307s][info][gc,metaspace] GC(0) Metaspace: 3511K(3584K)->3511K(3584K) NonClass: 3235K(3264K)->3235K(3264K) Class: 275K(320K)->275K(320K)
[0.307s][info][gc          ] GC(0) Pause Young (Normal) (G1 Evacuation Pause) 32M->22M(246M) 3.339ms
[0.307s][info][gc,cpu      ] GC(0) User=0.01s Sys=0.00s Real=0.00s
[0.640s][info][gc,start    ] GC(1) Pause Young (Normal) (G1 Evacuation Pause)
[0.640s][info][gc,task     ] GC(1) Using 5 workers of 8 for evacuation
[0.642s][info][gc,phases   ] GC(1)   Pre Evacuate Collection Set: 0.0ms
[0.642s][info][gc,phases   ] GC(1)   Merge Heap Roots: 0.0ms
[0.642s][info][gc,phases   ] GC(1)   Evacuate Collection Set: 1.7ms
[0.642s][info][gc,phases   ] GC(1)   Post Evacuate Collection Set: 0.2ms
[0.642s][info][gc,phases   ] GC(1)   Other: 0.1ms
[0.642s][info][gc,heap     ] GC(1) Eden regions: 19->0(42)
[0.642s][info][gc,heap     ] GC(1) Survivor regions: 3->3(3)
[0.642s][info][gc,heap     ] GC(1) Old regions: 10->13
[0.642s][info][gc,heap     ] GC(1) Archive regions: 2->2
[0.642s][info][gc,heap     ] GC(1) Humongous regions: 9->9
[0.642s][info][gc,metaspace] GC(1) Metaspace: 9775K(9984K)->9775K(9984K) NonClass: 8685K(8768K)->8685K(8768K) Class: 1089K(1216K)->1089K(1216K)
[0.642s][info][gc          ] GC(1) Pause Young (Normal) (G1 Evacuation Pause) 41M->25M(246M) 2.001ms
[0.642s][info][gc,cpu      ] GC(1) User=0.01s Sys=0.00s Real=0.00s
[1.168s][info][gc,start    ] GC(2) Pause Young (Concurrent Start) (Metadata GC Threshold)
[1.168s][info][gc,task     ] GC(2) Using 5 workers of 8 for evacuation
[1.172s][info][gc,phases   ] GC(2)   Pre Evacuate Collection Set: 0.1ms
[1.172s][info][gc,phases   ] GC(2)   Merge Heap Roots: 0.0ms
[1.172s][info][gc,phases   ] GC(2)   Evacuate Collection Set: 2.8ms
[1.172s][info][gc,phases   ] GC(2)   Post Evacuate Collection Set: 0.4ms
[1.172s][info][gc,phases   ] GC(2)   Other: 0.1ms
[1.172s][info][gc,heap     ] GC(2) Eden regions: 35->0(136)
[1.172s][info][gc,heap     ] GC(2) Survivor regions: 3->4(6)
[1.172s][info][gc,heap     ] GC(2) Old regions: 13->13
[1.172s][info][gc,heap     ] GC(2) Archive regions: 2->2
[1.172s][info][gc,heap     ] GC(2) Humongous regions: 9->9
[1.172s][info][gc,metaspace] GC(2) Metaspace: 21283K(21504K)->21283K(21504K) NonClass: 18345K(18496K)->18345K(18496K) Class: 2938K(3008K)->2938K(3008K)
[1.172s][info][gc          ] GC(2) Pause Young (Concurrent Start) (Metadata GC Threshold) 60M->26M(246M) 3.493ms
[1.172s][info][gc,cpu      ] GC(2) User=0.02s Sys=0.00s Real=0.00s
[1.172s][info][gc          ] GC(3) Concurrent Mark Cycle
[1.172s][info][gc,marking  ] GC(3) Concurrent Clear Claimed Marks
[1.172s][info][gc,marking  ] GC(3) Concurrent Clear Claimed Marks 0.023ms
[1.172s][info][gc,marking  ] GC(3) Concurrent Scan Root Regions
[1.174s][info][gc,marking  ] GC(3) Concurrent Scan Root Regions 1.625ms
[1.174s][info][gc,marking  ] GC(3) Concurrent Mark
[1.174s][info][gc,marking  ] GC(3) Concurrent Mark From Roots
[1.174s][info][gc,task     ] GC(3) Using 2 workers of 2 for marking
[1.175s][info][gc,marking  ] GC(3) Concurrent Mark From Roots 1.599ms
[1.175s][info][gc,marking  ] GC(3) Concurrent Preclean
[1.175s][info][gc,marking  ] GC(3) Concurrent Preclean 0.052ms
[1.175s][info][gc,start    ] GC(3) Pause Remark
[1.177s][info][gc          ] GC(3) Pause Remark 27M->27M(97M) 1.114ms
[1.177s][info][gc,cpu      ] GC(3) User=0.00s Sys=0.00s Real=0.00s
[1.177s][info][gc,marking  ] GC(3) Concurrent Mark 2.848ms
[1.177s][info][gc,marking  ] GC(3) Concurrent Rebuild Remembered Sets
[1.177s][info][gc,marking  ] GC(3) Concurrent Rebuild Remembered Sets 0.763ms
[1.178s][info][gc,start    ] GC(3) Pause Cleanup
[1.178s][info][gc          ] GC(3) Pause Cleanup 27M->27M(97M) 0.038ms
[1.178s][info][gc,cpu      ] GC(3) User=0.00s Sys=0.00s Real=0.00s
[1.178s][info][gc,marking  ] GC(3) Concurrent Cleanup for Next Mark
[1.178s][info][gc,marking  ] GC(3) Concurrent Cleanup for Next Mark 0.304ms
[1.178s][info][gc          ] GC(3) Concurrent Mark Cycle 6.438ms
[1.743s][info][gc,start    ] GC(4) Pause Young (Normal) (GCLocker Initiated GC)
[1.743s][info][gc,task     ] GC(4) Using 6 workers of 8 for evacuation
[1.747s][info][gc,phases   ] GC(4)   Pre Evacuate Collection Set: 0.0ms
[1.747s][info][gc,phases   ] GC(4)   Merge Heap Roots: 0.0ms
[1.747s][info][gc,phases   ] GC(4)   Evacuate Collection Set: 3.3ms
[1.747s][info][gc,phases   ] GC(4)   Post Evacuate Collection Set: 0.4ms
[1.747s][info][gc,phases   ] GC(4)   Other: 0.1ms
[1.747s][info][gc,heap     ] GC(4) Eden regions: 50->0(35)
[1.747s][info][gc,heap     ] GC(4) Survivor regions: 4->7(8)
[1.747s][info][gc,heap     ] GC(4) Old regions: 13->13
[1.747s][info][gc,heap     ] GC(4) Archive regions: 2->2
[1.747s][info][gc,heap     ] GC(4) Humongous regions: 9->9
[1.747s][info][gc,metaspace] GC(4) Metaspace: 32532K(32896K)->32532K(32896K) NonClass: 28164K(28352K)->28164K(28352K) Class: 4367K(4544K)->4367K(4544K)
[1.747s][info][gc          ] GC(4) Pause Young (Normal) (GCLocker Initiated GC) 76M->29M(97M) 3.871ms
[1.747s][info][gc,cpu      ] GC(4) User=0.02s Sys=0.00s Real=0.00s
[1.876s][info][gc,start    ] GC(5) Pause Young (Concurrent Start) (Metadata GC Threshold)
[1.876s][info][gc,task     ] GC(5) Using 6 workers of 8 for evacuation
[1.879s][info][gc,phases   ] GC(5)   Pre Evacuate Collection Set: 0.1ms
[1.879s][info][gc,phases   ] GC(5)   Merge Heap Roots: 0.0ms
[1.879s][info][gc,phases   ] GC(5)   Evacuate Collection Set: 3.4ms
[1.879s][info][gc,phases   ] GC(5)   Post Evacuate Collection Set: 0.2ms
[1.879s][info][gc,phases   ] GC(5)   Other: 0.1ms
[1.880s][info][gc,heap     ] GC(5) Eden regions: 11->0(37)
[1.880s][info][gc,heap     ] GC(5) Survivor regions: 7->2(6)
[1.880s][info][gc,heap     ] GC(5) Old regions: 13->20
[1.880s][info][gc,heap     ] GC(5) Archive regions: 2->2
[1.880s][info][gc,heap     ] GC(5) Humongous regions: 9->9
[1.880s][info][gc,metaspace] GC(5) Metaspace: 35623K(35968K)->35623K(35968K) NonClass: 30812K(30976K)->30812K(30976K) Class: 4810K(4992K)->4810K(4992K)
[1.880s][info][gc          ] GC(5) Pause Young (Concurrent Start) (Metadata GC Threshold) 40M->31M(97M) 3.874ms
[1.880s][info][gc,cpu      ] GC(5) User=0.02s Sys=0.01s Real=0.00s
[1.880s][info][gc          ] GC(6) Concurrent Mark Cycle
[1.880s][info][gc,marking  ] GC(6) Concurrent Clear Claimed Marks
[1.880s][info][gc,marking  ] GC(6) Concurrent Clear Claimed Marks 0.026ms
[1.880s][info][gc,marking  ] GC(6) Concurrent Scan Root Regions
[1.882s][info][gc,marking  ] GC(6) Concurrent Scan Root Regions 2.084ms
[1.882s][info][gc,marking  ] GC(6) Concurrent Mark
[1.882s][info][gc,marking  ] GC(6) Concurrent Mark From Roots
[1.882s][info][gc,task     ] GC(6) Using 2 workers of 2 for marking
[1.883s][info][gc,marking  ] GC(6) Concurrent Mark From Roots 1.426ms
[1.883s][info][gc,marking  ] GC(6) Concurrent Preclean
[1.883s][info][gc,marking  ] GC(6) Concurrent Preclean 0.048ms
[1.883s][info][gc,start    ] GC(6) Pause Remark
[1.884s][info][gc          ] GC(6) Pause Remark 31M->31M(97M) 0.919ms
[1.884s][info][gc,cpu      ] GC(6) User=0.00s Sys=0.00s Real=0.00s
[1.884s][info][gc,marking  ] GC(6) Concurrent Mark 2.548ms
[1.884s][info][gc,marking  ] GC(6) Concurrent Rebuild Remembered Sets
[1.887s][info][gc,marking  ] GC(6) Concurrent Rebuild Remembered Sets 2.555ms
[1.887s][info][gc,start    ] GC(6) Pause Cleanup
[1.887s][info][gc          ] GC(6) Pause Cleanup 31M->31M(97M) 0.039ms
[1.887s][info][gc,cpu      ] GC(6) User=0.00s Sys=0.00s Real=0.00s
[1.887s][info][gc,marking  ] GC(6) Concurrent Cleanup for Next Mark
[1.887s][info][gc,marking  ] GC(6) Concurrent Cleanup for Next Mark 0.267ms
[1.887s][info][gc          ] GC(6) Concurrent Mark Cycle 7.715ms
[2.328s][info][gc,start    ] GC(7) Pause Young (Normal) (G1 Evacuation Pause)
[2.328s][info][gc,task     ] GC(7) Using 6 workers of 8 for evacuation
[2.331s][info][gc,phases   ] GC(7)   Pre Evacuate Collection Set: 0.1ms
[2.331s][info][gc,phases   ] GC(7)   Merge Heap Roots: 0.1ms
[2.331s][info][gc,phases   ] GC(7)   Evacuate Collection Set: 2.9ms
[2.331s][info][gc,phases   ] GC(7)   Post Evacuate Collection Set: 0.3ms
[2.331s][info][gc,phases   ] GC(7)   Other: 0.2ms
[2.331s][info][gc,heap     ] GC(7) Eden regions: 37->0(38)
[2.331s][info][gc,heap     ] GC(7) Survivor regions: 2->3(5)
[2.331s][info][gc,heap     ] GC(7) Old regions: 20->20
[2.331s][info][gc,heap     ] GC(7) Archive regions: 2->2
[2.331s][info][gc,heap     ] GC(7) Humongous regions: 9->9
[2.331s][info][gc,metaspace] GC(7) Metaspace: 45292K(45760K)->45292K(45760K) NonClass: 39229K(39488K)->39229K(39488K) Class: 6063K(6272K)->6063K(6272K)
[2.331s][info][gc          ] GC(7) Pause Young (Normal) (G1 Evacuation Pause) 68M->32M(97M) 3.626ms
[2.331s][info][gc,cpu      ] GC(7) User=0.02s Sys=0.01s Real=0.00s
[2.865s][info][gc,start    ] GC(8) Pause Young (Normal) (G1 Evacuation Pause)
[2.865s][info][gc,task     ] GC(8) Using 8 workers of 8 for evacuation
[2.870s][info][gc,phases   ] GC(8)   Pre Evacuate Collection Set: 0.1ms
[2.870s][info][gc,phases   ] GC(8)   Merge Heap Roots: 0.0ms
[2.870s][info][gc,phases   ] GC(8)   Evacuate Collection Set: 4.4ms
[2.870s][info][gc,phases   ] GC(8)   Post Evacuate Collection Set: 0.4ms
[2.870s][info][gc,phases   ] GC(8)   Other: 0.1ms
[2.870s][info][gc,heap     ] GC(8) Eden regions: 38->0(37)
[2.870s][info][gc,heap     ] GC(8) Survivor regions: 3->6(6)
[2.870s][info][gc,heap     ] GC(8) Old regions: 20->20
[2.870s][info][gc,heap     ] GC(8) Archive regions: 2->2
[2.870s][info][gc,heap     ] GC(8) Humongous regions: 9->9
[2.870s][info][gc,metaspace] GC(8) Metaspace: 52469K(52928K)->52469K(52928K) NonClass: 45540K(45760K)->45540K(45760K) Class: 6928K(7168K)->6928K(7168K)
[2.870s][info][gc          ] GC(8) Pause Young (Normal) (G1 Evacuation Pause) 70M->35M(97M) 5.069ms
[2.870s][info][gc,cpu      ] GC(8) User=0.02s Sys=0.00s Real=0.00s
[3.288s][info][gc,start    ] GC(9) Pause Young (Concurrent Start) (Metadata GC Threshold)
[3.288s][info][gc,task     ] GC(9) Using 8 workers of 8 for evacuation
[3.294s][info][gc,phases   ] GC(9)   Pre Evacuate Collection Set: 0.1ms
[3.294s][info][gc,phases   ] GC(9)   Merge Heap Roots: 0.1ms
[3.294s][info][gc,phases   ] GC(9)   Evacuate Collection Set: 5.2ms
[3.294s][info][gc,phases   ] GC(9)   Post Evacuate Collection Set: 0.5ms
[3.294s][info][gc,phases   ] GC(9)   Other: 0.2ms
[3.294s][info][gc,heap     ] GC(9) Eden regions: 30->0(35)
[3.294s][info][gc,heap     ] GC(9) Survivor regions: 6->6(6)
[3.294s][info][gc,heap     ] GC(9) Old regions: 20->23
[3.294s][info][gc,heap     ] GC(9) Archive regions: 2->2
[3.294s][info][gc,heap     ] GC(9) Humongous regions: 10->9
[3.294s][info][gc,metaspace] GC(9) Metaspace: 59754K(60160K)->59754K(60160K) NonClass: 52107K(52288K)->52107K(52288K) Class: 7647K(7872K)->7647K(7872K)
[3.294s][info][gc          ] GC(9) Pause Young (Concurrent Start) (Metadata GC Threshold) 65M->37M(97M) 6.264ms
[3.294s][info][gc,cpu      ] GC(9) User=0.02s Sys=0.01s Real=0.01s
[3.294s][info][gc          ] GC(10) Concurrent Mark Cycle
[3.294s][info][gc,marking  ] GC(10) Concurrent Clear Claimed Marks
[3.294s][info][gc,marking  ] GC(10) Concurrent Clear Claimed Marks 0.051ms
[3.294s][info][gc,marking  ] GC(10) Concurrent Scan Root Regions
[3.298s][info][gc,marking  ] GC(10) Concurrent Scan Root Regions 3.386ms
[3.298s][info][gc,marking  ] GC(10) Concurrent Mark
[3.298s][info][gc,marking  ] GC(10) Concurrent Mark From Roots
[3.298s][info][gc,task     ] GC(10) Using 2 workers of 2 for marking
[3.310s][info][gc,marking  ] GC(10) Concurrent Mark From Roots 12.242ms
[3.310s][info][gc,marking  ] GC(10) Concurrent Preclean
[3.310s][info][gc,marking  ] GC(10) Concurrent Preclean 0.229ms
[3.311s][info][gc,start    ] GC(10) Pause Remark
[3.314s][info][gc          ] GC(10) Pause Remark 38M->38M(97M) 2.931ms
[3.314s][info][gc,cpu      ] GC(10) User=0.01s Sys=0.00s Real=0.01s
[3.314s][info][gc,marking  ] GC(10) Concurrent Mark 16.239ms
[3.314s][info][gc,marking  ] GC(10) Concurrent Rebuild Remembered Sets
[3.321s][info][gc,marking  ] GC(10) Concurrent Rebuild Remembered Sets 6.647ms
[3.321s][info][gc,start    ] GC(10) Pause Cleanup
[3.321s][info][gc          ] GC(10) Pause Cleanup 39M->39M(97M) 0.119ms
[3.321s][info][gc,cpu      ] GC(10) User=0.00s Sys=0.00s Real=0.00s
[3.321s][info][gc,marking  ] GC(10) Concurrent Cleanup for Next Mark
[3.321s][info][gc,marking  ] GC(10) Concurrent Cleanup for Next Mark 0.130ms
[3.321s][info][gc          ] GC(10) Concurrent Mark Cycle 26.964ms
[3.941s][info][gc,start    ] GC(11) Pause Young (Normal) (G1 Evacuation Pause)
[3.941s][info][gc,task     ] GC(11) Using 8 workers of 8 for evacuation
[3.946s][info][gc,phases   ] GC(11)   Pre Evacuate Collection Set: 0.1ms
[3.946s][info][gc,phases   ] GC(11)   Merge Heap Roots: 0.1ms
[3.946s][info][gc,phases   ] GC(11)   Evacuate Collection Set: 4.3ms
[3.946s][info][gc,phases   ] GC(11)   Post Evacuate Collection Set: 0.4ms
[3.946s][info][gc,phases   ] GC(11)   Other: 0.1ms
[3.946s][info][gc,heap     ] GC(11) Eden regions: 35->0(35)
[3.946s][info][gc,heap     ] GC(11) Survivor regions: 6->5(6)
[3.946s][info][gc,heap     ] GC(11) Old regions: 23->26
[3.946s][info][gc,heap     ] GC(11) Archive regions: 2->2
[3.946s][info][gc,heap     ] GC(11) Humongous regions: 9->9
[3.946s][info][gc,metaspace] GC(11) Metaspace: 67192K(67712K)->67192K(67712K) NonClass: 58340K(58624K)->58340K(58624K) Class: 8851K(9088K)->8851K(9088K)
[3.946s][info][gc          ] GC(11) Pause Young (Normal) (G1 Evacuation Pause) 72M->39M(97M) 5.006ms
[3.946s][info][gc,cpu      ] GC(11) User=0.02s Sys=0.00s Real=0.01s
[5.872s][info][gc,start    ] GC(12) Pause Young (Normal) (G1 Evacuation Pause)
[5.873s][info][gc,task     ] GC(12) Using 8 workers of 8 for evacuation
[5.876s][info][gc,phases   ] GC(12)   Pre Evacuate Collection Set: 0.1ms
[5.876s][info][gc,phases   ] GC(12)   Merge Heap Roots: 0.1ms
[5.876s][info][gc,phases   ] GC(12)   Evacuate Collection Set: 2.9ms
[5.876s][info][gc,phases   ] GC(12)   Post Evacuate Collection Set: 0.4ms
[5.876s][info][gc,phases   ] GC(12)   Other: 0.1ms
[5.876s][info][gc,heap     ] GC(12) Eden regions: 35->0(36)
[5.876s][info][gc,heap     ] GC(12) Survivor regions: 5->3(5)
[5.876s][info][gc,heap     ] GC(12) Old regions: 26->28
[5.876s][info][gc,heap     ] GC(12) Archive regions: 2->2
[5.876s][info][gc,heap     ] GC(12) Humongous regions: 14->9
[5.876s][info][gc,metaspace] GC(12) Metaspace: 70182K(70720K)->70182K(70720K) NonClass: 60881K(61184K)->60881K(61184K) Class: 9301K(9536K)->9301K(9536K)
[5.876s][info][gc          ] GC(12) Pause Young (Normal) (G1 Evacuation Pause) 79M->40M(97M) 3.662ms
[5.876s][info][gc,cpu      ] GC(12) User=0.02s Sys=0.00s Real=0.01s
[9.452s][info][gc,start    ] GC(13) Pause Young (Normal) (G1 Evacuation Pause)
[9.452s][info][gc,task     ] GC(13) Using 8 workers of 8 for evacuation
[9.454s][info][gc,phases   ] GC(13)   Pre Evacuate Collection Set: 0.1ms
[9.454s][info][gc,phases   ] GC(13)   Merge Heap Roots: 0.1ms
[9.454s][info][gc,phases   ] GC(13)   Evacuate Collection Set: 1.8ms
[9.454s][info][gc,phases   ] GC(13)   Post Evacuate Collection Set: 0.3ms
[9.454s][info][gc,phases   ] GC(13)   Other: 0.1ms
[9.454s][info][gc,heap     ] GC(13) Eden regions: 36->0(37)
[9.454s][info][gc,heap     ] GC(13) Survivor regions: 3->2(5)
[9.454s][info][gc,heap     ] GC(13) Old regions: 28->30
[9.454s][info][gc,heap     ] GC(13) Archive regions: 2->2
[9.454s][info][gc,heap     ] GC(13) Humongous regions: 9->9
[9.454s][info][gc,metaspace] GC(13) Metaspace: 70443K(70976K)->70443K(70976K) NonClass: 61141K(61440K)->61141K(61440K) Class: 9301K(9536K)->9301K(9536K)
[9.454s][info][gc          ] GC(13) Pause Young (Normal) (G1 Evacuation Pause) 76M->40M(97M) 2.376ms
[9.454s][info][gc,cpu      ] GC(13) User=0.01s Sys=0.00s Real=0.01s
[12.759s][info][gc,start    ] GC(14) Pause Young (Normal) (G1 Evacuation Pause)
[12.759s][info][gc,task     ] GC(14) Using 8 workers of 8 for evacuation
[12.760s][info][gc,phases   ] GC(14)   Pre Evacuate Collection Set: 0.0ms
[12.760s][info][gc,phases   ] GC(14)   Merge Heap Roots: 0.0ms
[12.760s][info][gc,phases   ] GC(14)   Evacuate Collection Set: 0.9ms
[12.760s][info][gc,phases   ] GC(14)   Post Evacuate Collection Set: 0.2ms
[12.760s][info][gc,phases   ] GC(14)   Other: 0.1ms
[12.760s][info][gc,heap     ] GC(14) Eden regions: 37->0(38)
[12.760s][info][gc,heap     ] GC(14) Survivor regions: 2->2(5)
[12.760s][info][gc,heap     ] GC(14) Old regions: 30->30
[12.760s][info][gc,heap     ] GC(14) Archive regions: 2->2
[12.760s][info][gc,heap     ] GC(14) Humongous regions: 9->9
[12.760s][info][gc,metaspace] GC(14) Metaspace: 70544K(71104K)->70544K(71104K) NonClass: 61241K(61568K)->61241K(61568K) Class: 9302K(9536K)->9302K(9536K)
[12.760s][info][gc          ] GC(14) Pause Young (Normal) (G1 Evacuation Pause) 77M->40M(97M) 1.274ms
[12.760s][info][gc,cpu      ] GC(14) User=0.01s Sys=0.00s Real=0.00s
[16.075s][info][gc,start    ] GC(15) Pause Young (Normal) (G1 Evacuation Pause)
[16.075s][info][gc,task     ] GC(15) Using 8 workers of 8 for evacuation
[16.076s][info][gc,phases   ] GC(15)   Pre Evacuate Collection Set: 0.0ms
[16.076s][info][gc,phases   ] GC(15)   Merge Heap Roots: 0.0ms
[16.076s][info][gc,phases   ] GC(15)   Evacuate Collection Set: 0.9ms
[16.076s][info][gc,phases   ] GC(15)   Post Evacuate Collection Set: 0.2ms
[16.076s][info][gc,phases   ] GC(15)   Other: 0.1ms
[16.076s][info][gc,heap     ] GC(15) Eden regions: 38->0(39)
[16.076s][info][gc,heap     ] GC(15) Survivor regions: 2->2(5)
[16.076s][info][gc,heap     ] GC(15) Old regions: 30->30
[16.076s][info][gc,heap     ] GC(15) Archive regions: 2->2
[16.076s][info][gc,heap     ] GC(15) Humongous regions: 9->9
[16.076s][info][gc,metaspace] GC(15) Metaspace: 70557K(71104K)->70557K(71104K) NonClass: 61254K(61568K)->61254K(61568K) Class: 9302K(9536K)->9302K(9536K)
[16.076s][info][gc          ] GC(15) Pause Young (Normal) (G1 Evacuation Pause) 78M->41M(97M) 1.287ms
[16.076s][info][gc,cpu      ] GC(15) User=0.01s Sys=0.00s Real=0.00s
[19.402s][info][gc,start    ] GC(16) Pause Young (Normal) (G1 Evacuation Pause)
[19.402s][info][gc,task     ] GC(16) Using 8 workers of 8 for evacuation
[19.404s][info][gc,phases   ] GC(16)   Pre Evacuate Collection Set: 0.1ms
[19.404s][info][gc,phases   ] GC(16)   Merge Heap Roots: 0.0ms
[19.404s][info][gc,phases   ] GC(16)   Evacuate Collection Set: 1.7ms
[19.404s][info][gc,phases   ] GC(16)   Post Evacuate Collection Set: 0.3ms
[19.404s][info][gc,phases   ] GC(16)   Other: 0.1ms
[19.404s][info][gc,heap     ] GC(16) Eden regions: 39->0(40)
[19.404s][info][gc,heap     ] GC(16) Survivor regions: 2->2(6)
[19.404s][info][gc,heap     ] GC(16) Old regions: 30->30
[19.404s][info][gc,heap     ] GC(16) Archive regions: 2->2
[19.404s][info][gc,heap     ] GC(16) Humongous regions: 9->9
[19.404s][info][gc,metaspace] GC(16) Metaspace: 70848K(71424K)->70848K(71424K) NonClass: 61496K(61760K)->61496K(61760K) Class: 9351K(9664K)->9351K(9664K)
[19.404s][info][gc          ] GC(16) Pause Young (Normal) (G1 Evacuation Pause) 80M->41M(97M) 2.317ms
[19.404s][info][gc,cpu      ] GC(16) User=0.01s Sys=0.00s Real=0.01s
[22.814s][info][gc,start    ] GC(17) Pause Young (Normal) (G1 Evacuation Pause)
[22.814s][info][gc,task     ] GC(17) Using 8 workers of 8 for evacuation
[22.816s][info][gc,phases   ] GC(17)   Pre Evacuate Collection Set: 0.1ms
[22.816s][info][gc,phases   ] GC(17)   Merge Heap Roots: 0.0ms
[22.816s][info][gc,phases   ] GC(17)   Evacuate Collection Set: 1.4ms
[22.816s][info][gc,phases   ] GC(17)   Post Evacuate Collection Set: 0.3ms
[22.816s][info][gc,phases   ] GC(17)   Other: 0.1ms
[22.816s][info][gc,heap     ] GC(17) Eden regions: 40->0(39)
[22.816s][info][gc,heap     ] GC(17) Survivor regions: 2->3(6)
[22.816s][info][gc,heap     ] GC(17) Old regions: 30->30
[22.816s][info][gc,heap     ] GC(17) Archive regions: 2->2
[22.816s][info][gc,heap     ] GC(17) Humongous regions: 9->9
[22.816s][info][gc,metaspace] GC(17) Metaspace: 70867K(71424K)->70867K(71424K) NonClass: 61514K(61760K)->61514K(61760K) Class: 9352K(9664K)->9352K(9664K)
[22.816s][info][gc          ] GC(17) Pause Young (Normal) (G1 Evacuation Pause) 81M->41M(97M) 2.047ms
[22.816s][info][gc,cpu      ] GC(17) User=0.01s Sys=0.00s Real=0.00s
[26.131s][info][gc,start    ] GC(18) Pause Young (Normal) (G1 Evacuation Pause)
[26.131s][info][gc,task     ] GC(18) Using 8 workers of 8 for evacuation
[26.133s][info][gc,phases   ] GC(18)   Pre Evacuate Collection Set: 0.1ms
[26.133s][info][gc,phases   ] GC(18)   Merge Heap Roots: 0.0ms
[26.133s][info][gc,phases   ] GC(18)   Evacuate Collection Set: 1.7ms
[26.133s][info][gc,phases   ] GC(18)   Post Evacuate Collection Set: 0.2ms
[26.133s][info][gc,phases   ] GC(18)   Other: 0.1ms
[26.133s][info][gc,heap     ] GC(18) Eden regions: 39->0(40)
[26.133s][info][gc,heap     ] GC(18) Survivor regions: 3->3(6)
[26.133s][info][gc,heap     ] GC(18) Old regions: 30->30
[26.133s][info][gc,heap     ] GC(18) Archive regions: 2->2
[26.133s][info][gc,heap     ] GC(18) Humongous regions: 9->9
[26.133s][info][gc,metaspace] GC(18) Metaspace: 70876K(71488K)->70876K(71488K) NonClass: 61523K(61824K)->61523K(61824K) Class: 9353K(9664K)->9353K(9664K)
[26.133s][info][gc          ] GC(18) Pause Young (Normal) (G1 Evacuation Pause) 80M->41M(97M) 2.261ms
[26.133s][info][gc,cpu      ] GC(18) User=0.01s Sys=0.00s Real=0.01s
[29.494s][info][gc,start    ] GC(19) Pause Young (Normal) (G1 Evacuation Pause)
[29.494s][info][gc,task     ] GC(19) Using 8 workers of 8 for evacuation
[29.496s][info][gc,phases   ] GC(19)   Pre Evacuate Collection Set: 0.1ms
[29.496s][info][gc,phases   ] GC(19)   Merge Heap Roots: 0.0ms
[29.496s][info][gc,phases   ] GC(19)   Evacuate Collection Set: 1.3ms
[29.496s][info][gc,phases   ] GC(19)   Post Evacuate Collection Set: 0.2ms
[29.496s][info][gc,phases   ] GC(19)   Other: 0.1ms
[29.496s][info][gc,heap     ] GC(19) Eden regions: 40->0(40)
[29.496s][info][gc,heap     ] GC(19) Survivor regions: 3->3(6)
[29.496s][info][gc,heap     ] GC(19) Old regions: 30->30
[29.496s][info][gc,heap     ] GC(19) Archive regions: 2->2
[29.496s][info][gc,heap     ] GC(19) Humongous regions: 9->9
[29.496s][info][gc,metaspace] GC(19) Metaspace: 70887K(71488K)->70887K(71488K) NonClass: 61534K(61824K)->61534K(61824K) Class: 9353K(9664K)->9353K(9664K)
[29.496s][info][gc          ] GC(19) Pause Young (Normal) (G1 Evacuation Pause) 81M->41M(97M) 1.730ms
[29.496s][info][gc,cpu      ] GC(19) User=0.01s Sys=0.00s Real=0.00s
[32.877s][info][gc,start    ] GC(20) Pause Young (Normal) (G1 Evacuation Pause)
[32.877s][info][gc,task     ] GC(20) Using 8 workers of 8 for evacuation
[32.879s][info][gc,phases   ] GC(20)   Pre Evacuate Collection Set: 0.0ms
[32.879s][info][gc,phases   ] GC(20)   Merge Heap Roots: 0.0ms
[32.879s][info][gc,phases   ] GC(20)   Evacuate Collection Set: 1.0ms
[32.879s][info][gc,phases   ] GC(20)   Post Evacuate Collection Set: 0.2ms
[32.879s][info][gc,phases   ] GC(20)   Other: 0.1ms
[32.879s][info][gc,heap     ] GC(20) Eden regions: 40->0(40)
[32.879s][info][gc,heap     ] GC(20) Survivor regions: 3->3(6)
[32.879s][info][gc,heap     ] GC(20) Old regions: 30->30
[32.879s][info][gc,heap     ] GC(20) Archive regions: 2->2
[32.879s][info][gc,heap     ] GC(20) Humongous regions: 9->9
[32.879s][info][gc,metaspace] GC(20) Metaspace: 70892K(71488K)->70892K(71488K) NonClass: 61539K(61824K)->61539K(61824K) Class: 9353K(9664K)->9353K(9664K)
[32.879s][info][gc          ] GC(20) Pause Young (Normal) (G1 Evacuation Pause) 81M->41M(97M) 1.402ms
[32.879s][info][gc,cpu      ] GC(20) User=0.01s Sys=0.00s Real=0.00s
[36.307s][info][gc,start    ] GC(21) Pause Young (Normal) (G1 Evacuation Pause)
[36.307s][info][gc,task     ] GC(21) Using 8 workers of 8 for evacuation
[36.309s][info][gc,phases   ] GC(21)   Pre Evacuate Collection Set: 0.1ms
[36.309s][info][gc,phases   ] GC(21)   Merge Heap Roots: 0.0ms
[36.309s][info][gc,phases   ] GC(21)   Evacuate Collection Set: 1.0ms
[36.309s][info][gc,phases   ] GC(21)   Post Evacuate Collection Set: 0.2ms
[36.309s][info][gc,phases   ] GC(21)   Other: 0.1ms
[36.309s][info][gc,heap     ] GC(21) Eden regions: 40->0(40)
[36.309s][info][gc,heap     ] GC(21) Survivor regions: 3->3(6)
[36.309s][info][gc,heap     ] GC(21) Old regions: 30->30
[36.309s][info][gc,heap     ] GC(21) Archive regions: 2->2
[36.309s][info][gc,heap     ] GC(21) Humongous regions: 9->9
[36.309s][info][gc,metaspace] GC(21) Metaspace: 70903K(71488K)->70903K(71488K) NonClass: 61550K(61824K)->61550K(61824K) Class: 9353K(9664K)->9353K(9664K)
[36.309s][info][gc          ] GC(21) Pause Young (Normal) (G1 Evacuation Pause) 81M->41M(97M) 1.457ms
[36.309s][info][gc,cpu      ] GC(21) User=0.01s Sys=0.00s Real=0.00s
[39.640s][info][gc,start    ] GC(22) Pause Young (Normal) (G1 Evacuation Pause)
[39.640s][info][gc,task     ] GC(22) Using 8 workers of 8 for evacuation
[39.641s][info][gc,phases   ] GC(22)   Pre Evacuate Collection Set: 0.1ms
[39.641s][info][gc,phases   ] GC(22)   Merge Heap Roots: 0.0ms
[39.641s][info][gc,phases   ] GC(22)   Evacuate Collection Set: 1.1ms
[39.641s][info][gc,phases   ] GC(22)   Post Evacuate Collection Set: 0.2ms
[39.641s][info][gc,phases   ] GC(22)   Other: 0.1ms
[39.641s][info][gc,heap     ] GC(22) Eden regions: 40->0(40)
[39.641s][info][gc,heap     ] GC(22) Survivor regions: 3->3(6)
[39.641s][info][gc,heap     ] GC(22) Old regions: 30->30
[39.641s][info][gc,heap     ] GC(22) Archive regions: 2->2
[39.641s][info][gc,heap     ] GC(22) Humongous regions: 9->9
[39.641s][info][gc,metaspace] GC(22) Metaspace: 70908K(71552K)->70908K(71552K) NonClass: 61555K(61888K)->61555K(61888K) Class: 9353K(9664K)->9353K(9664K)
[39.641s][info][gc          ] GC(22) Pause Young (Normal) (G1 Evacuation Pause) 81M->42M(97M) 1.549ms
[39.641s][info][gc,cpu      ] GC(22) User=0.01s Sys=0.00s Real=0.00s
[42.982s][info][gc,start    ] GC(23) Pause Young (Normal) (G1 Evacuation Pause)
[42.982s][info][gc,task     ] GC(23) Using 8 workers of 8 for evacuation
[42.984s][info][gc,phases   ] GC(23)   Pre Evacuate Collection Set: 0.1ms
[42.984s][info][gc,phases   ] GC(23)   Merge Heap Roots: 0.1ms
[42.984s][info][gc,phases   ] GC(23)   Evacuate Collection Set: 1.5ms
[42.984s][info][gc,phases   ] GC(23)   Post Evacuate Collection Set: 0.3ms
[42.984s][info][gc,phases   ] GC(23)   Other: 0.1ms
[42.984s][info][gc,heap     ] GC(23) Eden regions: 40->0(40)
[42.984s][info][gc,heap     ] GC(23) Survivor regions: 3->3(6)
[42.984s][info][gc,heap     ] GC(23) Old regions: 30->30
[42.984s][info][gc,heap     ] GC(23) Archive regions: 2->2
[42.984s][info][gc,heap     ] GC(23) Humongous regions: 9->9
[42.984s][info][gc,metaspace] GC(23) Metaspace: 70915K(71552K)->70915K(71552K) NonClass: 61562K(61888K)->61562K(61888K) Class: 9353K(9664K)->9353K(9664K)
[42.984s][info][gc          ] GC(23) Pause Young (Normal) (G1 Evacuation Pause) 82M->42M(97M) 2.120ms
[42.984s][info][gc,cpu      ] GC(23) User=0.01s Sys=0.00s Real=0.01s
[46.270s][info][gc,start    ] GC(24) Pause Young (Normal) (G1 Evacuation Pause)
[46.270s][info][gc,task     ] GC(24) Using 8 workers of 8 for evacuation
[46.272s][info][gc,phases   ] GC(24)   Pre Evacuate Collection Set: 0.0ms
[46.272s][info][gc,phases   ] GC(24)   Merge Heap Roots: 0.0ms
[46.272s][info][gc,phases   ] GC(24)   Evacuate Collection Set: 1.4ms
[46.272s][info][gc,phases   ] GC(24)   Post Evacuate Collection Set: 0.2ms
[46.272s][info][gc,phases   ] GC(24)   Other: 0.1ms
[46.272s][info][gc,heap     ] GC(24) Eden regions: 40->0(40)
[46.272s][info][gc,heap     ] GC(24) Survivor regions: 3->3(6)
[46.272s][info][gc,heap     ] GC(24) Old regions: 30->30
[46.272s][info][gc,heap     ] GC(24) Archive regions: 2->2
[46.272s][info][gc,heap     ] GC(24) Humongous regions: 9->9
[46.272s][info][gc,metaspace] GC(24) Metaspace: 70919K(71552K)->70919K(71552K) NonClass: 61566K(61888K)->61566K(61888K) Class: 9353K(9664K)->9353K(9664K)
[46.272s][info][gc          ] GC(24) Pause Young (Normal) (G1 Evacuation Pause) 82M->42M(97M) 1.807ms
[46.272s][info][gc,cpu      ] GC(24) User=0.00s Sys=0.00s Real=0.00s
[49.585s][info][gc,start    ] GC(25) Pause Young (Normal) (G1 Evacuation Pause)
[49.585s][info][gc,task     ] GC(25) Using 8 workers of 8 for evacuation
[49.586s][info][gc,phases   ] GC(25)   Pre Evacuate Collection Set: 0.0ms
[49.586s][info][gc,phases   ] GC(25)   Merge Heap Roots: 0.0ms
[49.586s][info][gc,phases   ] GC(25)   Evacuate Collection Set: 1.1ms
[49.586s][info][gc,phases   ] GC(25)   Post Evacuate Collection Set: 0.2ms
[49.586s][info][gc,phases   ] GC(25)   Other: 0.1ms
[49.586s][info][gc,heap     ] GC(25) Eden regions: 40->0(40)
[49.586s][info][gc,heap     ] GC(25) Survivor regions: 3->3(6)
[49.586s][info][gc,heap     ] GC(25) Old regions: 30->30
[49.586s][info][gc,heap     ] GC(25) Archive regions: 2->2
[49.586s][info][gc,heap     ] GC(25) Humongous regions: 9->9
[49.586s][info][gc,metaspace] GC(25) Metaspace: 70927K(71552K)->70927K(71552K) NonClass: 61574K(61888K)->61574K(61888K) Class: 9353K(9664K)->9353K(9664K)
[49.586s][info][gc          ] GC(25) Pause Young (Normal) (G1 Evacuation Pause) 82M->42M(97M) 1.551ms
[49.586s][info][gc,cpu      ] GC(25) User=0.01s Sys=0.00s Real=0.00s
[52.880s][info][gc,start    ] GC(26) Pause Young (Normal) (G1 Evacuation Pause)
[52.880s][info][gc,task     ] GC(26) Using 8 workers of 8 for evacuation
[52.882s][info][gc,phases   ] GC(26)   Pre Evacuate Collection Set: 0.0ms
[52.882s][info][gc,phases   ] GC(26)   Merge Heap Roots: 0.0ms
[52.882s][info][gc,phases   ] GC(26)   Evacuate Collection Set: 1.1ms
[52.882s][info][gc,phases   ] GC(26)   Post Evacuate Collection Set: 0.2ms
[52.882s][info][gc,phases   ] GC(26)   Other: 0.1ms
[52.882s][info][gc,heap     ] GC(26) Eden regions: 40->0(40)
[52.882s][info][gc,heap     ] GC(26) Survivor regions: 3->3(6)
[52.882s][info][gc,heap     ] GC(26) Old regions: 30->30
[52.882s][info][gc,heap     ] GC(26) Archive regions: 2->2
[52.882s][info][gc,heap     ] GC(26) Humongous regions: 9->9
[52.882s][info][gc,metaspace] GC(26) Metaspace: 70935K(71552K)->70935K(71552K) NonClass: 61582K(61888K)->61582K(61888K) Class: 9353K(9664K)->9353K(9664K)
[52.882s][info][gc          ] GC(26) Pause Young (Normal) (G1 Evacuation Pause) 82M->42M(97M) 1.484ms
[52.882s][info][gc,cpu      ] GC(26) User=0.01s Sys=0.01s Real=0.00s
[56.283s][info][gc,start    ] GC(27) Pause Young (Normal) (G1 Evacuation Pause)
[56.283s][info][gc,task     ] GC(27) Using 8 workers of 8 for evacuation
[56.284s][info][gc,phases   ] GC(27)   Pre Evacuate Collection Set: 0.0ms
[56.284s][info][gc,phases   ] GC(27)   Merge Heap Roots: 0.0ms
[56.284s][info][gc,phases   ] GC(27)   Evacuate Collection Set: 1.3ms
[56.284s][info][gc,phases   ] GC(27)   Post Evacuate Collection Set: 0.2ms
[56.284s][info][gc,phases   ] GC(27)   Other: 0.1ms
[56.284s][info][gc,heap     ] GC(27) Eden regions: 40->0(41)
[56.284s][info][gc,heap     ] GC(27) Survivor regions: 3->2(6)
[56.284s][info][gc,heap     ] GC(27) Old regions: 30->31
[56.284s][info][gc,heap     ] GC(27) Archive regions: 2->2
[56.284s][info][gc,heap     ] GC(27) Humongous regions: 9->9
[56.284s][info][gc,metaspace] GC(27) Metaspace: 70969K(71616K)->70969K(71616K) NonClass: 61616K(61952K)->61616K(61952K) Class: 9353K(9664K)->9353K(9664K)
[56.284s][info][gc          ] GC(27) Pause Young (Normal) (G1 Evacuation Pause) 82M->42M(97M) 1.715ms
[56.284s][info][gc,cpu      ] GC(27) User=0.01s Sys=0.01s Real=0.01s
[59.743s][info][gc,start    ] GC(28) Pause Young (Normal) (G1 Evacuation Pause)
[59.743s][info][gc,task     ] GC(28) Using 8 workers of 8 for evacuation
[59.744s][info][gc,phases   ] GC(28)   Pre Evacuate Collection Set: 0.1ms
[59.744s][info][gc,phases   ] GC(28)   Merge Heap Roots: 0.0ms
[59.744s][info][gc,phases   ] GC(28)   Evacuate Collection Set: 1.4ms
[59.744s][info][gc,phases   ] GC(28)   Post Evacuate Collection Set: 0.2ms
[59.744s][info][gc,phases   ] GC(28)   Other: 0.1ms
[59.744s][info][gc,heap     ] GC(28) Eden regions: 41->0(41)
[59.744s][info][gc,heap     ] GC(28) Survivor regions: 2->2(6)
[59.744s][info][gc,heap     ] GC(28) Old regions: 31->31
[59.744s][info][gc,heap     ] GC(28) Archive regions: 2->2
[59.744s][info][gc,heap     ] GC(28) Humongous regions: 9->9
[59.744s][info][gc,metaspace] GC(28) Metaspace: 70975K(71616K)->70975K(71616K) NonClass: 61622K(61952K)->61622K(61952K) Class: 9353K(9664K)->9353K(9664K)
[59.744s][info][gc          ] GC(28) Pause Young (Normal) (G1 Evacuation Pause) 83M->42M(97M) 1.771ms
[59.744s][info][gc,cpu      ] GC(28) User=0.00s Sys=0.00s Real=0.01s
[63.116s][info][gc,start    ] GC(29) Pause Young (Normal) (G1 Evacuation Pause)
[63.116s][info][gc,task     ] GC(29) Using 8 workers of 8 for evacuation
[63.118s][info][gc,phases   ] GC(29)   Pre Evacuate Collection Set: 0.1ms
[63.118s][info][gc,phases   ] GC(29)   Merge Heap Roots: 0.0ms
[63.118s][info][gc,phases   ] GC(29)   Evacuate Collection Set: 0.9ms
[63.118s][info][gc,phases   ] GC(29)   Post Evacuate Collection Set: 0.2ms
[63.118s][info][gc,phases   ] GC(29)   Other: 0.1ms
[63.118s][info][gc,heap     ] GC(29) Eden regions: 41->0(41)
[63.118s][info][gc,heap     ] GC(29) Survivor regions: 2->2(6)
[63.118s][info][gc,heap     ] GC(29) Old regions: 31->31
[63.118s][info][gc,heap     ] GC(29) Archive regions: 2->2
[63.118s][info][gc,heap     ] GC(29) Humongous regions: 9->9
[63.118s][info][gc,metaspace] GC(29) Metaspace: 70979K(71616K)->70979K(71616K) NonClass: 61626K(61952K)->61626K(61952K) Class: 9353K(9664K)->9353K(9664K)
[63.118s][info][gc          ] GC(29) Pause Young (Normal) (G1 Evacuation Pause) 83M->42M(97M) 1.310ms
[63.118s][info][gc,cpu      ] GC(29) User=0.00s Sys=0.00s Real=0.00s
[66.780s][info][gc,start    ] GC(30) Pause Young (Normal) (G1 Evacuation Pause)
[66.780s][info][gc,task     ] GC(30) Using 8 workers of 8 for evacuation
[66.782s][info][gc,phases   ] GC(30)   Pre Evacuate Collection Set: 0.1ms
[66.782s][info][gc,phases   ] GC(30)   Merge Heap Roots: 0.0ms
[66.782s][info][gc,phases   ] GC(30)   Evacuate Collection Set: 1.0ms
[66.782s][info][gc,phases   ] GC(30)   Post Evacuate Collection Set: 0.2ms
[66.782s][info][gc,phases   ] GC(30)   Other: 0.1ms
[66.782s][info][gc,heap     ] GC(30) Eden regions: 41->0(40)
[66.782s][info][gc,heap     ] GC(30) Survivor regions: 2->2(6)
[66.782s][info][gc,heap     ] GC(30) Old regions: 31->32
[66.782s][info][gc,heap     ] GC(30) Archive regions: 2->2
[66.782s][info][gc,heap     ] GC(30) Humongous regions: 9->9
[66.782s][info][gc,metaspace] GC(30) Metaspace: 70988K(71616K)->70988K(71616K) NonClass: 61634K(61952K)->61634K(61952K) Class: 9354K(9664K)->9354K(9664K)
[66.782s][info][gc          ] GC(30) Pause Young (Normal) (G1 Evacuation Pause) 83M->42M(97M) 1.454ms
[66.782s][info][gc,cpu      ] GC(30) User=0.00s Sys=0.00s Real=0.00s
[70.199s][info][gc,start    ] GC(31) Pause Young (Normal) (G1 Evacuation Pause)
[70.199s][info][gc,task     ] GC(31) Using 8 workers of 8 for evacuation
[70.200s][info][gc,phases   ] GC(31)   Pre Evacuate Collection Set: 0.0ms
[70.200s][info][gc,phases   ] GC(31)   Merge Heap Roots: 0.0ms
[70.200s][info][gc,phases   ] GC(31)   Evacuate Collection Set: 0.8ms
[70.200s][info][gc,phases   ] GC(31)   Post Evacuate Collection Set: 0.2ms
[70.200s][info][gc,phases   ] GC(31)   Other: 0.1ms
[70.200s][info][gc,heap     ] GC(31) Eden regions: 40->0(40)
[70.200s][info][gc,heap     ] GC(31) Survivor regions: 2->2(6)
[70.200s][info][gc,heap     ] GC(31) Old regions: 32->32
[70.200s][info][gc,heap     ] GC(31) Archive regions: 2->2
[70.200s][info][gc,heap     ] GC(31) Humongous regions: 9->9
[70.200s][info][gc,metaspace] GC(31) Metaspace: 70995K(71616K)->70995K(71616K) NonClass: 61641K(61952K)->61641K(61952K) Class: 9354K(9664K)->9354K(9664K)
[70.200s][info][gc          ] GC(31) Pause Young (Normal) (G1 Evacuation Pause) 82M->42M(97M) 1.193ms
[70.200s][info][gc,cpu      ] GC(31) User=0.01s Sys=0.00s Real=0.00s
[73.632s][info][gc,start    ] GC(32) Pause Young (Normal) (G1 Evacuation Pause)
[73.632s][info][gc,task     ] GC(32) Using 8 workers of 8 for evacuation
[73.634s][info][gc,phases   ] GC(32)   Pre Evacuate Collection Set: 0.1ms
[73.634s][info][gc,phases   ] GC(32)   Merge Heap Roots: 0.1ms
[73.634s][info][gc,phases   ] GC(32)   Evacuate Collection Set: 1.4ms
[73.634s][info][gc,phases   ] GC(32)   Post Evacuate Collection Set: 0.2ms
[73.634s][info][gc,phases   ] GC(32)   Other: 0.1ms
[73.634s][info][gc,heap     ] GC(32) Eden regions: 40->0(40)
[73.634s][info][gc,heap     ] GC(32) Survivor regions: 2->2(6)
[73.634s][info][gc,heap     ] GC(32) Old regions: 32->32
[73.634s][info][gc,heap     ] GC(32) Archive regions: 2->2
[73.634s][info][gc,heap     ] GC(32) Humongous regions: 9->9
[73.634s][info][gc,metaspace] GC(32) Metaspace: 70996K(71616K)->70996K(71616K) NonClass: 61642K(61952K)->61642K(61952K) Class: 9354K(9664K)->9354K(9664K)
[73.634s][info][gc          ] GC(32) Pause Young (Normal) (G1 Evacuation Pause) 82M->42M(97M) 2.024ms
[73.634s][info][gc,cpu      ] GC(32) User=0.01s Sys=0.00s Real=0.01s
[76.930s][info][gc,start    ] GC(33) Pause Young (Normal) (G1 Evacuation Pause)
[76.930s][info][gc,task     ] GC(33) Using 8 workers of 8 for evacuation
[76.932s][info][gc,phases   ] GC(33)   Pre Evacuate Collection Set: 0.1ms
[76.932s][info][gc,phases   ] GC(33)   Merge Heap Roots: 0.0ms
[76.932s][info][gc,phases   ] GC(33)   Evacuate Collection Set: 0.9ms
[76.932s][info][gc,phases   ] GC(33)   Post Evacuate Collection Set: 0.9ms
[76.932s][info][gc,phases   ] GC(33)   Other: 0.1ms
[76.932s][info][gc,heap     ] GC(33) Eden regions: 40->0(40)
[76.932s][info][gc,heap     ] GC(33) Survivor regions: 2->2(6)
[76.932s][info][gc,heap     ] GC(33) Old regions: 32->32
[76.932s][info][gc,heap     ] GC(33) Archive regions: 2->2
[76.932s][info][gc,heap     ] GC(33) Humongous regions: 9->9
[76.932s][info][gc,metaspace] GC(33) Metaspace: 70997K(71616K)->70997K(71616K) NonClass: 61643K(61952K)->61643K(61952K) Class: 9354K(9664K)->9354K(9664K)
[76.932s][info][gc          ] GC(33) Pause Young (Normal) (G1 Evacuation Pause) 82M->42M(97M) 2.090ms
[76.932s][info][gc,cpu      ] GC(33) User=0.01s Sys=0.00s Real=0.00s
[80.355s][info][gc,start    ] GC(34) Pause Young (Normal) (G1 Evacuation Pause)
[80.355s][info][gc,task     ] GC(34) Using 8 workers of 8 for evacuation
[80.356s][info][gc,phases   ] GC(34)   Pre Evacuate Collection Set: 0.1ms
[80.356s][info][gc,phases   ] GC(34)   Merge Heap Roots: 0.0ms
[80.356s][info][gc,phases   ] GC(34)   Evacuate Collection Set: 0.9ms
[80.356s][info][gc,phases   ] GC(34)   Post Evacuate Collection Set: 0.2ms
[80.356s][info][gc,phases   ] GC(34)   Other: 0.1ms
[80.356s][info][gc,heap     ] GC(34) Eden regions: 40->0(40)
[80.356s][info][gc,heap     ] GC(34) Survivor regions: 2->2(6)
[80.356s][info][gc,heap     ] GC(34) Old regions: 32->32
[80.356s][info][gc,heap     ] GC(34) Archive regions: 2->2
[80.356s][info][gc,heap     ] GC(34) Humongous regions: 9->9
[80.356s][info][gc,metaspace] GC(34) Metaspace: 71002K(71616K)->71002K(71616K) NonClass: 61648K(61952K)->61648K(61952K) Class: 9354K(9664K)->9354K(9664K)
[80.356s][info][gc          ] GC(34) Pause Young (Normal) (G1 Evacuation Pause) 82M->42M(97M) 1.316ms
[80.356s][info][gc,cpu      ] GC(34) User=0.00s Sys=0.01s Real=0.00s
[83.686s][info][gc,start    ] GC(35) Pause Young (Normal) (G1 Evacuation Pause)
[83.686s][info][gc,task     ] GC(35) Using 8 workers of 8 for evacuation
[83.687s][info][gc,phases   ] GC(35)   Pre Evacuate Collection Set: 0.1ms
[83.688s][info][gc,phases   ] GC(35)   Merge Heap Roots: 0.0ms
[83.688s][info][gc,phases   ] GC(35)   Evacuate Collection Set: 0.9ms
[83.688s][info][gc,phases   ] GC(35)   Post Evacuate Collection Set: 0.2ms
[83.688s][info][gc,phases   ] GC(35)   Other: 0.1ms
[83.688s][info][gc,heap     ] GC(35) Eden regions: 40->0(40)
[83.688s][info][gc,heap     ] GC(35) Survivor regions: 2->2(6)
[83.688s][info][gc,heap     ] GC(35) Old regions: 32->32
[83.688s][info][gc,heap     ] GC(35) Archive regions: 2->2
[83.688s][info][gc,heap     ] GC(35) Humongous regions: 9->9
[83.688s][info][gc,metaspace] GC(35) Metaspace: 71004K(71616K)->71004K(71616K) NonClass: 61650K(61952K)->61650K(61952K) Class: 9354K(9664K)->9354K(9664K)
[83.688s][info][gc          ] GC(35) Pause Young (Normal) (G1 Evacuation Pause) 82M->42M(97M) 1.322ms
[83.688s][info][gc,cpu      ] GC(35) User=0.00s Sys=0.00s Real=0.00s
[87.061s][info][gc,start    ] GC(36) Pause Young (Normal) (G1 Evacuation Pause)
[87.061s][info][gc,task     ] GC(36) Using 8 workers of 8 for evacuation
[87.063s][info][gc,phases   ] GC(36)   Pre Evacuate Collection Set: 0.1ms
[87.063s][info][gc,phases   ] GC(36)   Merge Heap Roots: 0.0ms
[87.063s][info][gc,phases   ] GC(36)   Evacuate Collection Set: 1.3ms
[87.063s][info][gc,phases   ] GC(36)   Post Evacuate Collection Set: 0.2ms
[87.063s][info][gc,phases   ] GC(36)   Other: 0.1ms
[87.063s][info][gc,heap     ] GC(36) Eden regions: 40->0(40)
[87.063s][info][gc,heap     ] GC(36) Survivor regions: 2->2(6)
[87.063s][info][gc,heap     ] GC(36) Old regions: 32->32
[87.063s][info][gc,heap     ] GC(36) Archive regions: 2->2
[87.063s][info][gc,heap     ] GC(36) Humongous regions: 9->9
[87.063s][info][gc,metaspace] GC(36) Metaspace: 71008K(71616K)->71008K(71616K) NonClass: 61654K(61952K)->61654K(61952K) Class: 9354K(9664K)->9354K(9664K)
[87.063s][info][gc          ] GC(36) Pause Young (Normal) (G1 Evacuation Pause) 82M->42M(97M) 1.763ms
[87.063s][info][gc,cpu      ] GC(36) User=0.00s Sys=0.00s Real=0.00s
[90.445s][info][gc,start    ] GC(37) Pause Young (Normal) (G1 Evacuation Pause)
[90.445s][info][gc,task     ] GC(37) Using 8 workers of 8 for evacuation
[90.446s][info][gc,phases   ] GC(37)   Pre Evacuate Collection Set: 0.1ms
[90.446s][info][gc,phases   ] GC(37)   Merge Heap Roots: 0.0ms
[90.446s][info][gc,phases   ] GC(37)   Evacuate Collection Set: 1.0ms
[90.446s][info][gc,phases   ] GC(37)   Post Evacuate Collection Set: 0.2ms
[90.446s][info][gc,phases   ] GC(37)   Other: 0.1ms
[90.446s][info][gc,heap     ] GC(37) Eden regions: 40->0(39)
[90.446s][info][gc,heap     ] GC(37) Survivor regions: 2->2(6)
[90.446s][info][gc,heap     ] GC(37) Old regions: 32->33
[90.446s][info][gc,heap     ] GC(37) Archive regions: 2->2
[90.446s][info][gc,heap     ] GC(37) Humongous regions: 9->9
[90.446s][info][gc,metaspace] GC(37) Metaspace: 71012K(71616K)->71012K(71616K) NonClass: 61657K(61952K)->61657K(61952K) Class: 9354K(9664K)->9354K(9664K)
[90.446s][info][gc          ] GC(37) Pause Young (Normal) (G1 Evacuation Pause) 82M->42M(97M) 1.356ms
[90.446s][info][gc,cpu      ] GC(37) User=0.01s Sys=0.00s Real=0.00s
[93.841s][info][gc,start    ] GC(38) Pause Young (Concurrent Start) (G1 Evacuation Pause)
[93.841s][info][gc,task     ] GC(38) Using 8 workers of 8 for evacuation
[93.842s][info][gc,phases   ] GC(38)   Pre Evacuate Collection Set: 0.1ms
[93.842s][info][gc,phases   ] GC(38)   Merge Heap Roots: 0.0ms
[93.842s][info][gc,phases   ] GC(38)   Evacuate Collection Set: 0.9ms
[93.842s][info][gc,phases   ] GC(38)   Post Evacuate Collection Set: 0.2ms
[93.842s][info][gc,phases   ] GC(38)   Other: 0.1ms
[93.842s][info][gc,heap     ] GC(38) Eden regions: 39->0(41)
[93.842s][info][gc,heap     ] GC(38) Survivor regions: 2->1(6)
[93.842s][info][gc,heap     ] GC(38) Old regions: 33->33
[93.842s][info][gc,heap     ] GC(38) Archive regions: 2->2
[93.842s][info][gc,heap     ] GC(38) Humongous regions: 9->9
[93.842s][info][gc,metaspace] GC(38) Metaspace: 71012K(71616K)->71012K(71616K) NonClass: 61657K(61952K)->61657K(61952K) Class: 9354K(9664K)->9354K(9664K)
[93.842s][info][gc          ] GC(38) Pause Young (Concurrent Start) (G1 Evacuation Pause) 81M->42M(97M) 1.416ms
[93.842s][info][gc,cpu      ] GC(38) User=0.00s Sys=0.00s Real=0.00s
[93.842s][info][gc          ] GC(39) Concurrent Mark Cycle
[93.842s][info][gc,marking  ] GC(39) Concurrent Clear Claimed Marks
[93.842s][info][gc,marking  ] GC(39) Concurrent Clear Claimed Marks 0.022ms
[93.842s][info][gc,marking  ] GC(39) Concurrent Scan Root Regions
[93.843s][info][gc,marking  ] GC(39) Concurrent Scan Root Regions 0.836ms
[93.843s][info][gc,marking  ] GC(39) Concurrent Mark
[93.843s][info][gc,marking  ] GC(39) Concurrent Mark From Roots
[93.843s][info][gc,task     ] GC(39) Using 2 workers of 2 for marking
[93.856s][info][gc,marking  ] GC(39) Concurrent Mark From Roots 12.880ms
[93.856s][info][gc,marking  ] GC(39) Concurrent Preclean
[93.856s][info][gc,marking  ] GC(39) Concurrent Preclean 0.150ms
[93.856s][info][gc,start    ] GC(39) Pause Remark
[93.859s][info][gc          ] GC(39) Pause Remark 43M->43M(97M) 2.369ms
[93.859s][info][gc,cpu      ] GC(39) User=0.01s Sys=0.00s Real=0.00s
[93.859s][info][gc,marking  ] GC(39) Concurrent Mark 15.545ms
[93.859s][info][gc,marking  ] GC(39) Concurrent Rebuild Remembered Sets
[93.866s][info][gc,marking  ] GC(39) Concurrent Rebuild Remembered Sets 7.038ms
[93.866s][info][gc,start    ] GC(39) Pause Cleanup
[93.866s][info][gc          ] GC(39) Pause Cleanup 43M->43M(97M) 0.067ms
[93.866s][info][gc,cpu      ] GC(39) User=0.00s Sys=0.00s Real=0.00s
[93.866s][info][gc,marking  ] GC(39) Concurrent Cleanup for Next Mark
[93.866s][info][gc,marking  ] GC(39) Concurrent Cleanup for Next Mark 0.050ms
[93.866s][info][gc          ] GC(39) Concurrent Mark Cycle 23.754ms
[97.561s][info][gc,start    ] GC(40) Pause Young (Normal) (G1 Evacuation Pause)
[97.561s][info][gc,task     ] GC(40) Using 8 workers of 8 for evacuation
[97.563s][info][gc,phases   ] GC(40)   Pre Evacuate Collection Set: 0.1ms
[97.563s][info][gc,phases   ] GC(40)   Merge Heap Roots: 0.1ms
[97.563s][info][gc,phases   ] GC(40)   Evacuate Collection Set: 1.0ms
[97.563s][info][gc,phases   ] GC(40)   Post Evacuate Collection Set: 0.2ms
[97.563s][info][gc,phases   ] GC(40)   Other: 0.1ms
[97.563s][info][gc,heap     ] GC(40) Eden regions: 41->0(41)
[97.563s][info][gc,heap     ] GC(40) Survivor regions: 1->1(6)
[97.563s][info][gc,heap     ] GC(40) Old regions: 33->33
[97.563s][info][gc,heap     ] GC(40) Archive regions: 2->2
[97.563s][info][gc,heap     ] GC(40) Humongous regions: 9->9
[97.563s][info][gc,metaspace] GC(40) Metaspace: 71012K(71616K)->71012K(71616K) NonClass: 61657K(61952K)->61657K(61952K) Class: 9354K(9664K)->9354K(9664K)
[97.563s][info][gc          ] GC(40) Pause Young (Normal) (G1 Evacuation Pause) 83M->43M(97M) 1.405ms
[97.563s][info][gc,cpu      ] GC(40) User=0.01s Sys=0.00s Real=0.00s
[101.057s][info][gc,start    ] GC(41) Pause Young (Concurrent Start) (G1 Evacuation Pause)
[101.057s][info][gc,task     ] GC(41) Using 8 workers of 8 for evacuation
[101.058s][info][gc,phases   ] GC(41)   Pre Evacuate Collection Set: 0.4ms
[101.058s][info][gc,phases   ] GC(41)   Merge Heap Roots: 0.1ms
[101.058s][info][gc,phases   ] GC(41)   Evacuate Collection Set: 0.9ms
[101.058s][info][gc,phases   ] GC(41)   Post Evacuate Collection Set: 0.2ms
[101.058s][info][gc,phases   ] GC(41)   Other: 0.1ms
[101.058s][info][gc,heap     ] GC(41) Eden regions: 41->0(41)
[101.058s][info][gc,heap     ] GC(41) Survivor regions: 1->1(6)
[101.058s][info][gc,heap     ] GC(41) Old regions: 33->33
[101.058s][info][gc,heap     ] GC(41) Archive regions: 2->2
[101.058s][info][gc,heap     ] GC(41) Humongous regions: 9->9
[101.058s][info][gc,metaspace] GC(41) Metaspace: 71012K(71616K)->71012K(71616K) NonClass: 61657K(61952K)->61657K(61952K) Class: 9354K(9664K)->9354K(9664K)
[101.058s][info][gc          ] GC(41) Pause Young (Concurrent Start) (G1 Evacuation Pause) 84M->43M(97M) 1.783ms
[101.058s][info][gc,cpu      ] GC(41) User=0.00s Sys=0.00s Real=0.00s
[101.058s][info][gc          ] GC(42) Concurrent Mark Cycle
[101.058s][info][gc,marking  ] GC(42) Concurrent Clear Claimed Marks
[101.059s][info][gc,marking  ] GC(42) Concurrent Clear Claimed Marks 0.050ms
[101.059s][info][gc,marking  ] GC(42) Concurrent Scan Root Regions
[101.059s][info][gc,marking  ] GC(42) Concurrent Scan Root Regions 0.838ms
[101.059s][info][gc,marking  ] GC(42) Concurrent Mark
[101.059s][info][gc,marking  ] GC(42) Concurrent Mark From Roots
[101.059s][info][gc,task     ] GC(42) Using 2 workers of 2 for marking
[101.073s][info][gc,marking  ] GC(42) Concurrent Mark From Roots 13.494ms
[101.073s][info][gc,marking  ] GC(42) Concurrent Preclean
[101.073s][info][gc,marking  ] GC(42) Concurrent Preclean 0.094ms
[101.073s][info][gc,start    ] GC(42) Pause Remark
[101.075s][info][gc          ] GC(42) Pause Remark 43M->43M(97M) 1.550ms
[101.075s][info][gc,cpu      ] GC(42) User=0.01s Sys=0.00s Real=0.00s
[101.075s][info][gc,marking  ] GC(42) Concurrent Mark 15.265ms
[101.075s][info][gc,marking  ] GC(42) Concurrent Rebuild Remembered Sets
[101.081s][info][gc,marking  ] GC(42) Concurrent Rebuild Remembered Sets 6.551ms
[101.081s][info][gc,start    ] GC(42) Pause Cleanup
[101.081s][info][gc          ] GC(42) Pause Cleanup 43M->43M(97M) 0.062ms
[101.081s][info][gc,cpu      ] GC(42) User=0.00s Sys=0.00s Real=0.00s
[101.081s][info][gc,marking  ] GC(42) Concurrent Cleanup for Next Mark
[101.081s][info][gc,marking  ] GC(42) Concurrent Cleanup for Next Mark 0.051ms
[101.081s][info][gc          ] GC(42) Concurrent Mark Cycle 22.978ms
[104.566s][info][gc,start    ] GC(43) Pause Young (Normal) (G1 Evacuation Pause)
[104.566s][info][gc,task     ] GC(43) Using 8 workers of 8 for evacuation
[104.567s][info][gc,phases   ] GC(43)   Pre Evacuate Collection Set: 0.1ms
[104.567s][info][gc,phases   ] GC(43)   Merge Heap Roots: 0.0ms
[104.567s][info][gc,phases   ] GC(43)   Evacuate Collection Set: 0.7ms
[104.567s][info][gc,phases   ] GC(43)   Post Evacuate Collection Set: 0.2ms
[104.567s][info][gc,phases   ] GC(43)   Other: 0.1ms
[104.567s][info][gc,heap     ] GC(43) Eden regions: 41->0(41)
[104.567s][info][gc,heap     ] GC(43) Survivor regions: 1->1(6)
[104.567s][info][gc,heap     ] GC(43) Old regions: 33->33
[104.567s][info][gc,heap     ] GC(43) Archive regions: 2->2
[104.567s][info][gc,heap     ] GC(43) Humongous regions: 9->9
[104.567s][info][gc,metaspace] GC(43) Metaspace: 71012K(71616K)->71012K(71616K) NonClass: 61657K(61952K)->61657K(61952K) Class: 9354K(9664K)->9354K(9664K)
[104.567s][info][gc          ] GC(43) Pause Young (Normal) (G1 Evacuation Pause) 84M->43M(97M) 1.130ms
[104.567s][info][gc,cpu      ] GC(43) User=0.00s Sys=0.00s Real=0.00s
[108.199s][info][gc,start    ] GC(44) Pause Young (Concurrent Start) (G1 Evacuation Pause)
[108.199s][info][gc,task     ] GC(44) Using 8 workers of 8 for evacuation
[108.200s][info][gc,phases   ] GC(44)   Pre Evacuate Collection Set: 0.1ms
[108.200s][info][gc,phases   ] GC(44)   Merge Heap Roots: 0.0ms
[108.200s][info][gc,phases   ] GC(44)   Evacuate Collection Set: 0.8ms
[108.200s][info][gc,phases   ] GC(44)   Post Evacuate Collection Set: 0.2ms
[108.200s][info][gc,phases   ] GC(44)   Other: 0.1ms
[108.200s][info][gc,heap     ] GC(44) Eden regions: 41->0(41)
[108.200s][info][gc,heap     ] GC(44) Survivor regions: 1->1(6)
[108.200s][info][gc,heap     ] GC(44) Old regions: 33->33
[108.200s][info][gc,heap     ] GC(44) Archive regions: 2->2
[108.200s][info][gc,heap     ] GC(44) Humongous regions: 9->9
[108.200s][info][gc,metaspace] GC(44) Metaspace: 71019K(71616K)->71019K(71616K) NonClass: 61665K(61952K)->61665K(61952K) Class: 9354K(9664K)->9354K(9664K)
[108.200s][info][gc          ] GC(44) Pause Young (Concurrent Start) (G1 Evacuation Pause) 84M->43M(97M) 1.305ms
[108.200s][info][gc,cpu      ] GC(44) User=0.00s Sys=0.00s Real=0.00s
[108.200s][info][gc          ] GC(45) Concurrent Mark Cycle
[108.200s][info][gc,marking  ] GC(45) Concurrent Clear Claimed Marks
[108.200s][info][gc,marking  ] GC(45) Concurrent Clear Claimed Marks 0.026ms
[108.200s][info][gc,marking  ] GC(45) Concurrent Scan Root Regions
[108.201s][info][gc,marking  ] GC(45) Concurrent Scan Root Regions 0.794ms
[108.201s][info][gc,marking  ] GC(45) Concurrent Mark
[108.201s][info][gc,marking  ] GC(45) Concurrent Mark From Roots
[108.201s][info][gc,task     ] GC(45) Using 2 workers of 2 for marking
[108.213s][info][gc,marking  ] GC(45) Concurrent Mark From Roots 11.915ms
[108.213s][info][gc,marking  ] GC(45) Concurrent Preclean
[108.213s][info][gc,marking  ] GC(45) Concurrent Preclean 0.110ms
[108.213s][info][gc,start    ] GC(45) Pause Remark
[108.215s][info][gc          ] GC(45) Pause Remark 43M->43M(97M) 1.774ms
[108.215s][info][gc,cpu      ] GC(45) User=0.01s Sys=0.00s Real=0.00s
[108.215s][info][gc,marking  ] GC(45) Concurrent Mark 13.932ms
[108.215s][info][gc,marking  ] GC(45) Concurrent Rebuild Remembered Sets
[108.224s][info][gc,marking  ] GC(45) Concurrent Rebuild Remembered Sets 9.031ms
[108.224s][info][gc,start    ] GC(45) Pause Cleanup
[108.224s][info][gc          ] GC(45) Pause Cleanup 43M->43M(97M) 0.059ms
[108.224s][info][gc,cpu      ] GC(45) User=0.00s Sys=0.00s Real=0.00s
[108.224s][info][gc,marking  ] GC(45) Concurrent Cleanup for Next Mark
[108.224s][info][gc,marking  ] GC(45) Concurrent Cleanup for Next Mark 0.049ms
[108.224s][info][gc          ] GC(45) Concurrent Mark Cycle 24.063ms
[111.687s][info][gc,start    ] GC(46) Pause Young (Normal) (G1 Evacuation Pause)
[111.687s][info][gc,task     ] GC(46) Using 8 workers of 8 for evacuation
[111.688s][info][gc,phases   ] GC(46)   Pre Evacuate Collection Set: 0.0ms
[111.688s][info][gc,phases   ] GC(46)   Merge Heap Roots: 0.0ms
[111.688s][info][gc,phases   ] GC(46)   Evacuate Collection Set: 0.9ms
[111.688s][info][gc,phases   ] GC(46)   Post Evacuate Collection Set: 0.2ms
[111.688s][info][gc,phases   ] GC(46)   Other: 0.1ms
[111.688s][info][gc,heap     ] GC(46) Eden regions: 41->0(41)
[111.688s][info][gc,heap     ] GC(46) Survivor regions: 1->1(6)
[111.688s][info][gc,heap     ] GC(46) Old regions: 33->33
[111.688s][info][gc,heap     ] GC(46) Archive regions: 2->2
[111.688s][info][gc,heap     ] GC(46) Humongous regions: 9->9
[111.688s][info][gc,metaspace] GC(46) Metaspace: 71019K(71616K)->71019K(71616K) NonClass: 61665K(61952K)->61665K(61952K) Class: 9354K(9664K)->9354K(9664K)
[111.688s][info][gc          ] GC(46) Pause Young (Normal) (G1 Evacuation Pause) 84M->43M(97M) 1.278ms
[111.688s][info][gc,cpu      ] GC(46) User=0.00s Sys=0.00s Real=0.00s
[115.198s][info][gc,start    ] GC(47) Pause Young (Concurrent Start) (G1 Evacuation Pause)
[115.198s][info][gc,task     ] GC(47) Using 8 workers of 8 for evacuation
[115.199s][info][gc,phases   ] GC(47)   Pre Evacuate Collection Set: 0.1ms
[115.199s][info][gc,phases   ] GC(47)   Merge Heap Roots: 0.0ms
[115.199s][info][gc,phases   ] GC(47)   Evacuate Collection Set: 0.7ms
[115.199s][info][gc,phases   ] GC(47)   Post Evacuate Collection Set: 0.1ms
[115.199s][info][gc,phases   ] GC(47)   Other: 0.1ms
[115.199s][info][gc,heap     ] GC(47) Eden regions: 41->0(41)
[115.199s][info][gc,heap     ] GC(47) Survivor regions: 1->1(6)
[115.199s][info][gc,heap     ] GC(47) Old regions: 33->33
[115.199s][info][gc,heap     ] GC(47) Archive regions: 2->2
[115.199s][info][gc,heap     ] GC(47) Humongous regions: 9->9
[115.199s][info][gc,metaspace] GC(47) Metaspace: 71020K(71616K)->71020K(71616K) NonClass: 61665K(61952K)->61665K(61952K) Class: 9354K(9664K)->9354K(9664K)
[115.199s][info][gc          ] GC(47) Pause Young (Concurrent Start) (G1 Evacuation Pause) 84M->43M(97M) 1.143ms
[115.199s][info][gc,cpu      ] GC(47) User=0.01s Sys=0.00s Real=0.00s
[115.199s][info][gc          ] GC(48) Concurrent Mark Cycle
[115.199s][info][gc,marking  ] GC(48) Concurrent Clear Claimed Marks
[115.199s][info][gc,marking  ] GC(48) Concurrent Clear Claimed Marks 0.019ms
[115.199s][info][gc,marking  ] GC(48) Concurrent Scan Root Regions
[115.200s][info][gc,marking  ] GC(48) Concurrent Scan Root Regions 0.777ms
[115.200s][info][gc,marking  ] GC(48) Concurrent Mark
[115.200s][info][gc,marking  ] GC(48) Concurrent Mark From Roots
[115.200s][info][gc,task     ] GC(48) Using 2 workers of 2 for marking
[115.212s][info][gc,marking  ] GC(48) Concurrent Mark From Roots 12.353ms
[115.212s][info][gc,marking  ] GC(48) Concurrent Preclean
[115.213s][info][gc,marking  ] GC(48) Concurrent Preclean 0.132ms
[115.213s][info][gc,start    ] GC(48) Pause Remark
[115.215s][info][gc          ] GC(48) Pause Remark 43M->43M(97M) 1.980ms
[115.215s][info][gc,cpu      ] GC(48) User=0.01s Sys=0.00s Real=0.01s
[115.215s][info][gc,marking  ] GC(48) Concurrent Mark 14.590ms
[115.215s][info][gc,marking  ] GC(48) Concurrent Rebuild Remembered Sets
[115.221s][info][gc,marking  ] GC(48) Concurrent Rebuild Remembered Sets 6.254ms
[115.221s][info][gc,start    ] GC(48) Pause Cleanup
[115.221s][info][gc          ] GC(48) Pause Cleanup 43M->43M(97M) 0.054ms
[115.221s][info][gc,cpu      ] GC(48) User=0.00s Sys=0.00s Real=0.00s
[115.221s][info][gc,marking  ] GC(48) Concurrent Cleanup for Next Mark
[115.221s][info][gc,marking  ] GC(48) Concurrent Cleanup for Next Mark 0.052ms
[115.221s][info][gc          ] GC(48) Concurrent Mark Cycle 21.903ms
[118.745s][info][gc,start    ] GC(49) Pause Young (Normal) (G1 Evacuation Pause)
[118.745s][info][gc,task     ] GC(49) Using 8 workers of 8 for evacuation
[118.746s][info][gc,phases   ] GC(49)   Pre Evacuate Collection Set: 0.1ms
[118.746s][info][gc,phases   ] GC(49)   Merge Heap Roots: 0.0ms
[118.746s][info][gc,phases   ] GC(49)   Evacuate Collection Set: 0.8ms
[118.746s][info][gc,phases   ] GC(49)   Post Evacuate Collection Set: 0.2ms
[118.746s][info][gc,phases   ] GC(49)   Other: 0.1ms
[118.746s][info][gc,heap     ] GC(49) Eden regions: 41->0(41)
[118.746s][info][gc,heap     ] GC(49) Survivor regions: 1->1(6)
[118.746s][info][gc,heap     ] GC(49) Old regions: 33->33
[118.746s][info][gc,heap     ] GC(49) Archive regions: 2->2
[118.746s][info][gc,heap     ] GC(49) Humongous regions: 9->9
[118.746s][info][gc,metaspace] GC(49) Metaspace: 71020K(71616K)->71020K(71616K) NonClass: 61665K(61952K)->61665K(61952K) Class: 9354K(9664K)->9354K(9664K)
[118.746s][info][gc          ] GC(49) Pause Young (Normal) (G1 Evacuation Pause) 84M->43M(97M) 1.306ms
[118.746s][info][gc,cpu      ] GC(49) User=0.00s Sys=0.00s Real=0.00s
[122.218s][info][gc,start    ] GC(50) Pause Young (Concurrent Start) (G1 Evacuation Pause)
[122.218s][info][gc,task     ] GC(50) Using 8 workers of 8 for evacuation
[122.219s][info][gc,phases   ] GC(50)   Pre Evacuate Collection Set: 0.1ms
[122.219s][info][gc,phases   ] GC(50)   Merge Heap Roots: 0.0ms
[122.219s][info][gc,phases   ] GC(50)   Evacuate Collection Set: 0.7ms
[122.219s][info][gc,phases   ] GC(50)   Post Evacuate Collection Set: 0.2ms
[122.219s][info][gc,phases   ] GC(50)   Other: 0.1ms
[122.219s][info][gc,heap     ] GC(50) Eden regions: 41->0(41)
[122.219s][info][gc,heap     ] GC(50) Survivor regions: 1->1(6)
[122.219s][info][gc,heap     ] GC(50) Old regions: 33->33
[122.219s][info][gc,heap     ] GC(50) Archive regions: 2->2
[122.219s][info][gc,heap     ] GC(50) Humongous regions: 9->9
[122.219s][info][gc,metaspace] GC(50) Metaspace: 71020K(71616K)->71020K(71616K) NonClass: 61665K(61952K)->61665K(61952K) Class: 9354K(9664K)->9354K(9664K)
[122.219s][info][gc          ] GC(50) Pause Young (Concurrent Start) (G1 Evacuation Pause) 84M->43M(97M) 1.113ms
[122.219s][info][gc,cpu      ] GC(50) User=0.00s Sys=0.00s Real=0.00s
[122.219s][info][gc          ] GC(51) Concurrent Mark Cycle
[122.219s][info][gc,marking  ] GC(51) Concurrent Clear Claimed Marks
[122.219s][info][gc,marking  ] GC(51) Concurrent Clear Claimed Marks 0.018ms
[122.219s][info][gc,marking  ] GC(51) Concurrent Scan Root Regions
[122.220s][info][gc,marking  ] GC(51) Concurrent Scan Root Regions 0.745ms
[122.220s][info][gc,marking  ] GC(51) Concurrent Mark
[122.220s][info][gc,marking  ] GC(51) Concurrent Mark From Roots
[122.220s][info][gc,task     ] GC(51) Using 2 workers of 2 for marking
[122.231s][info][gc,marking  ] GC(51) Concurrent Mark From Roots 11.533ms
[122.231s][info][gc,marking  ] GC(51) Concurrent Preclean
[122.232s][info][gc,marking  ] GC(51) Concurrent Preclean 0.088ms
[122.232s][info][gc,start    ] GC(51) Pause Remark
[122.233s][info][gc          ] GC(51) Pause Remark 44M->44M(97M) 1.564ms
[122.233s][info][gc,cpu      ] GC(51) User=0.01s Sys=0.00s Real=0.01s
[122.233s][info][gc,marking  ] GC(51) Concurrent Mark 13.312ms
[122.233s][info][gc,marking  ] GC(51) Concurrent Rebuild Remembered Sets
[122.239s][info][gc,marking  ] GC(51) Concurrent Rebuild Remembered Sets 5.664ms
[122.239s][info][gc,start    ] GC(51) Pause Cleanup
[122.239s][info][gc          ] GC(51) Pause Cleanup 44M->44M(97M) 0.060ms
[122.239s][info][gc,cpu      ] GC(51) User=0.00s Sys=0.00s Real=0.00s
[122.239s][info][gc,marking  ] GC(51) Concurrent Cleanup for Next Mark
[122.239s][info][gc,marking  ] GC(51) Concurrent Cleanup for Next Mark 0.042ms
[122.239s][info][gc          ] GC(51) Concurrent Mark Cycle 19.975ms
[125.645s][info][gc,start    ] GC(52) Pause Young (Normal) (G1 Evacuation Pause)
[125.645s][info][gc,task     ] GC(52) Using 8 workers of 8 for evacuation
[125.646s][info][gc,phases   ] GC(52)   Pre Evacuate Collection Set: 0.1ms
[125.646s][info][gc,phases   ] GC(52)   Merge Heap Roots: 0.0ms
[125.646s][info][gc,phases   ] GC(52)   Evacuate Collection Set: 0.7ms
[125.646s][info][gc,phases   ] GC(52)   Post Evacuate Collection Set: 0.1ms
[125.646s][info][gc,phases   ] GC(52)   Other: 0.1ms
[125.646s][info][gc,heap     ] GC(52) Eden regions: 41->0(41)
[125.646s][info][gc,heap     ] GC(52) Survivor regions: 1->1(6)
[125.646s][info][gc,heap     ] GC(52) Old regions: 33->33
[125.646s][info][gc,heap     ] GC(52) Archive regions: 2->2
[125.646s][info][gc,heap     ] GC(52) Humongous regions: 9->9
[125.646s][info][gc,metaspace] GC(52) Metaspace: 71020K(71616K)->71020K(71616K) NonClass: 61665K(61952K)->61665K(61952K) Class: 9354K(9664K)->9354K(9664K)
[125.646s][info][gc          ] GC(52) Pause Young (Normal) (G1 Evacuation Pause) 84M->43M(97M) 1.036ms
[125.646s][info][gc,cpu      ] GC(52) User=0.00s Sys=0.00s Real=0.00s
[129.130s][info][gc,start    ] GC(53) Pause Young (Concurrent Start) (G1 Evacuation Pause)
[129.130s][info][gc,task     ] GC(53) Using 8 workers of 8 for evacuation
[129.131s][info][gc,phases   ] GC(53)   Pre Evacuate Collection Set: 0.1ms
[129.131s][info][gc,phases   ] GC(53)   Merge Heap Roots: 0.0ms
[129.131s][info][gc,phases   ] GC(53)   Evacuate Collection Set: 0.7ms
[129.131s][info][gc,phases   ] GC(53)   Post Evacuate Collection Set: 0.2ms
[129.131s][info][gc,phases   ] GC(53)   Other: 0.1ms
[129.131s][info][gc,heap     ] GC(53) Eden regions: 41->0(41)
[129.131s][info][gc,heap     ] GC(53) Survivor regions: 1->1(6)
[129.131s][info][gc,heap     ] GC(53) Old regions: 33->33
[129.131s][info][gc,heap     ] GC(53) Archive regions: 2->2
[129.131s][info][gc,heap     ] GC(53) Humongous regions: 9->9
[129.131s][info][gc,metaspace] GC(53) Metaspace: 71020K(71616K)->71020K(71616K) NonClass: 61665K(61952K)->61665K(61952K) Class: 9354K(9664K)->9354K(9664K)
[129.131s][info][gc          ] GC(53) Pause Young (Concurrent Start) (G1 Evacuation Pause) 84M->43M(97M) 1.118ms
[129.131s][info][gc,cpu      ] GC(53) User=0.01s Sys=0.00s Real=0.00s
[129.131s][info][gc          ] GC(54) Concurrent Mark Cycle
[129.131s][info][gc,marking  ] GC(54) Concurrent Clear Claimed Marks
[129.131s][info][gc,marking  ] GC(54) Concurrent Clear Claimed Marks 0.021ms
[129.131s][info][gc,marking  ] GC(54) Concurrent Scan Root Regions
[129.132s][info][gc,marking  ] GC(54) Concurrent Scan Root Regions 0.720ms
[129.132s][info][gc,marking  ] GC(54) Concurrent Mark
[129.132s][info][gc,marking  ] GC(54) Concurrent Mark From Roots
[129.132s][info][gc,task     ] GC(54) Using 2 workers of 2 for marking
[129.144s][info][gc,marking  ] GC(54) Concurrent Mark From Roots 12.640ms
[129.144s][info][gc,marking  ] GC(54) Concurrent Preclean
[129.144s][info][gc,marking  ] GC(54) Concurrent Preclean 0.111ms
[129.145s][info][gc,start    ] GC(54) Pause Remark
[129.146s][info][gc          ] GC(54) Pause Remark 44M->44M(97M) 1.420ms
[129.146s][info][gc,cpu      ] GC(54) User=0.01s Sys=0.00s Real=0.00s
[129.146s][info][gc,marking  ] GC(54) Concurrent Mark 14.310ms
[129.146s][info][gc,marking  ] GC(54) Concurrent Rebuild Remembered Sets
[129.152s][info][gc,marking  ] GC(54) Concurrent Rebuild Remembered Sets 5.970ms
[129.152s][info][gc,start    ] GC(54) Pause Cleanup
[129.152s][info][gc          ] GC(54) Pause Cleanup 44M->44M(97M) 0.055ms
[129.152s][info][gc,cpu      ] GC(54) User=0.00s Sys=0.00s Real=0.00s
[129.152s][info][gc,marking  ] GC(54) Concurrent Cleanup for Next Mark
[129.152s][info][gc,marking  ] GC(54) Concurrent Cleanup for Next Mark 0.044ms
[129.152s][info][gc          ] GC(54) Concurrent Mark Cycle 21.269ms
[132.619s][info][gc,start    ] GC(55) Pause Young (Normal) (G1 Evacuation Pause)
[132.619s][info][gc,task     ] GC(55) Using 8 workers of 8 for evacuation
[132.620s][info][gc,phases   ] GC(55)   Pre Evacuate Collection Set: 0.0ms
[132.620s][info][gc,phases   ] GC(55)   Merge Heap Roots: 0.0ms
[132.620s][info][gc,phases   ] GC(55)   Evacuate Collection Set: 0.7ms
[132.620s][info][gc,phases   ] GC(55)   Post Evacuate Collection Set: 0.2ms
[132.620s][info][gc,phases   ] GC(55)   Other: 0.1ms
[132.620s][info][gc,heap     ] GC(55) Eden regions: 41->0(41)
[132.620s][info][gc,heap     ] GC(55) Survivor regions: 1->1(6)
[132.620s][info][gc,heap     ] GC(55) Old regions: 33->33
[132.620s][info][gc,heap     ] GC(55) Archive regions: 2->2
[132.620s][info][gc,heap     ] GC(55) Humongous regions: 9->9
[132.620s][info][gc,metaspace] GC(55) Metaspace: 71020K(71616K)->71020K(71616K) NonClass: 61666K(61952K)->61666K(61952K) Class: 9354K(9664K)->9354K(9664K)
[132.620s][info][gc          ] GC(55) Pause Young (Normal) (G1 Evacuation Pause) 84M->43M(97M) 1.050ms
[132.620s][info][gc,cpu      ] GC(55) User=0.01s Sys=0.00s Real=0.00s
[136.131s][info][gc,start    ] GC(56) Pause Young (Concurrent Start) (G1 Evacuation Pause)
[136.131s][info][gc,task     ] GC(56) Using 8 workers of 8 for evacuation
[136.132s][info][gc,phases   ] GC(56)   Pre Evacuate Collection Set: 0.1ms
[136.132s][info][gc,phases   ] GC(56)   Merge Heap Roots: 0.0ms
[136.132s][info][gc,phases   ] GC(56)   Evacuate Collection Set: 0.7ms
[136.132s][info][gc,phases   ] GC(56)   Post Evacuate Collection Set: 0.1ms
[136.132s][info][gc,phases   ] GC(56)   Other: 0.1ms
[136.132s][info][gc,heap     ] GC(56) Eden regions: 41->0(41)
[136.132s][info][gc,heap     ] GC(56) Survivor regions: 1->1(6)
[136.132s][info][gc,heap     ] GC(56) Old regions: 33->33
[136.132s][info][gc,heap     ] GC(56) Archive regions: 2->2
[136.132s][info][gc,heap     ] GC(56) Humongous regions: 9->9
[136.132s][info][gc,metaspace] GC(56) Metaspace: 71020K(71616K)->71020K(71616K) NonClass: 61666K(61952K)->61666K(61952K) Class: 9354K(9664K)->9354K(9664K)
[136.132s][info][gc          ] GC(56) Pause Young (Concurrent Start) (G1 Evacuation Pause) 84M->43M(97M) 1.116ms
[136.132s][info][gc,cpu      ] GC(56) User=0.00s Sys=0.00s Real=0.00s
[136.132s][info][gc          ] GC(57) Concurrent Mark Cycle
[136.132s][info][gc,marking  ] GC(57) Concurrent Clear Claimed Marks
[136.132s][info][gc,marking  ] GC(57) Concurrent Clear Claimed Marks 0.022ms
[136.132s][info][gc,marking  ] GC(57) Concurrent Scan Root Regions
[136.133s][info][gc,marking  ] GC(57) Concurrent Scan Root Regions 0.696ms
[136.133s][info][gc,marking  ] GC(57) Concurrent Mark
[136.133s][info][gc,marking  ] GC(57) Concurrent Mark From Roots
[136.133s][info][gc,task     ] GC(57) Using 2 workers of 2 for marking
[136.144s][info][gc,marking  ] GC(57) Concurrent Mark From Roots 10.758ms
[136.144s][info][gc,marking  ] GC(57) Concurrent Preclean
[136.144s][info][gc,marking  ] GC(57) Concurrent Preclean 0.091ms
[136.144s][info][gc,start    ] GC(57) Pause Remark
[136.146s][info][gc          ] GC(57) Pause Remark 44M->44M(97M) 1.528ms
[136.146s][info][gc,cpu      ] GC(57) User=0.01s Sys=0.00s Real=0.00s
[136.146s][info][gc,marking  ] GC(57) Concurrent Mark 12.497ms
[136.146s][info][gc,marking  ] GC(57) Concurrent Rebuild Remembered Sets
[136.152s][info][gc,marking  ] GC(57) Concurrent Rebuild Remembered Sets 5.989ms
[136.152s][info][gc,start    ] GC(57) Pause Cleanup
[136.152s][info][gc          ] GC(57) Pause Cleanup 44M->44M(97M) 0.073ms
[136.152s][info][gc,cpu      ] GC(57) User=0.00s Sys=0.00s Real=0.00s
[136.152s][info][gc,marking  ] GC(57) Concurrent Cleanup for Next Mark
[136.152s][info][gc,marking  ] GC(57) Concurrent Cleanup for Next Mark 0.047ms
[136.152s][info][gc          ] GC(57) Concurrent Mark Cycle 19.546ms
[139.696s][info][gc,start    ] GC(58) Pause Young (Normal) (G1 Evacuation Pause)
[139.696s][info][gc,task     ] GC(58) Using 8 workers of 8 for evacuation
[139.697s][info][gc,phases   ] GC(58)   Pre Evacuate Collection Set: 0.1ms
[139.697s][info][gc,phases   ] GC(58)   Merge Heap Roots: 0.0ms
[139.697s][info][gc,phases   ] GC(58)   Evacuate Collection Set: 0.9ms
[139.697s][info][gc,phases   ] GC(58)   Post Evacuate Collection Set: 0.2ms
[139.697s][info][gc,phases   ] GC(58)   Other: 0.1ms
[139.697s][info][gc,heap     ] GC(58) Eden regions: 41->0(41)
[139.697s][info][gc,heap     ] GC(58) Survivor regions: 1->1(6)
[139.697s][info][gc,heap     ] GC(58) Old regions: 33->33
[139.697s][info][gc,heap     ] GC(58) Archive regions: 2->2
[139.697s][info][gc,heap     ] GC(58) Humongous regions: 9->9
[139.697s][info][gc,metaspace] GC(58) Metaspace: 71024K(71616K)->71024K(71616K) NonClass: 61670K(61952K)->61670K(61952K) Class: 9354K(9664K)->9354K(9664K)
[139.697s][info][gc          ] GC(58) Pause Young (Normal) (G1 Evacuation Pause) 84M->43M(97M) 1.355ms
[139.697s][info][gc,cpu      ] GC(58) User=0.01s Sys=0.00s Real=0.00s
[143.154s][info][gc,start    ] GC(59) Pause Young (Concurrent Start) (G1 Evacuation Pause)
[143.154s][info][gc,task     ] GC(59) Using 8 workers of 8 for evacuation
[143.155s][info][gc,phases   ] GC(59)   Pre Evacuate Collection Set: 0.1ms
[143.155s][info][gc,phases   ] GC(59)   Merge Heap Roots: 0.0ms
[143.155s][info][gc,phases   ] GC(59)   Evacuate Collection Set: 0.7ms
[143.155s][info][gc,phases   ] GC(59)   Post Evacuate Collection Set: 0.1ms
[143.155s][info][gc,phases   ] GC(59)   Other: 0.1ms
[143.155s][info][gc,heap     ] GC(59) Eden regions: 41->0(40)
[143.155s][info][gc,heap     ] GC(59) Survivor regions: 1->1(6)
[143.155s][info][gc,heap     ] GC(59) Old regions: 33->34
[143.155s][info][gc,heap     ] GC(59) Archive regions: 2->2
[143.155s][info][gc,heap     ] GC(59) Humongous regions: 9->9
[143.155s][info][gc,metaspace] GC(59) Metaspace: 71024K(71616K)->71024K(71616K) NonClass: 61670K(61952K)->61670K(61952K) Class: 9354K(9664K)->9354K(9664K)
[143.155s][info][gc          ] GC(59) Pause Young (Concurrent Start) (G1 Evacuation Pause) 84M->43M(97M) 1.144ms
[143.155s][info][gc,cpu      ] GC(59) User=0.01s Sys=0.00s Real=0.00s
[143.155s][info][gc          ] GC(60) Concurrent Mark Cycle
[143.155s][info][gc,marking  ] GC(60) Concurrent Clear Claimed Marks
[143.155s][info][gc,marking  ] GC(60) Concurrent Clear Claimed Marks 0.020ms
[143.155s][info][gc,marking  ] GC(60) Concurrent Scan Root Regions
[143.157s][info][gc,marking  ] GC(60) Concurrent Scan Root Regions 1.491ms
[143.157s][info][gc,marking  ] GC(60) Concurrent Mark
[143.157s][info][gc,marking  ] GC(60) Concurrent Mark From Roots
[143.157s][info][gc,task     ] GC(60) Using 2 workers of 2 for marking
[143.169s][info][gc,marking  ] GC(60) Concurrent Mark From Roots 12.061ms
[143.169s][info][gc,marking  ] GC(60) Concurrent Preclean
[143.169s][info][gc,marking  ] GC(60) Concurrent Preclean 0.141ms
[143.169s][info][gc,start    ] GC(60) Pause Remark
[143.171s][info][gc          ] GC(60) Pause Remark 44M->44M(97M) 1.591ms
[143.171s][info][gc,cpu      ] GC(60) User=0.01s Sys=0.00s Real=0.00s
[143.171s][info][gc,marking  ] GC(60) Concurrent Mark 13.927ms
[143.171s][info][gc,marking  ] GC(60) Concurrent Rebuild Remembered Sets
[143.177s][info][gc,marking  ] GC(60) Concurrent Rebuild Remembered Sets 6.113ms
[143.177s][info][gc,start    ] GC(60) Pause Cleanup
[143.177s][info][gc          ] GC(60) Pause Cleanup 44M->44M(97M) 0.059ms
[143.177s][info][gc,cpu      ] GC(60) User=0.00s Sys=0.00s Real=0.00s
[143.177s][info][gc,marking  ] GC(60) Concurrent Cleanup for Next Mark
[143.177s][info][gc,marking  ] GC(60) Concurrent Cleanup for Next Mark 0.055ms
[143.177s][info][gc          ] GC(60) Concurrent Mark Cycle 21.818ms
[146.572s][info][gc,start    ] GC(61) Pause Young (Normal) (G1 Evacuation Pause)
[146.572s][info][gc,task     ] GC(61) Using 8 workers of 8 for evacuation
[146.573s][info][gc,phases   ] GC(61)   Pre Evacuate Collection Set: 0.1ms
[146.573s][info][gc,phases   ] GC(61)   Merge Heap Roots: 0.0ms
[146.573s][info][gc,phases   ] GC(61)   Evacuate Collection Set: 0.6ms
[146.573s][info][gc,phases   ] GC(61)   Post Evacuate Collection Set: 0.1ms
[146.573s][info][gc,phases   ] GC(61)   Other: 0.1ms
[146.573s][info][gc,heap     ] GC(61) Eden regions: 40->0(40)
[146.573s][info][gc,heap     ] GC(61) Survivor regions: 1->1(6)
[146.573s][info][gc,heap     ] GC(61) Old regions: 34->34
[146.573s][info][gc,heap     ] GC(61) Archive regions: 2->2
[146.573s][info][gc,heap     ] GC(61) Humongous regions: 9->9
[146.573s][info][gc,metaspace] GC(61) Metaspace: 71024K(71616K)->71024K(71616K) NonClass: 61670K(61952K)->61670K(61952K) Class: 9354K(9664K)->9354K(9664K)
[146.573s][info][gc          ] GC(61) Pause Young (Normal) (G1 Evacuation Pause) 83M->43M(97M) 1.004ms
[146.573s][info][gc,cpu      ] GC(61) User=0.00s Sys=0.00s Real=0.01s
[149.967s][info][gc,start    ] GC(62) Pause Young (Concurrent Start) (G1 Evacuation Pause)
[149.967s][info][gc,task     ] GC(62) Using 8 workers of 8 for evacuation
[149.968s][info][gc,phases   ] GC(62)   Pre Evacuate Collection Set: 0.1ms
[149.968s][info][gc,phases   ] GC(62)   Merge Heap Roots: 0.0ms
[149.968s][info][gc,phases   ] GC(62)   Evacuate Collection Set: 0.7ms
[149.968s][info][gc,phases   ] GC(62)   Post Evacuate Collection Set: 0.1ms
[149.968s][info][gc,phases   ] GC(62)   Other: 0.1ms
[149.968s][info][gc,heap     ] GC(62) Eden regions: 40->0(40)
[149.968s][info][gc,heap     ] GC(62) Survivor regions: 1->1(6)
[149.968s][info][gc,heap     ] GC(62) Old regions: 34->34
[149.968s][info][gc,heap     ] GC(62) Archive regions: 2->2
[149.968s][info][gc,heap     ] GC(62) Humongous regions: 9->9
[149.968s][info][gc,metaspace] GC(62) Metaspace: 71030K(71616K)->71030K(71616K) NonClass: 61675K(61952K)->61675K(61952K) Class: 9355K(9664K)->9355K(9664K)
[149.968s][info][gc          ] GC(62) Pause Young (Concurrent Start) (G1 Evacuation Pause) 83M->43M(97M) 1.119ms
[149.968s][info][gc,cpu      ] GC(62) User=0.00s Sys=0.00s Real=0.00s
[149.968s][info][gc          ] GC(63) Concurrent Mark Cycle
[149.968s][info][gc,marking  ] GC(63) Concurrent Clear Claimed Marks
[149.969s][info][gc,marking  ] GC(63) Concurrent Clear Claimed Marks 0.026ms
[149.969s][info][gc,marking  ] GC(63) Concurrent Scan Root Regions
[149.969s][info][gc,marking  ] GC(63) Concurrent Scan Root Regions 0.716ms
[149.969s][info][gc,marking  ] GC(63) Concurrent Mark
[149.969s][info][gc,marking  ] GC(63) Concurrent Mark From Roots
[149.969s][info][gc,task     ] GC(63) Using 2 workers of 2 for marking
[149.981s][info][gc,marking  ] GC(63) Concurrent Mark From Roots 11.814ms
[149.981s][info][gc,marking  ] GC(63) Concurrent Preclean
[149.981s][info][gc,marking  ] GC(63) Concurrent Preclean 0.129ms
[149.981s][info][gc,start    ] GC(63) Pause Remark
[149.983s][info][gc          ] GC(63) Pause Remark 44M->44M(97M) 1.455ms
[149.983s][info][gc,cpu      ] GC(63) User=0.01s Sys=0.00s Real=0.00s
[149.983s][info][gc,marking  ] GC(63) Concurrent Mark 13.541ms
[149.983s][info][gc,marking  ] GC(63) Concurrent Rebuild Remembered Sets
[149.989s][info][gc,marking  ] GC(63) Concurrent Rebuild Remembered Sets 5.704ms
[149.989s][info][gc,start    ] GC(63) Pause Cleanup
[149.989s][info][gc          ] GC(63) Pause Cleanup 44M->44M(97M) 0.054ms
[149.989s][info][gc,cpu      ] GC(63) User=0.00s Sys=0.00s Real=0.00s
[149.989s][info][gc,marking  ] GC(63) Concurrent Cleanup for Next Mark
[149.989s][info][gc,marking  ] GC(63) Concurrent Cleanup for Next Mark 0.067ms
[149.989s][info][gc          ] GC(63) Concurrent Mark Cycle 20.254ms
[153.420s][info][gc,start    ] GC(64) Pause Young (Normal) (G1 Evacuation Pause)
[153.420s][info][gc,task     ] GC(64) Using 8 workers of 8 for evacuation
[153.421s][info][gc,phases   ] GC(64)   Pre Evacuate Collection Set: 0.1ms
[153.421s][info][gc,phases   ] GC(64)   Merge Heap Roots: 0.0ms
[153.421s][info][gc,phases   ] GC(64)   Evacuate Collection Set: 0.6ms
[153.421s][info][gc,phases   ] GC(64)   Post Evacuate Collection Set: 0.2ms
[153.421s][info][gc,phases   ] GC(64)   Other: 0.1ms
[153.421s][info][gc,heap     ] GC(64) Eden regions: 40->0(40)
[153.421s][info][gc,heap     ] GC(64) Survivor regions: 1->1(6)
[153.421s][info][gc,heap     ] GC(64) Old regions: 34->34
[153.421s][info][gc,heap     ] GC(64) Archive regions: 2->2
[153.421s][info][gc,heap     ] GC(64) Humongous regions: 9->9
[153.421s][info][gc,metaspace] GC(64) Metaspace: 71030K(71616K)->71030K(71616K) NonClass: 61675K(61952K)->61675K(61952K) Class: 9355K(9664K)->9355K(9664K)
[153.421s][info][gc          ] GC(64) Pause Young (Normal) (G1 Evacuation Pause) 83M->43M(97M) 0.935ms
[153.421s][info][gc,cpu      ] GC(64) User=0.00s Sys=0.00s Real=0.00s
[156.766s][info][gc,start    ] GC(65) Pause Young (Concurrent Start) (G1 Evacuation Pause)
[156.766s][info][gc,task     ] GC(65) Using 8 workers of 8 for evacuation
[156.768s][info][gc,phases   ] GC(65)   Pre Evacuate Collection Set: 0.1ms
[156.768s][info][gc,phases   ] GC(65)   Merge Heap Roots: 0.0ms
[156.768s][info][gc,phases   ] GC(65)   Evacuate Collection Set: 0.8ms
[156.768s][info][gc,phases   ] GC(65)   Post Evacuate Collection Set: 0.2ms
[156.768s][info][gc,phases   ] GC(65)   Other: 0.1ms
[156.768s][info][gc,heap     ] GC(65) Eden regions: 40->0(40)
[156.768s][info][gc,heap     ] GC(65) Survivor regions: 1->1(6)
[156.768s][info][gc,heap     ] GC(65) Old regions: 34->34
[156.768s][info][gc,heap     ] GC(65) Archive regions: 2->2
[156.768s][info][gc,heap     ] GC(65) Humongous regions: 9->9
[156.768s][info][gc,metaspace] GC(65) Metaspace: 71030K(71616K)->71030K(71616K) NonClass: 61675K(61952K)->61675K(61952K) Class: 9355K(9664K)->9355K(9664K)
[156.768s][info][gc          ] GC(65) Pause Young (Concurrent Start) (G1 Evacuation Pause) 83M->43M(97M) 1.371ms
[156.768s][info][gc,cpu      ] GC(65) User=0.01s Sys=0.00s Real=0.00s
[156.768s][info][gc          ] GC(66) Concurrent Mark Cycle
[156.768s][info][gc,marking  ] GC(66) Concurrent Clear Claimed Marks
[156.768s][info][gc,marking  ] GC(66) Concurrent Clear Claimed Marks 0.028ms
[156.768s][info][gc,marking  ] GC(66) Concurrent Scan Root Regions
[156.769s][info][gc,marking  ] GC(66) Concurrent Scan Root Regions 0.961ms
[156.769s][info][gc,marking  ] GC(66) Concurrent Mark
[156.769s][info][gc,marking  ] GC(66) Concurrent Mark From Roots
[156.769s][info][gc,task     ] GC(66) Using 2 workers of 2 for marking
[156.780s][info][gc,marking  ] GC(66) Concurrent Mark From Roots 11.394ms
[156.780s][info][gc,marking  ] GC(66) Concurrent Preclean
[156.780s][info][gc,marking  ] GC(66) Concurrent Preclean 0.085ms
[156.780s][info][gc,start    ] GC(66) Pause Remark
[156.782s][info][gc          ] GC(66) Pause Remark 44M->44M(97M) 1.606ms
[156.782s][info][gc,cpu      ] GC(66) User=0.01s Sys=0.00s Real=0.00s
[156.782s][info][gc,marking  ] GC(66) Concurrent Mark 13.203ms
[156.782s][info][gc,marking  ] GC(66) Concurrent Rebuild Remembered Sets
[156.788s][info][gc,marking  ] GC(66) Concurrent Rebuild Remembered Sets 5.856ms
[156.788s][info][gc,start    ] GC(66) Pause Cleanup
[156.788s][info][gc          ] GC(66) Pause Cleanup 44M->44M(97M) 0.056ms
[156.788s][info][gc,cpu      ] GC(66) User=0.00s Sys=0.00s Real=0.00s
[156.788s][info][gc,marking  ] GC(66) Concurrent Cleanup for Next Mark
[156.788s][info][gc,marking  ] GC(66) Concurrent Cleanup for Next Mark 0.055ms
[156.788s][info][gc          ] GC(66) Concurrent Mark Cycle 20.297ms
[160.280s][info][gc,start    ] GC(67) Pause Young (Normal) (G1 Evacuation Pause)
[160.280s][info][gc,task     ] GC(67) Using 8 workers of 8 for evacuation
[160.281s][info][gc,phases   ] GC(67)   Pre Evacuate Collection Set: 0.1ms
[160.281s][info][gc,phases   ] GC(67)   Merge Heap Roots: 0.0ms
[160.281s][info][gc,phases   ] GC(67)   Evacuate Collection Set: 0.7ms
[160.281s][info][gc,phases   ] GC(67)   Post Evacuate Collection Set: 0.2ms
[160.281s][info][gc,phases   ] GC(67)   Other: 0.1ms
[160.281s][info][gc,heap     ] GC(67) Eden regions: 40->0(40)
[160.281s][info][gc,heap     ] GC(67) Survivor regions: 1->1(6)
[160.281s][info][gc,heap     ] GC(67) Old regions: 34->34
[160.281s][info][gc,heap     ] GC(67) Archive regions: 2->2
[160.281s][info][gc,heap     ] GC(67) Humongous regions: 9->9
[160.281s][info][gc,metaspace] GC(67) Metaspace: 71034K(71616K)->71034K(71616K) NonClass: 61678K(61952K)->61678K(61952K) Class: 9356K(9664K)->9356K(9664K)
[160.281s][info][gc          ] GC(67) Pause Young (Normal) (G1 Evacuation Pause) 83M->43M(97M) 1.101ms
[160.281s][info][gc,cpu      ] GC(67) User=0.00s Sys=0.00s Real=0.00s
[163.874s][info][gc,start    ] GC(68) Pause Young (Concurrent Start) (G1 Evacuation Pause)
[163.874s][info][gc,task     ] GC(68) Using 8 workers of 8 for evacuation
[163.876s][info][gc,phases   ] GC(68)   Pre Evacuate Collection Set: 0.1ms
[163.876s][info][gc,phases   ] GC(68)   Merge Heap Roots: 0.0ms
[163.876s][info][gc,phases   ] GC(68)   Evacuate Collection Set: 1.1ms
[163.876s][info][gc,phases   ] GC(68)   Post Evacuate Collection Set: 0.1ms
[163.876s][info][gc,phases   ] GC(68)   Other: 0.1ms
[163.876s][info][gc,heap     ] GC(68) Eden regions: 40->0(40)
[163.876s][info][gc,heap     ] GC(68) Survivor regions: 1->1(6)
[163.876s][info][gc,heap     ] GC(68) Old regions: 34->34
[163.876s][info][gc,heap     ] GC(68) Archive regions: 2->2
[163.876s][info][gc,heap     ] GC(68) Humongous regions: 9->9
[163.876s][info][gc,metaspace] GC(68) Metaspace: 71034K(71616K)->71034K(71616K) NonClass: 61678K(61952K)->61678K(61952K) Class: 9356K(9664K)->9356K(9664K)
[163.876s][info][gc          ] GC(68) Pause Young (Concurrent Start) (G1 Evacuation Pause) 83M->43M(97M) 1.481ms
[163.876s][info][gc,cpu      ] GC(68) User=0.00s Sys=0.00s Real=0.00s
[163.876s][info][gc          ] GC(69) Concurrent Mark Cycle
[163.876s][info][gc,marking  ] GC(69) Concurrent Clear Claimed Marks
[163.876s][info][gc,marking  ] GC(69) Concurrent Clear Claimed Marks 0.021ms
[163.876s][info][gc,marking  ] GC(69) Concurrent Scan Root Regions
[163.877s][info][gc,marking  ] GC(69) Concurrent Scan Root Regions 1.118ms
[163.877s][info][gc,marking  ] GC(69) Concurrent Mark
[163.877s][info][gc,marking  ] GC(69) Concurrent Mark From Roots
[163.877s][info][gc,task     ] GC(69) Using 2 workers of 2 for marking
[163.889s][info][gc,marking  ] GC(69) Concurrent Mark From Roots 12.531ms
[163.889s][info][gc,marking  ] GC(69) Concurrent Preclean
[163.890s][info][gc,marking  ] GC(69) Concurrent Preclean 0.089ms
[163.890s][info][gc,start    ] GC(69) Pause Remark
[163.891s][info][gc          ] GC(69) Pause Remark 44M->44M(97M) 1.648ms
[163.891s][info][gc,cpu      ] GC(69) User=0.01s Sys=0.00s Real=0.00s
[163.891s][info][gc,marking  ] GC(69) Concurrent Mark 14.391ms
[163.891s][info][gc,marking  ] GC(69) Concurrent Rebuild Remembered Sets
[163.898s][info][gc,marking  ] GC(69) Concurrent Rebuild Remembered Sets 6.293ms
[163.898s][info][gc,start    ] GC(69) Pause Cleanup
[163.898s][info][gc          ] GC(69) Pause Cleanup 44M->44M(97M) 0.061ms
[163.898s][info][gc,cpu      ] GC(69) User=0.00s Sys=0.00s Real=0.00s
[163.898s][info][gc,marking  ] GC(69) Concurrent Cleanup for Next Mark
[163.898s][info][gc,marking  ] GC(69) Concurrent Cleanup for Next Mark 0.058ms
[163.898s][info][gc          ] GC(69) Concurrent Mark Cycle 22.088ms
[167.462s][info][gc,start    ] GC(70) Pause Young (Normal) (G1 Evacuation Pause)
[167.462s][info][gc,task     ] GC(70) Using 8 workers of 8 for evacuation
[167.463s][info][gc,phases   ] GC(70)   Pre Evacuate Collection Set: 0.1ms
[167.463s][info][gc,phases   ] GC(70)   Merge Heap Roots: 0.1ms
[167.463s][info][gc,phases   ] GC(70)   Evacuate Collection Set: 1.0ms
[167.463s][info][gc,phases   ] GC(70)   Post Evacuate Collection Set: 0.2ms
[167.463s][info][gc,phases   ] GC(70)   Other: 0.1ms
[167.463s][info][gc,heap     ] GC(70) Eden regions: 40->0(40)
[167.463s][info][gc,heap     ] GC(70) Survivor regions: 1->1(6)
[167.463s][info][gc,heap     ] GC(70) Old regions: 34->34
[167.463s][info][gc,heap     ] GC(70) Archive regions: 2->2
[167.463s][info][gc,heap     ] GC(70) Humongous regions: 9->9
[167.463s][info][gc,metaspace] GC(70) Metaspace: 71038K(71616K)->71038K(71616K) NonClass: 61681K(61952K)->61681K(61952K) Class: 9356K(9664K)->9356K(9664K)
[167.463s][info][gc          ] GC(70) Pause Young (Normal) (G1 Evacuation Pause) 83M->43M(97M) 1.508ms
[167.463s][info][gc,cpu      ] GC(70) User=0.01s Sys=0.00s Real=0.01s
[171.303s][info][gc,start    ] GC(71) Pause Young (Concurrent Start) (G1 Evacuation Pause)
[171.303s][info][gc,task     ] GC(71) Using 8 workers of 8 for evacuation
[171.304s][info][gc,phases   ] GC(71)   Pre Evacuate Collection Set: 0.1ms
[171.305s][info][gc,phases   ] GC(71)   Merge Heap Roots: 0.0ms
[171.305s][info][gc,phases   ] GC(71)   Evacuate Collection Set: 0.7ms
[171.305s][info][gc,phases   ] GC(71)   Post Evacuate Collection Set: 0.2ms
[171.305s][info][gc,phases   ] GC(71)   Other: 0.1ms
[171.305s][info][gc,heap     ] GC(71) Eden regions: 40->0(40)
[171.305s][info][gc,heap     ] GC(71) Survivor regions: 1->1(6)
[171.305s][info][gc,heap     ] GC(71) Old regions: 34->34
[171.305s][info][gc,heap     ] GC(71) Archive regions: 2->2
[171.305s][info][gc,heap     ] GC(71) Humongous regions: 9->9
[171.305s][info][gc,metaspace] GC(71) Metaspace: 71038K(71616K)->71038K(71616K) NonClass: 61681K(61952K)->61681K(61952K) Class: 9356K(9664K)->9356K(9664K)
[171.305s][info][gc          ] GC(71) Pause Young (Concurrent Start) (G1 Evacuation Pause) 83M->44M(97M) 1.140ms
[171.305s][info][gc,cpu      ] GC(71) User=0.00s Sys=0.00s Real=0.00s
[171.305s][info][gc          ] GC(72) Concurrent Mark Cycle
[171.305s][info][gc,marking  ] GC(72) Concurrent Clear Claimed Marks
[171.305s][info][gc,marking  ] GC(72) Concurrent Clear Claimed Marks 0.022ms
[171.305s][info][gc,marking  ] GC(72) Concurrent Scan Root Regions
[171.305s][info][gc,marking  ] GC(72) Concurrent Scan Root Regions 0.745ms
[171.305s][info][gc,marking  ] GC(72) Concurrent Mark
[171.305s][info][gc,marking  ] GC(72) Concurrent Mark From Roots
[171.305s][info][gc,task     ] GC(72) Using 2 workers of 2 for marking
[171.318s][info][gc,marking  ] GC(72) Concurrent Mark From Roots 13.018ms
[171.318s][info][gc,marking  ] GC(72) Concurrent Preclean
[171.319s][info][gc,marking  ] GC(72) Concurrent Preclean 0.094ms
[171.319s][info][gc,start    ] GC(72) Pause Remark
[171.320s][info][gc          ] GC(72) Pause Remark 44M->44M(97M) 1.720ms
[171.320s][info][gc,cpu      ] GC(72) User=0.01s Sys=0.00s Real=0.00s
[171.320s][info][gc,marking  ] GC(72) Concurrent Mark 14.969ms
[171.320s][info][gc,marking  ] GC(72) Concurrent Rebuild Remembered Sets
[171.327s][info][gc,marking  ] GC(72) Concurrent Rebuild Remembered Sets 6.767ms
[171.327s][info][gc,start    ] GC(72) Pause Cleanup
[171.327s][info][gc          ] GC(72) Pause Cleanup 44M->44M(97M) 0.058ms
[171.327s][info][gc,cpu      ] GC(72) User=0.01s Sys=0.00s Real=0.00s
[171.327s][info][gc,marking  ] GC(72) Concurrent Cleanup for Next Mark
[171.327s][info][gc,marking  ] GC(72) Concurrent Cleanup for Next Mark 0.052ms
[171.327s][info][gc          ] GC(72) Concurrent Mark Cycle 22.820ms
[175.106s][info][gc,start    ] GC(73) Pause Young (Normal) (G1 Evacuation Pause)
[175.106s][info][gc,task     ] GC(73) Using 8 workers of 8 for evacuation
[175.107s][info][gc,phases   ] GC(73)   Pre Evacuate Collection Set: 0.1ms
[175.107s][info][gc,phases   ] GC(73)   Merge Heap Roots: 0.0ms
[175.107s][info][gc,phases   ] GC(73)   Evacuate Collection Set: 0.8ms
[175.107s][info][gc,phases   ] GC(73)   Post Evacuate Collection Set: 0.2ms
[175.107s][info][gc,phases   ] GC(73)   Other: 0.1ms
[175.107s][info][gc,heap     ] GC(73) Eden regions: 40->0(40)
[175.107s][info][gc,heap     ] GC(73) Survivor regions: 1->1(6)
[175.107s][info][gc,heap     ] GC(73) Old regions: 34->34
[175.107s][info][gc,heap     ] GC(73) Archive regions: 2->2
[175.107s][info][gc,heap     ] GC(73) Humongous regions: 9->9
[175.108s][info][gc,metaspace] GC(73) Metaspace: 71038K(71616K)->71038K(71616K) NonClass: 61681K(61952K)->61681K(61952K) Class: 9356K(9664K)->9356K(9664K)
[175.108s][info][gc          ] GC(73) Pause Young (Normal) (G1 Evacuation Pause) 84M->44M(97M) 1.274ms
[175.108s][info][gc,cpu      ] GC(73) User=0.00s Sys=0.00s Real=0.00s
[178.804s][info][gc,start    ] GC(74) Pause Young (Concurrent Start) (G1 Evacuation Pause)
[178.804s][info][gc,task     ] GC(74) Using 8 workers of 8 for evacuation
[178.805s][info][gc,phases   ] GC(74)   Pre Evacuate Collection Set: 0.1ms
[178.805s][info][gc,phases   ] GC(74)   Merge Heap Roots: 0.0ms
[178.805s][info][gc,phases   ] GC(74)   Evacuate Collection Set: 0.8ms
[178.805s][info][gc,phases   ] GC(74)   Post Evacuate Collection Set: 0.2ms
[178.805s][info][gc,phases   ] GC(74)   Other: 0.1ms
[178.805s][info][gc,heap     ] GC(74) Eden regions: 40->0(40)
[178.805s][info][gc,heap     ] GC(74) Survivor regions: 1->1(6)
[178.805s][info][gc,heap     ] GC(74) Old regions: 34->34
[178.805s][info][gc,heap     ] GC(74) Archive regions: 2->2
[178.805s][info][gc,heap     ] GC(74) Humongous regions: 9->9
[178.805s][info][gc,metaspace] GC(74) Metaspace: 71041K(71616K)->71041K(71616K) NonClass: 61684K(61952K)->61684K(61952K) Class: 9356K(9664K)->9356K(9664K)
[178.805s][info][gc          ] GC(74) Pause Young (Concurrent Start) (G1 Evacuation Pause) 84M->44M(97M) 1.309ms
[178.806s][info][gc,cpu      ] GC(74) User=0.00s Sys=0.00s Real=0.00s
[178.806s][info][gc          ] GC(75) Concurrent Mark Cycle
[178.806s][info][gc,marking  ] GC(75) Concurrent Clear Claimed Marks
[178.806s][info][gc,marking  ] GC(75) Concurrent Clear Claimed Marks 0.045ms
[178.806s][info][gc,marking  ] GC(75) Concurrent Scan Root Regions
[178.806s][info][gc,marking  ] GC(75) Concurrent Scan Root Regions 0.787ms
[178.806s][info][gc,marking  ] GC(75) Concurrent Mark
[178.806s][info][gc,marking  ] GC(75) Concurrent Mark From Roots
[178.806s][info][gc,task     ] GC(75) Using 2 workers of 2 for marking
[178.819s][info][gc,marking  ] GC(75) Concurrent Mark From Roots 12.443ms
[178.819s][info][gc,marking  ] GC(75) Concurrent Preclean
[178.819s][info][gc,marking  ] GC(75) Concurrent Preclean 0.093ms
[178.819s][info][gc,start    ] GC(75) Pause Remark
[178.821s][info][gc          ] GC(75) Pause Remark 44M->44M(97M) 2.141ms
[178.821s][info][gc,cpu      ] GC(75) User=0.01s Sys=0.00s Real=0.00s
[178.821s][info][gc,marking  ] GC(75) Concurrent Mark 14.836ms
[178.821s][info][gc,marking  ] GC(75) Concurrent Rebuild Remembered Sets
[178.828s][info][gc,marking  ] GC(75) Concurrent Rebuild Remembered Sets 7.230ms
[178.829s][info][gc,start    ] GC(75) Pause Cleanup
[178.829s][info][gc          ] GC(75) Pause Cleanup 44M->44M(97M) 0.056ms
[178.829s][info][gc,cpu      ] GC(75) User=0.00s Sys=0.00s Real=0.00s
[178.829s][info][gc,marking  ] GC(75) Concurrent Cleanup for Next Mark
[178.829s][info][gc,marking  ] GC(75) Concurrent Cleanup for Next Mark 0.047ms
[178.829s][info][gc          ] GC(75) Concurrent Mark Cycle 23.144ms
[182.388s][info][gc,start    ] GC(76) Pause Young (Normal) (G1 Evacuation Pause)
[182.388s][info][gc,task     ] GC(76) Using 8 workers of 8 for evacuation
[182.389s][info][gc,phases   ] GC(76)   Pre Evacuate Collection Set: 0.1ms
[182.389s][info][gc,phases   ] GC(76)   Merge Heap Roots: 0.0ms
[182.389s][info][gc,phases   ] GC(76)   Evacuate Collection Set: 0.7ms
[182.389s][info][gc,phases   ] GC(76)   Post Evacuate Collection Set: 0.2ms
[182.389s][info][gc,phases   ] GC(76)   Other: 0.1ms
[182.389s][info][gc,heap     ] GC(76) Eden regions: 40->0(40)
[182.389s][info][gc,heap     ] GC(76) Survivor regions: 1->1(6)
[182.389s][info][gc,heap     ] GC(76) Old regions: 34->34
[182.389s][info][gc,heap     ] GC(76) Archive regions: 2->2
[182.389s][info][gc,heap     ] GC(76) Humongous regions: 9->9
[182.389s][info][gc,metaspace] GC(76) Metaspace: 71041K(71616K)->71041K(71616K) NonClass: 61684K(61952K)->61684K(61952K) Class: 9356K(9664K)->9356K(9664K)
[182.389s][info][gc          ] GC(76) Pause Young (Normal) (G1 Evacuation Pause) 84M->44M(97M) 1.123ms
[182.389s][info][gc,cpu      ] GC(76) User=0.00s Sys=0.00s Real=0.00s
[185.942s][info][gc,start    ] GC(77) Pause Young (Concurrent Start) (G1 Evacuation Pause)
[185.942s][info][gc,task     ] GC(77) Using 8 workers of 8 for evacuation
[185.943s][info][gc,phases   ] GC(77)   Pre Evacuate Collection Set: 0.1ms
[185.943s][info][gc,phases   ] GC(77)   Merge Heap Roots: 0.0ms
[185.943s][info][gc,phases   ] GC(77)   Evacuate Collection Set: 0.8ms
[185.943s][info][gc,phases   ] GC(77)   Post Evacuate Collection Set: 0.2ms
[185.944s][info][gc,phases   ] GC(77)   Other: 0.1ms
[185.944s][info][gc,heap     ] GC(77) Eden regions: 40->0(40)
[185.944s][info][gc,heap     ] GC(77) Survivor regions: 1->1(6)
[185.944s][info][gc,heap     ] GC(77) Old regions: 34->34
[185.944s][info][gc,heap     ] GC(77) Archive regions: 2->2
[185.944s][info][gc,heap     ] GC(77) Humongous regions: 9->9
[185.944s][info][gc,metaspace] GC(77) Metaspace: 71041K(71616K)->71041K(71616K) NonClass: 61684K(61952K)->61684K(61952K) Class: 9356K(9664K)->9356K(9664K)
[185.944s][info][gc          ] GC(77) Pause Young (Concurrent Start) (G1 Evacuation Pause) 84M->44M(97M) 1.287ms
[185.944s][info][gc,cpu      ] GC(77) User=0.01s Sys=0.00s Real=0.01s
[185.944s][info][gc          ] GC(78) Concurrent Mark Cycle
[185.944s][info][gc,marking  ] GC(78) Concurrent Clear Claimed Marks
[185.944s][info][gc,marking  ] GC(78) Concurrent Clear Claimed Marks 0.027ms
[185.944s][info][gc,marking  ] GC(78) Concurrent Scan Root Regions
[185.944s][info][gc,marking  ] GC(78) Concurrent Scan Root Regions 0.757ms
[185.944s][info][gc,marking  ] GC(78) Concurrent Mark
[185.944s][info][gc,marking  ] GC(78) Concurrent Mark From Roots
[185.944s][info][gc,task     ] GC(78) Using 2 workers of 2 for marking
[185.955s][info][gc,marking  ] GC(78) Concurrent Mark From Roots 11.080ms
[185.955s][info][gc,marking  ] GC(78) Concurrent Preclean
[185.956s][info][gc,marking  ] GC(78) Concurrent Preclean 0.088ms
[185.956s][info][gc,start    ] GC(78) Pause Remark
[185.957s][info][gc          ] GC(78) Pause Remark 44M->44M(97M) 1.573ms
[185.957s][info][gc,cpu      ] GC(78) User=0.01s Sys=0.00s Real=0.00s
[185.957s][info][gc,marking  ] GC(78) Concurrent Mark 12.876ms
[185.957s][info][gc,marking  ] GC(78) Concurrent Rebuild Remembered Sets
[185.963s][info][gc,marking  ] GC(78) Concurrent Rebuild Remembered Sets 5.694ms
[185.963s][info][gc,start    ] GC(78) Pause Cleanup
[185.963s][info][gc          ] GC(78) Pause Cleanup 44M->44M(97M) 0.054ms
[185.963s][info][gc,cpu      ] GC(78) User=0.00s Sys=0.00s Real=0.00s
[185.963s][info][gc,marking  ] GC(78) Concurrent Cleanup for Next Mark
[185.963s][info][gc,marking  ] GC(78) Concurrent Cleanup for Next Mark 0.050ms
[185.963s][info][gc          ] GC(78) Concurrent Mark Cycle 19.597ms
[189.284s][info][gc,start    ] GC(79) Pause Young (Normal) (G1 Evacuation Pause)
[189.284s][info][gc,task     ] GC(79) Using 8 workers of 8 for evacuation
[189.285s][info][gc,phases   ] GC(79)   Pre Evacuate Collection Set: 0.0ms
[189.285s][info][gc,phases   ] GC(79)   Merge Heap Roots: 0.0ms
[189.285s][info][gc,phases   ] GC(79)   Evacuate Collection Set: 1.0ms
[189.285s][info][gc,phases   ] GC(79)   Post Evacuate Collection Set: 0.2ms
[189.285s][info][gc,phases   ] GC(79)   Other: 0.1ms
[189.285s][info][gc,heap     ] GC(79) Eden regions: 40->0(40)
[189.285s][info][gc,heap     ] GC(79) Survivor regions: 1->1(6)
[189.285s][info][gc,heap     ] GC(79) Old regions: 34->34
[189.285s][info][gc,heap     ] GC(79) Archive regions: 2->2
[189.285s][info][gc,heap     ] GC(79) Humongous regions: 9->9
[189.285s][info][gc,metaspace] GC(79) Metaspace: 71041K(71616K)->71041K(71616K) NonClass: 61684K(61952K)->61684K(61952K) Class: 9356K(9664K)->9356K(9664K)
[189.285s][info][gc          ] GC(79) Pause Young (Normal) (G1 Evacuation Pause) 84M->44M(97M) 1.361ms
[189.285s][info][gc,cpu      ] GC(79) User=0.01s Sys=0.00s Real=0.00s
[192.666s][info][gc,start    ] GC(80) Pause Young (Concurrent Start) (G1 Evacuation Pause)
[192.666s][info][gc,task     ] GC(80) Using 8 workers of 8 for evacuation
[192.667s][info][gc,phases   ] GC(80)   Pre Evacuate Collection Set: 0.1ms
[192.667s][info][gc,phases   ] GC(80)   Merge Heap Roots: 0.0ms
[192.667s][info][gc,phases   ] GC(80)   Evacuate Collection Set: 0.7ms
[192.667s][info][gc,phases   ] GC(80)   Post Evacuate Collection Set: 0.1ms
[192.667s][info][gc,phases   ] GC(80)   Other: 0.1ms
[192.667s][info][gc,heap     ] GC(80) Eden regions: 40->0(40)
[192.667s][info][gc,heap     ] GC(80) Survivor regions: 1->1(6)
[192.667s][info][gc,heap     ] GC(80) Old regions: 34->34
[192.667s][info][gc,heap     ] GC(80) Archive regions: 2->2
[192.667s][info][gc,heap     ] GC(80) Humongous regions: 9->9
[192.667s][info][gc,metaspace] GC(80) Metaspace: 71041K(71616K)->71041K(71616K) NonClass: 61684K(61952K)->61684K(61952K) Class: 9356K(9664K)->9356K(9664K)
[192.667s][info][gc          ] GC(80) Pause Young (Concurrent Start) (G1 Evacuation Pause) 84M->44M(97M) 1.082ms
[192.667s][info][gc,cpu      ] GC(80) User=0.00s Sys=0.00s Real=0.00s
[192.667s][info][gc          ] GC(81) Concurrent Mark Cycle
[192.667s][info][gc,marking  ] GC(81) Concurrent Clear Claimed Marks
[192.667s][info][gc,marking  ] GC(81) Concurrent Clear Claimed Marks 0.017ms
[192.667s][info][gc,marking  ] GC(81) Concurrent Scan Root Regions
[192.668s][info][gc,marking  ] GC(81) Concurrent Scan Root Regions 0.716ms
[192.668s][info][gc,marking  ] GC(81) Concurrent Mark
[192.668s][info][gc,marking  ] GC(81) Concurrent Mark From Roots
[192.668s][info][gc,task     ] GC(81) Using 2 workers of 2 for marking
[192.679s][info][gc,marking  ] GC(81) Concurrent Mark From Roots 11.546ms
[192.679s][info][gc,marking  ] GC(81) Concurrent Preclean
[192.680s][info][gc,marking  ] GC(81) Concurrent Preclean 0.086ms
[192.680s][info][gc,start    ] GC(81) Pause Remark
[192.682s][info][gc          ] GC(81) Pause Remark 44M->44M(97M) 1.939ms
[192.682s][info][gc,cpu      ] GC(81) User=0.01s Sys=0.00s Real=0.00s
[192.682s][info][gc,marking  ] GC(81) Concurrent Mark 13.689ms
[192.682s][info][gc,marking  ] GC(81) Concurrent Rebuild Remembered Sets
[192.688s][info][gc,marking  ] GC(81) Concurrent Rebuild Remembered Sets 6.106ms
[192.688s][info][gc,start    ] GC(81) Pause Cleanup
[192.688s][info][gc          ] GC(81) Pause Cleanup 45M->45M(97M) 0.059ms
[192.688s][info][gc,cpu      ] GC(81) User=0.00s Sys=0.00s Real=0.00s
[192.688s][info][gc,marking  ] GC(81) Concurrent Cleanup for Next Mark
[192.688s][info][gc,marking  ] GC(81) Concurrent Cleanup for Next Mark 0.044ms
[192.688s][info][gc          ] GC(81) Concurrent Mark Cycle 20.759ms
[196.085s][info][gc,start    ] GC(82) Pause Young (Normal) (G1 Evacuation Pause)
[196.085s][info][gc,task     ] GC(82) Using 8 workers of 8 for evacuation
[196.085s][info][gc,phases   ] GC(82)   Pre Evacuate Collection Set: 0.1ms
[196.085s][info][gc,phases   ] GC(82)   Merge Heap Roots: 0.0ms
[196.085s][info][gc,phases   ] GC(82)   Evacuate Collection Set: 0.6ms
[196.085s][info][gc,phases   ] GC(82)   Post Evacuate Collection Set: 0.1ms
[196.085s][info][gc,phases   ] GC(82)   Other: 0.1ms
[196.085s][info][gc,heap     ] GC(82) Eden regions: 40->0(40)
[196.085s][info][gc,heap     ] GC(82) Survivor regions: 1->1(6)
[196.085s][info][gc,heap     ] GC(82) Old regions: 34->34
[196.086s][info][gc,heap     ] GC(82) Archive regions: 2->2
[196.086s][info][gc,heap     ] GC(82) Humongous regions: 9->9
[196.086s][info][gc,metaspace] GC(82) Metaspace: 71044K(71616K)->71044K(71616K) NonClass: 61687K(61952K)->61687K(61952K) Class: 9356K(9664K)->9356K(9664K)
[196.086s][info][gc          ] GC(82) Pause Young (Normal) (G1 Evacuation Pause) 84M->44M(97M) 0.990ms
[196.086s][info][gc,cpu      ] GC(82) User=0.00s Sys=0.00s Real=0.00s
[199.436s][info][gc,start    ] GC(83) Pause Young (Concurrent Start) (G1 Evacuation Pause)
[199.436s][info][gc,task     ] GC(83) Using 8 workers of 8 for evacuation
[199.438s][info][gc,phases   ] GC(83)   Pre Evacuate Collection Set: 0.1ms
[199.438s][info][gc,phases   ] GC(83)   Merge Heap Roots: 0.1ms
[199.438s][info][gc,phases   ] GC(83)   Evacuate Collection Set: 1.4ms
[199.438s][info][gc,phases   ] GC(83)   Post Evacuate Collection Set: 0.2ms
[199.438s][info][gc,phases   ] GC(83)   Other: 0.2ms
[199.438s][info][gc,heap     ] GC(83) Eden regions: 40->0(40)
[199.438s][info][gc,heap     ] GC(83) Survivor regions: 1->1(6)
[199.438s][info][gc,heap     ] GC(83) Old regions: 34->34
[199.438s][info][gc,heap     ] GC(83) Archive regions: 2->2
[199.438s][info][gc,heap     ] GC(83) Humongous regions: 9->9
[199.438s][info][gc,metaspace] GC(83) Metaspace: 71045K(71616K)->71045K(71616K) NonClass: 61689K(61952K)->61689K(61952K) Class: 9356K(9664K)->9356K(9664K)
[199.438s][info][gc          ] GC(83) Pause Young (Concurrent Start) (G1 Evacuation Pause) 84M->44M(97M) 2.034ms
[199.438s][info][gc,cpu      ] GC(83) User=0.00s Sys=0.00s Real=0.00s
[199.438s][info][gc          ] GC(84) Concurrent Mark Cycle
[199.438s][info][gc,marking  ] GC(84) Concurrent Clear Claimed Marks
[199.438s][info][gc,marking  ] GC(84) Concurrent Clear Claimed Marks 0.056ms
[199.438s][info][gc,marking  ] GC(84) Concurrent Scan Root Regions
[199.439s][info][gc,marking  ] GC(84) Concurrent Scan Root Regions 1.016ms
[199.439s][info][gc,marking  ] GC(84) Concurrent Mark
[199.439s][info][gc,marking  ] GC(84) Concurrent Mark From Roots
[199.439s][info][gc,task     ] GC(84) Using 2 workers of 2 for marking
[199.458s][info][gc,marking  ] GC(84) Concurrent Mark From Roots 18.623ms
[199.458s][info][gc,marking  ] GC(84) Concurrent Preclean
[199.458s][info][gc,marking  ] GC(84) Concurrent Preclean 0.209ms
[199.458s][info][gc,start    ] GC(84) Pause Remark
[199.463s][info][gc          ] GC(84) Pause Remark 45M->45M(97M) 4.774ms
[199.463s][info][gc,cpu      ] GC(84) User=0.02s Sys=0.00s Real=0.00s
[199.463s][info][gc,marking  ] GC(84) Concurrent Mark 23.790ms
[199.463s][info][gc,marking  ] GC(84) Concurrent Rebuild Remembered Sets
[199.473s][info][gc,marking  ] GC(84) Concurrent Rebuild Remembered Sets 9.982ms
[199.473s][info][gc,start    ] GC(84) Pause Cleanup
[199.473s][info][gc          ] GC(84) Pause Cleanup 45M->45M(97M) 0.095ms
[199.473s][info][gc,cpu      ] GC(84) User=0.00s Sys=0.00s Real=0.00s
[199.473s][info][gc,marking  ] GC(84) Concurrent Cleanup for Next Mark
[199.473s][info][gc,marking  ] GC(84) Concurrent Cleanup for Next Mark 0.068ms
[199.473s][info][gc          ] GC(84) Concurrent Mark Cycle 35.223ms
[202.982s][info][gc,start    ] GC(85) Pause Young (Normal) (G1 Evacuation Pause)
[202.982s][info][gc,task     ] GC(85) Using 8 workers of 8 for evacuation
[202.983s][info][gc,phases   ] GC(85)   Pre Evacuate Collection Set: 0.0ms
[202.983s][info][gc,phases   ] GC(85)   Merge Heap Roots: 0.0ms
[202.983s][info][gc,phases   ] GC(85)   Evacuate Collection Set: 0.6ms
[202.983s][info][gc,phases   ] GC(85)   Post Evacuate Collection Set: 0.1ms
[202.983s][info][gc,phases   ] GC(85)   Other: 0.1ms
[202.983s][info][gc,heap     ] GC(85) Eden regions: 40->0(40)
[202.983s][info][gc,heap     ] GC(85) Survivor regions: 1->1(6)
[202.983s][info][gc,heap     ] GC(85) Old regions: 34->34
[202.983s][info][gc,heap     ] GC(85) Archive regions: 2->2
[202.983s][info][gc,heap     ] GC(85) Humongous regions: 9->9
[202.983s][info][gc,metaspace] GC(85) Metaspace: 71045K(71616K)->71045K(71616K) NonClass: 61689K(61952K)->61689K(61952K) Class: 9356K(9664K)->9356K(9664K)
[202.983s][info][gc          ] GC(85) Pause Young (Normal) (G1 Evacuation Pause) 84M->44M(97M) 0.952ms
[202.983s][info][gc,cpu      ] GC(85) User=0.01s Sys=0.00s Real=0.01s
[206.405s][info][gc,start    ] GC(86) Pause Young (Concurrent Start) (G1 Evacuation Pause)
[206.405s][info][gc,task     ] GC(86) Using 8 workers of 8 for evacuation
[206.406s][info][gc,phases   ] GC(86)   Pre Evacuate Collection Set: 0.1ms
[206.406s][info][gc,phases   ] GC(86)   Merge Heap Roots: 0.0ms
[206.406s][info][gc,phases   ] GC(86)   Evacuate Collection Set: 0.7ms
[206.406s][info][gc,phases   ] GC(86)   Post Evacuate Collection Set: 0.2ms
[206.406s][info][gc,phases   ] GC(86)   Other: 0.1ms
[206.406s][info][gc,heap     ] GC(86) Eden regions: 40->0(40)
[206.406s][info][gc,heap     ] GC(86) Survivor regions: 1->1(6)
[206.406s][info][gc,heap     ] GC(86) Old regions: 34->34
[206.406s][info][gc,heap     ] GC(86) Archive regions: 2->2
[206.406s][info][gc,heap     ] GC(86) Humongous regions: 9->9
[206.406s][info][gc,metaspace] GC(86) Metaspace: 71046K(71616K)->71046K(71616K) NonClass: 61690K(61952K)->61690K(61952K) Class: 9356K(9664K)->9356K(9664K)
[206.406s][info][gc          ] GC(86) Pause Young (Concurrent Start) (G1 Evacuation Pause) 84M->44M(97M) 1.161ms
[206.406s][info][gc,cpu      ] GC(86) User=0.00s Sys=0.00s Real=0.00s
[206.406s][info][gc          ] GC(87) Concurrent Mark Cycle
[206.406s][info][gc,marking  ] GC(87) Concurrent Clear Claimed Marks
[206.406s][info][gc,marking  ] GC(87) Concurrent Clear Claimed Marks 0.020ms
[206.406s][info][gc,marking  ] GC(87) Concurrent Scan Root Regions
[206.406s][info][gc,marking  ] GC(87) Concurrent Scan Root Regions 0.771ms
[206.407s][info][gc,marking  ] GC(87) Concurrent Mark
[206.407s][info][gc,marking  ] GC(87) Concurrent Mark From Roots
[206.407s][info][gc,task     ] GC(87) Using 2 workers of 2 for marking
[206.419s][info][gc,marking  ] GC(87) Concurrent Mark From Roots 12.462ms
[206.419s][info][gc,marking  ] GC(87) Concurrent Preclean
[206.419s][info][gc,marking  ] GC(87) Concurrent Preclean 0.089ms
[206.419s][info][gc,start    ] GC(87) Pause Remark
[206.421s][info][gc          ] GC(87) Pause Remark 45M->45M(97M) 1.640ms
[206.421s][info][gc,cpu      ] GC(87) User=0.01s Sys=0.00s Real=0.00s
[206.421s][info][gc,marking  ] GC(87) Concurrent Mark 14.307ms
[206.421s][info][gc,marking  ] GC(87) Concurrent Rebuild Remembered Sets
[206.427s][info][gc,marking  ] GC(87) Concurrent Rebuild Remembered Sets 5.996ms
[206.427s][info][gc,start    ] GC(87) Pause Cleanup
[206.427s][info][gc          ] GC(87) Pause Cleanup 45M->45M(97M) 0.066ms
[206.427s][info][gc,cpu      ] GC(87) User=0.00s Sys=0.00s Real=0.00s
[206.427s][info][gc,marking  ] GC(87) Concurrent Cleanup for Next Mark
[206.427s][info][gc,marking  ] GC(87) Concurrent Cleanup for Next Mark 0.043ms
[206.427s][info][gc          ] GC(87) Concurrent Mark Cycle 21.336ms
[209.883s][info][gc,start    ] GC(88) Pause Young (Normal) (G1 Evacuation Pause)
[209.883s][info][gc,task     ] GC(88) Using 8 workers of 8 for evacuation
[209.885s][info][gc,phases   ] GC(88)   Pre Evacuate Collection Set: 0.0ms
[209.885s][info][gc,phases   ] GC(88)   Merge Heap Roots: 0.0ms
[209.885s][info][gc,phases   ] GC(88)   Evacuate Collection Set: 1.3ms
[209.885s][info][gc,phases   ] GC(88)   Post Evacuate Collection Set: 0.2ms
[209.885s][info][gc,phases   ] GC(88)   Other: 0.1ms
[209.885s][info][gc,heap     ] GC(88) Eden regions: 40->0(40)
[209.885s][info][gc,heap     ] GC(88) Survivor regions: 1->1(6)
[209.885s][info][gc,heap     ] GC(88) Old regions: 34->34
[209.885s][info][gc,heap     ] GC(88) Archive regions: 2->2
[209.885s][info][gc,heap     ] GC(88) Humongous regions: 9->9
[209.885s][info][gc,metaspace] GC(88) Metaspace: 71047K(71616K)->71047K(71616K) NonClass: 61691K(61952K)->61691K(61952K) Class: 9356K(9664K)->9356K(9664K)
[209.885s][info][gc          ] GC(88) Pause Young (Normal) (G1 Evacuation Pause) 84M->44M(97M) 1.670ms
[209.885s][info][gc,cpu      ] GC(88) User=0.01s Sys=0.00s Real=0.00s
[213.262s][info][gc,start    ] GC(89) Pause Young (Concurrent Start) (G1 Evacuation Pause)
[213.262s][info][gc,task     ] GC(89) Using 8 workers of 8 for evacuation
[213.263s][info][gc,phases   ] GC(89)   Pre Evacuate Collection Set: 0.1ms
[213.263s][info][gc,phases   ] GC(89)   Merge Heap Roots: 0.0ms
[213.263s][info][gc,phases   ] GC(89)   Evacuate Collection Set: 0.7ms
[213.263s][info][gc,phases   ] GC(89)   Post Evacuate Collection Set: 0.1ms
[213.263s][info][gc,phases   ] GC(89)   Other: 0.1ms
[213.263s][info][gc,heap     ] GC(89) Eden regions: 40->0(40)
[213.263s][info][gc,heap     ] GC(89) Survivor regions: 1->1(6)
[213.263s][info][gc,heap     ] GC(89) Old regions: 34->34
[213.263s][info][gc,heap     ] GC(89) Archive regions: 2->2
[213.263s][info][gc,heap     ] GC(89) Humongous regions: 9->9
[213.263s][info][gc,metaspace] GC(89) Metaspace: 71047K(71616K)->71047K(71616K) NonClass: 61691K(61952K)->61691K(61952K) Class: 9356K(9664K)->9356K(9664K)
[213.263s][info][gc          ] GC(89) Pause Young (Concurrent Start) (G1 Evacuation Pause) 84M->44M(97M) 1.164ms
[213.263s][info][gc,cpu      ] GC(89) User=0.01s Sys=0.00s Real=0.01s
[213.263s][info][gc          ] GC(90) Concurrent Mark Cycle
[213.263s][info][gc,marking  ] GC(90) Concurrent Clear Claimed Marks
[213.263s][info][gc,marking  ] GC(90) Concurrent Clear Claimed Marks 0.038ms
[213.263s][info][gc,marking  ] GC(90) Concurrent Scan Root Regions
[213.264s][info][gc,marking  ] GC(90) Concurrent Scan Root Regions 0.781ms
[213.264s][info][gc,marking  ] GC(90) Concurrent Mark
[213.264s][info][gc,marking  ] GC(90) Concurrent Mark From Roots
[213.264s][info][gc,task     ] GC(90) Using 2 workers of 2 for marking
[213.275s][info][gc,marking  ] GC(90) Concurrent Mark From Roots 11.150ms
[213.275s][info][gc,marking  ] GC(90) Concurrent Preclean
[213.275s][info][gc,marking  ] GC(90) Concurrent Preclean 0.089ms
[213.275s][info][gc,start    ] GC(90) Pause Remark
[213.277s][info][gc          ] GC(90) Pause Remark 45M->45M(97M) 1.567ms
[213.277s][info][gc,cpu      ] GC(90) User=0.01s Sys=0.00s Real=0.00s
[213.277s][info][gc,marking  ] GC(90) Concurrent Mark 12.945ms
[213.277s][info][gc,marking  ] GC(90) Concurrent Rebuild Remembered Sets
[213.283s][info][gc,marking  ] GC(90) Concurrent Rebuild Remembered Sets 6.077ms
[213.283s][info][gc,start    ] GC(90) Pause Cleanup
[213.283s][info][gc          ] GC(90) Pause Cleanup 45M->45M(97M) 0.060ms
[213.283s][info][gc,cpu      ] GC(90) User=0.00s Sys=0.00s Real=0.00s
[213.283s][info][gc,marking  ] GC(90) Concurrent Cleanup for Next Mark
[213.283s][info][gc,marking  ] GC(90) Concurrent Cleanup for Next Mark 0.054ms
[213.283s][info][gc          ] GC(90) Concurrent Mark Cycle 20.114ms
[216.895s][info][gc,start    ] GC(91) Pause Young (Normal) (G1 Evacuation Pause)
[216.895s][info][gc,task     ] GC(91) Using 8 workers of 8 for evacuation
[216.896s][info][gc,phases   ] GC(91)   Pre Evacuate Collection Set: 0.1ms
[216.896s][info][gc,phases   ] GC(91)   Merge Heap Roots: 0.1ms
[216.896s][info][gc,phases   ] GC(91)   Evacuate Collection Set: 0.7ms
[216.896s][info][gc,phases   ] GC(91)   Post Evacuate Collection Set: 0.2ms
[216.896s][info][gc,phases   ] GC(91)   Other: 0.1ms
[216.896s][info][gc,heap     ] GC(91) Eden regions: 40->0(39)
[216.896s][info][gc,heap     ] GC(91) Survivor regions: 1->1(6)
[216.896s][info][gc,heap     ] GC(91) Old regions: 34->35
[216.896s][info][gc,heap     ] GC(91) Archive regions: 2->2
[216.896s][info][gc,heap     ] GC(91) Humongous regions: 9->9
[216.896s][info][gc,metaspace] GC(91) Metaspace: 71047K(71616K)->71047K(71616K) NonClass: 61691K(61952K)->61691K(61952K) Class: 9356K(9664K)->9356K(9664K)
[216.896s][info][gc          ] GC(91) Pause Young (Normal) (G1 Evacuation Pause) 84M->44M(97M) 1.100ms
[216.896s][info][gc,cpu      ] GC(91) User=0.00s Sys=0.00s Real=0.00s
[220.459s][info][gc,start    ] GC(92) Pause Young (Concurrent Start) (G1 Evacuation Pause)
[220.459s][info][gc,task     ] GC(92) Using 8 workers of 8 for evacuation
[220.461s][info][gc,phases   ] GC(92)   Pre Evacuate Collection Set: 0.1ms
[220.461s][info][gc,phases   ] GC(92)   Merge Heap Roots: 0.1ms
[220.461s][info][gc,phases   ] GC(92)   Evacuate Collection Set: 0.9ms
[220.461s][info][gc,phases   ] GC(92)   Post Evacuate Collection Set: 0.2ms
[220.461s][info][gc,phases   ] GC(92)   Other: 0.1ms
[220.461s][info][gc,heap     ] GC(92) Eden regions: 39->0(39)
[220.461s][info][gc,heap     ] GC(92) Survivor regions: 1->1(5)
[220.461s][info][gc,heap     ] GC(92) Old regions: 35->35
[220.461s][info][gc,heap     ] GC(92) Archive regions: 2->2
[220.461s][info][gc,heap     ] GC(92) Humongous regions: 9->9
[220.461s][info][gc,metaspace] GC(92) Metaspace: 71050K(71616K)->71050K(71616K) NonClass: 61693K(61952K)->61693K(61952K) Class: 9356K(9664K)->9356K(9664K)
[220.461s][info][gc          ] GC(92) Pause Young (Concurrent Start) (G1 Evacuation Pause) 83M->44M(97M) 1.467ms
[220.461s][info][gc,cpu      ] GC(92) User=0.01s Sys=0.00s Real=0.00s
[220.461s][info][gc          ] GC(93) Concurrent Mark Cycle
[220.461s][info][gc,marking  ] GC(93) Concurrent Clear Claimed Marks
[220.461s][info][gc,marking  ] GC(93) Concurrent Clear Claimed Marks 0.023ms
[220.461s][info][gc,marking  ] GC(93) Concurrent Scan Root Regions
[220.462s][info][gc,marking  ] GC(93) Concurrent Scan Root Regions 0.827ms
[220.462s][info][gc,marking  ] GC(93) Concurrent Mark
[220.462s][info][gc,marking  ] GC(93) Concurrent Mark From Roots
[220.462s][info][gc,task     ] GC(93) Using 2 workers of 2 for marking
[220.474s][info][gc,marking  ] GC(93) Concurrent Mark From Roots 12.107ms
[220.474s][info][gc,marking  ] GC(93) Concurrent Preclean
[220.474s][info][gc,marking  ] GC(93) Concurrent Preclean 0.088ms
[220.474s][info][gc,start    ] GC(93) Pause Remark
[220.476s][info][gc          ] GC(93) Pause Remark 45M->45M(97M) 1.666ms
[220.476s][info][gc,cpu      ] GC(93) User=0.01s Sys=0.00s Real=0.00s
[220.476s][info][gc,marking  ] GC(93) Concurrent Mark 13.982ms
[220.476s][info][gc,marking  ] GC(93) Concurrent Rebuild Remembered Sets
[220.482s][info][gc,marking  ] GC(93) Concurrent Rebuild Remembered Sets 6.560ms
[220.482s][info][gc,start    ] GC(93) Pause Cleanup
[220.482s][info][gc          ] GC(93) Pause Cleanup 45M->45M(97M) 0.076ms
[220.483s][info][gc,cpu      ] GC(93) User=0.00s Sys=0.00s Real=0.00s
[220.483s][info][gc,marking  ] GC(93) Concurrent Cleanup for Next Mark
[220.483s][info][gc,marking  ] GC(93) Concurrent Cleanup for Next Mark 0.051ms
[220.483s][info][gc          ] GC(93) Concurrent Mark Cycle 21.695ms
[223.848s][info][gc,start    ] GC(94) Pause Young (Prepare Mixed) (G1 Evacuation Pause)
[223.848s][info][gc,task     ] GC(94) Using 8 workers of 8 for evacuation
[223.849s][info][gc,phases   ] GC(94)   Pre Evacuate Collection Set: 0.1ms
[223.849s][info][gc,phases   ] GC(94)   Merge Heap Roots: 0.0ms
[223.849s][info][gc,phases   ] GC(94)   Evacuate Collection Set: 0.7ms
[223.849s][info][gc,phases   ] GC(94)   Post Evacuate Collection Set: 0.2ms
[223.849s][info][gc,phases   ] GC(94)   Other: 0.1ms
[223.849s][info][gc,heap     ] GC(94) Eden regions: 39->0(3)
[223.849s][info][gc,heap     ] GC(94) Survivor regions: 1->1(5)
[223.849s][info][gc,heap     ] GC(94) Old regions: 35->35
[223.849s][info][gc,heap     ] GC(94) Archive regions: 2->2
[223.849s][info][gc,heap     ] GC(94) Humongous regions: 9->9
[223.849s][info][gc,metaspace] GC(94) Metaspace: 71050K(71616K)->71050K(71616K) NonClass: 61694K(61952K)->61694K(61952K) Class: 9356K(9664K)->9356K(9664K)
[223.849s][info][gc          ] GC(94) Pause Young (Prepare Mixed) (G1 Evacuation Pause) 83M->44M(97M) 1.120ms
[223.849s][info][gc,cpu      ] GC(94) User=0.00s Sys=0.00s Real=0.00s
[224.091s][info][gc,start    ] GC(95) Pause Young (Mixed) (G1 Evacuation Pause)
[224.091s][info][gc,task     ] GC(95) Using 8 workers of 8 for evacuation
[224.093s][info][gc,phases   ] GC(95)   Pre Evacuate Collection Set: 0.1ms
[224.093s][info][gc,phases   ] GC(95)   Merge Heap Roots: 0.1ms
[224.093s][info][gc,phases   ] GC(95)   Evacuate Collection Set: 0.9ms
[224.093s][info][gc,phases   ] GC(95)   Post Evacuate Collection Set: 0.2ms
[224.093s][info][gc,phases   ] GC(95)   Other: 0.1ms
[224.093s][info][gc,heap     ] GC(95) Eden regions: 3->0(40)
[224.093s][info][gc,heap     ] GC(95) Survivor regions: 1->1(1)
[224.093s][info][gc,heap     ] GC(95) Old regions: 35->34
[224.093s][info][gc,heap     ] GC(95) Archive regions: 2->2
[224.093s][info][gc,heap     ] GC(95) Humongous regions: 9->9
[224.093s][info][gc,metaspace] GC(95) Metaspace: 71050K(71616K)->71050K(71616K) NonClass: 61694K(61952K)->61694K(61952K) Class: 9356K(9664K)->9356K(9664K)
[224.093s][info][gc          ] GC(95) Pause Young (Mixed) (G1 Evacuation Pause) 47M->43M(97M) 1.338ms
[224.093s][info][gc,cpu      ] GC(95) User=0.01s Sys=0.00s Real=0.00s
[227.763s][info][gc,start    ] GC(96) Pause Young (Concurrent Start) (G1 Evacuation Pause)
[227.763s][info][gc,task     ] GC(96) Using 8 workers of 8 for evacuation
[227.765s][info][gc,phases   ] GC(96)   Pre Evacuate Collection Set: 0.1ms
[227.765s][info][gc,phases   ] GC(96)   Merge Heap Roots: 0.1ms
[227.765s][info][gc,phases   ] GC(96)   Evacuate Collection Set: 0.8ms
[227.765s][info][gc,phases   ] GC(96)   Post Evacuate Collection Set: 0.2ms
[227.765s][info][gc,phases   ] GC(96)   Other: 0.1ms
[227.765s][info][gc,heap     ] GC(96) Eden regions: 40->0(40)
[227.765s][info][gc,heap     ] GC(96) Survivor regions: 1->1(6)
[227.765s][info][gc,heap     ] GC(96) Old regions: 34->34
[227.765s][info][gc,heap     ] GC(96) Archive regions: 2->2
[227.765s][info][gc,heap     ] GC(96) Humongous regions: 9->9
[227.765s][info][gc,metaspace] GC(96) Metaspace: 71052K(71616K)->71052K(71616K) NonClass: 61696K(61952K)->61696K(61952K) Class: 9356K(9664K)->9356K(9664K)
[227.765s][info][gc          ] GC(96) Pause Young (Concurrent Start) (G1 Evacuation Pause) 83M->43M(97M) 1.427ms
[227.765s][info][gc,cpu      ] GC(96) User=0.00s Sys=0.00s Real=0.00s
[227.765s][info][gc          ] GC(97) Concurrent Mark Cycle
[227.765s][info][gc,marking  ] GC(97) Concurrent Clear Claimed Marks
[227.765s][info][gc,marking  ] GC(97) Concurrent Clear Claimed Marks 0.036ms
[227.765s][info][gc,marking  ] GC(97) Concurrent Scan Root Regions
[227.767s][info][gc,marking  ] GC(97) Concurrent Scan Root Regions 1.709ms
[227.767s][info][gc,marking  ] GC(97) Concurrent Mark
[227.767s][info][gc,marking  ] GC(97) Concurrent Mark From Roots
[227.767s][info][gc,task     ] GC(97) Using 2 workers of 2 for marking
[227.782s][info][gc,marking  ] GC(97) Concurrent Mark From Roots 15.561ms
[227.782s][info][gc,marking  ] GC(97) Concurrent Preclean
[227.782s][info][gc,marking  ] GC(97) Concurrent Preclean 0.171ms
[227.783s][info][gc,start    ] GC(97) Pause Remark
[227.785s][info][gc          ] GC(97) Pause Remark 44M->44M(97M) 2.354ms
[227.785s][info][gc,cpu      ] GC(97) User=0.00s Sys=0.01s Real=0.01s
[227.785s][info][gc,marking  ] GC(97) Concurrent Mark 18.252ms
[227.785s][info][gc,marking  ] GC(97) Concurrent Rebuild Remembered Sets
[227.794s][info][gc,marking  ] GC(97) Concurrent Rebuild Remembered Sets 8.614ms
[227.794s][info][gc,start    ] GC(97) Pause Cleanup
[227.794s][info][gc          ] GC(97) Pause Cleanup 44M->44M(97M) 0.067ms
[227.794s][info][gc,cpu      ] GC(97) User=0.00s Sys=0.00s Real=0.00s
[227.794s][info][gc,marking  ] GC(97) Concurrent Cleanup for Next Mark
[227.794s][info][gc,marking  ] GC(97) Concurrent Cleanup for Next Mark 0.062ms
[227.794s][info][gc          ] GC(97) Concurrent Mark Cycle 28.923ms
[231.342s][info][gc,start    ] GC(98) Pause Young (Normal) (G1 Evacuation Pause)
[231.342s][info][gc,task     ] GC(98) Using 8 workers of 8 for evacuation
[231.343s][info][gc,phases   ] GC(98)   Pre Evacuate Collection Set: 0.1ms
[231.343s][info][gc,phases   ] GC(98)   Merge Heap Roots: 0.1ms
[231.343s][info][gc,phases   ] GC(98)   Evacuate Collection Set: 0.7ms
[231.343s][info][gc,phases   ] GC(98)   Post Evacuate Collection Set: 0.2ms
[231.343s][info][gc,phases   ] GC(98)   Other: 0.1ms
[231.343s][info][gc,heap     ] GC(98) Eden regions: 40->0(40)
[231.343s][info][gc,heap     ] GC(98) Survivor regions: 1->1(6)
[231.343s][info][gc,heap     ] GC(98) Old regions: 34->34
[231.343s][info][gc,heap     ] GC(98) Archive regions: 2->2
[231.343s][info][gc,heap     ] GC(98) Humongous regions: 9->9
[231.343s][info][gc,metaspace] GC(98) Metaspace: 71057K(71616K)->71057K(71616K) NonClass: 61701K(61952K)->61701K(61952K) Class: 9356K(9664K)->9356K(9664K)
[231.343s][info][gc          ] GC(98) Pause Young (Normal) (G1 Evacuation Pause) 83M->43M(97M) 1.179ms
[231.343s][info][gc,cpu      ] GC(98) User=0.01s Sys=0.00s Real=0.00s
[234.964s][info][gc,start    ] GC(99) Pause Young (Concurrent Start) (G1 Evacuation Pause)
[234.964s][info][gc,task     ] GC(99) Using 8 workers of 8 for evacuation
[234.966s][info][gc,phases   ] GC(99)   Pre Evacuate Collection Set: 0.1ms
[234.966s][info][gc,phases   ] GC(99)   Merge Heap Roots: 0.1ms
[234.966s][info][gc,phases   ] GC(99)   Evacuate Collection Set: 0.9ms
[234.966s][info][gc,phases   ] GC(99)   Post Evacuate Collection Set: 0.2ms
[234.966s][info][gc,phases   ] GC(99)   Other: 0.1ms
[234.966s][info][gc,heap     ] GC(99) Eden regions: 40->0(40)
[234.966s][info][gc,heap     ] GC(99) Survivor regions: 1->1(6)
[234.966s][info][gc,heap     ] GC(99) Old regions: 34->34
[234.966s][info][gc,heap     ] GC(99) Archive regions: 2->2
[234.966s][info][gc,heap     ] GC(99) Humongous regions: 9->9
[234.966s][info][gc,metaspace] GC(99) Metaspace: 71057K(71616K)->71057K(71616K) NonClass: 61701K(61952K)->61701K(61952K) Class: 9356K(9664K)->9356K(9664K)
[234.966s][info][gc          ] GC(99) Pause Young (Concurrent Start) (G1 Evacuation Pause) 83M->43M(97M) 1.444ms
[234.966s][info][gc,cpu      ] GC(99) User=0.01s Sys=0.00s Real=0.00s
[234.966s][info][gc          ] GC(100) Concurrent Mark Cycle
[234.966s][info][gc,marking  ] GC(100) Concurrent Clear Claimed Marks
[234.966s][info][gc,marking  ] GC(100) Concurrent Clear Claimed Marks 0.037ms
[234.966s][info][gc,marking  ] GC(100) Concurrent Scan Root Regions
[234.966s][info][gc,marking  ] GC(100) Concurrent Scan Root Regions 0.704ms
[234.966s][info][gc,marking  ] GC(100) Concurrent Mark
[234.966s][info][gc,marking  ] GC(100) Concurrent Mark From Roots
[234.966s][info][gc,task     ] GC(100) Using 2 workers of 2 for marking
[234.978s][info][gc,marking  ] GC(100) Concurrent Mark From Roots 11.249ms
[234.978s][info][gc,marking  ] GC(100) Concurrent Preclean
[234.978s][info][gc,marking  ] GC(100) Concurrent Preclean 0.101ms
[234.978s][info][gc,start    ] GC(100) Pause Remark
[234.979s][info][gc          ] GC(100) Pause Remark 44M->44M(97M) 1.572ms
[234.979s][info][gc,cpu      ] GC(100) User=0.01s Sys=0.00s Real=0.00s
[234.980s][info][gc,marking  ] GC(100) Concurrent Mark 13.052ms
[234.980s][info][gc,marking  ] GC(100) Concurrent Rebuild Remembered Sets
[234.986s][info][gc,marking  ] GC(100) Concurrent Rebuild Remembered Sets 6.576ms
[234.986s][info][gc,start    ] GC(100) Pause Cleanup
[234.986s][info][gc          ] GC(100) Pause Cleanup 44M->44M(97M) 0.051ms
[234.986s][info][gc,cpu      ] GC(100) User=0.00s Sys=0.00s Real=0.00s
[234.986s][info][gc,marking  ] GC(100) Concurrent Cleanup for Next Mark
[234.986s][info][gc,marking  ] GC(100) Concurrent Cleanup for Next Mark 0.045ms
[234.986s][info][gc          ] GC(100) Concurrent Mark Cycle 20.580ms
[238.409s][info][gc,start    ] GC(101) Pause Young (Normal) (G1 Evacuation Pause)
[238.409s][info][gc,task     ] GC(101) Using 8 workers of 8 for evacuation
[238.410s][info][gc,phases   ] GC(101)   Pre Evacuate Collection Set: 0.1ms
[238.410s][info][gc,phases   ] GC(101)   Merge Heap Roots: 0.1ms
[238.410s][info][gc,phases   ] GC(101)   Evacuate Collection Set: 0.8ms
[238.410s][info][gc,phases   ] GC(101)   Post Evacuate Collection Set: 0.2ms
[238.410s][info][gc,phases   ] GC(101)   Other: 0.1ms
[238.410s][info][gc,heap     ] GC(101) Eden regions: 40->0(40)
[238.411s][info][gc,heap     ] GC(101) Survivor regions: 1->1(6)
[238.411s][info][gc,heap     ] GC(101) Old regions: 34->34
[238.411s][info][gc,heap     ] GC(101) Archive regions: 2->2
[238.411s][info][gc,heap     ] GC(101) Humongous regions: 9->9
[238.411s][info][gc,metaspace] GC(101) Metaspace: 71057K(71616K)->71057K(71616K) NonClass: 61701K(61952K)->61701K(61952K) Class: 9356K(9664K)->9356K(9664K)
[238.411s][info][gc          ] GC(101) Pause Young (Normal) (G1 Evacuation Pause) 83M->43M(97M) 1.298ms
[238.411s][info][gc,cpu      ] GC(101) User=0.00s Sys=0.00s Real=0.00s
[241.942s][info][gc,start    ] GC(102) Pause Young (Concurrent Start) (G1 Evacuation Pause)
[241.942s][info][gc,task     ] GC(102) Using 8 workers of 8 for evacuation
[241.943s][info][gc,phases   ] GC(102)   Pre Evacuate Collection Set: 0.1ms
[241.943s][info][gc,phases   ] GC(102)   Merge Heap Roots: 0.0ms
[241.943s][info][gc,phases   ] GC(102)   Evacuate Collection Set: 0.7ms
[241.943s][info][gc,phases   ] GC(102)   Post Evacuate Collection Set: 0.2ms
[241.943s][info][gc,phases   ] GC(102)   Other: 0.1ms
[241.943s][info][gc,heap     ] GC(102) Eden regions: 40->0(40)
[241.943s][info][gc,heap     ] GC(102) Survivor regions: 1->1(6)
[241.943s][info][gc,heap     ] GC(102) Old regions: 34->34
[241.943s][info][gc,heap     ] GC(102) Archive regions: 2->2
[241.943s][info][gc,heap     ] GC(102) Humongous regions: 9->9
[241.943s][info][gc,metaspace] GC(102) Metaspace: 71057K(71616K)->71057K(71616K) NonClass: 61701K(61952K)->61701K(61952K) Class: 9356K(9664K)->9356K(9664K)
[241.943s][info][gc          ] GC(102) Pause Young (Concurrent Start) (G1 Evacuation Pause) 83M->43M(97M) 1.233ms
[241.943s][info][gc,cpu      ] GC(102) User=0.00s Sys=0.00s Real=0.01s
[241.943s][info][gc          ] GC(103) Concurrent Mark Cycle
[241.943s][info][gc,marking  ] GC(103) Concurrent Clear Claimed Marks
[241.943s][info][gc,marking  ] GC(103) Concurrent Clear Claimed Marks 0.021ms
[241.943s][info][gc,marking  ] GC(103) Concurrent Scan Root Regions
[241.944s][info][gc,marking  ] GC(103) Concurrent Scan Root Regions 0.924ms
[241.944s][info][gc,marking  ] GC(103) Concurrent Mark
[241.944s][info][gc,marking  ] GC(103) Concurrent Mark From Roots
[241.944s][info][gc,task     ] GC(103) Using 2 workers of 2 for marking
[241.961s][info][gc,marking  ] GC(103) Concurrent Mark From Roots 16.984ms
[241.961s][info][gc,marking  ] GC(103) Concurrent Preclean
[241.961s][info][gc,marking  ] GC(103) Concurrent Preclean 0.099ms
[241.961s][info][gc,start    ] GC(103) Pause Remark
[241.963s][info][gc          ] GC(103) Pause Remark 44M->44M(97M) 1.565ms
[241.963s][info][gc,cpu      ] GC(103) User=0.01s Sys=0.00s Real=0.00s
[241.963s][info][gc,marking  ] GC(103) Concurrent Mark 18.772ms
[241.963s][info][gc,marking  ] GC(103) Concurrent Rebuild Remembered Sets
[241.971s][info][gc,marking  ] GC(103) Concurrent Rebuild Remembered Sets 8.402ms
[241.971s][info][gc,start    ] GC(103) Pause Cleanup
[241.971s][info][gc          ] GC(103) Pause Cleanup 44M->44M(97M) 0.052ms
[241.971s][info][gc,cpu      ] GC(103) User=0.00s Sys=0.00s Real=0.00s
[241.971s][info][gc,marking  ] GC(103) Concurrent Cleanup for Next Mark
[241.971s][info][gc,marking  ] GC(103) Concurrent Cleanup for Next Mark 0.065ms
[241.971s][info][gc          ] GC(103) Concurrent Mark Cycle 28.364ms
[245.564s][info][gc,start    ] GC(104) Pause Young (Normal) (G1 Evacuation Pause)
[245.564s][info][gc,task     ] GC(104) Using 8 workers of 8 for evacuation
[245.565s][info][gc,phases   ] GC(104)   Pre Evacuate Collection Set: 0.1ms
[245.565s][info][gc,phases   ] GC(104)   Merge Heap Roots: 0.1ms
[245.565s][info][gc,phases   ] GC(104)   Evacuate Collection Set: 0.8ms
[245.565s][info][gc,phases   ] GC(104)   Post Evacuate Collection Set: 0.2ms
[245.565s][info][gc,phases   ] GC(104)   Other: 0.1ms
[245.565s][info][gc,heap     ] GC(104) Eden regions: 40->0(40)
[245.565s][info][gc,heap     ] GC(104) Survivor regions: 1->1(6)
[245.565s][info][gc,heap     ] GC(104) Old regions: 34->34
[245.565s][info][gc,heap     ] GC(104) Archive regions: 2->2
[245.565s][info][gc,heap     ] GC(104) Humongous regions: 9->9
[245.565s][info][gc,metaspace] GC(104) Metaspace: 71057K(71616K)->71057K(71616K) NonClass: 61701K(61952K)->61701K(61952K) Class: 9356K(9664K)->9356K(9664K)
[245.565s][info][gc          ] GC(104) Pause Young (Normal) (G1 Evacuation Pause) 83M->44M(97M) 1.294ms
[245.565s][info][gc,cpu      ] GC(104) User=0.01s Sys=0.00s Real=0.00s
[249.116s][info][gc,start    ] GC(105) Pause Young (Concurrent Start) (G1 Evacuation Pause)
[249.116s][info][gc,task     ] GC(105) Using 8 workers of 8 for evacuation
[249.117s][info][gc,phases   ] GC(105)   Pre Evacuate Collection Set: 0.1ms
[249.117s][info][gc,phases   ] GC(105)   Merge Heap Roots: 0.0ms
[249.117s][info][gc,phases   ] GC(105)   Evacuate Collection Set: 0.7ms
[249.117s][info][gc,phases   ] GC(105)   Post Evacuate Collection Set: 0.2ms
[249.117s][info][gc,phases   ] GC(105)   Other: 0.1ms
[249.117s][info][gc,heap     ] GC(105) Eden regions: 40->0(40)
[249.117s][info][gc,heap     ] GC(105) Survivor regions: 1->1(6)
[249.117s][info][gc,heap     ] GC(105) Old regions: 34->34
[249.117s][info][gc,heap     ] GC(105) Archive regions: 2->2
[249.117s][info][gc,heap     ] GC(105) Humongous regions: 9->9
[249.117s][info][gc,metaspace] GC(105) Metaspace: 71063K(71616K)->71063K(71616K) NonClass: 61707K(61952K)->61707K(61952K) Class: 9356K(9664K)->9356K(9664K)
[249.117s][info][gc          ] GC(105) Pause Young (Concurrent Start) (G1 Evacuation Pause) 84M->44M(97M) 1.152ms
[249.117s][info][gc,cpu      ] GC(105) User=0.01s Sys=0.00s Real=0.00s
[249.117s][info][gc          ] GC(106) Concurrent Mark Cycle
[249.117s][info][gc,marking  ] GC(106) Concurrent Clear Claimed Marks
[249.117s][info][gc,marking  ] GC(106) Concurrent Clear Claimed Marks 0.023ms
[249.117s][info][gc,marking  ] GC(106) Concurrent Scan Root Regions
[249.118s][info][gc,marking  ] GC(106) Concurrent Scan Root Regions 0.806ms
[249.118s][info][gc,marking  ] GC(106) Concurrent Mark
[249.118s][info][gc,marking  ] GC(106) Concurrent Mark From Roots
[249.118s][info][gc,task     ] GC(106) Using 2 workers of 2 for marking
[249.133s][info][gc,marking  ] GC(106) Concurrent Mark From Roots 14.603ms
[249.133s][info][gc,marking  ] GC(106) Concurrent Preclean
[249.133s][info][gc,marking  ] GC(106) Concurrent Preclean 0.130ms
[249.133s][info][gc,start    ] GC(106) Pause Remark
[249.135s][info][gc          ] GC(106) Pause Remark 44M->44M(97M) 1.833ms
[249.135s][info][gc,cpu      ] GC(106) User=0.01s Sys=0.00s Real=0.00s
[249.135s][info][gc,marking  ] GC(106) Concurrent Mark 16.699ms
[249.135s][info][gc,marking  ] GC(106) Concurrent Rebuild Remembered Sets
[249.142s][info][gc,marking  ] GC(106) Concurrent Rebuild Remembered Sets 7.198ms
[249.142s][info][gc,start    ] GC(106) Pause Cleanup
[249.142s][info][gc          ] GC(106) Pause Cleanup 44M->44M(97M) 0.072ms
[249.142s][info][gc,cpu      ] GC(106) User=0.00s Sys=0.00s Real=0.00s
[249.142s][info][gc,marking  ] GC(106) Concurrent Cleanup for Next Mark
[249.142s][info][gc,marking  ] GC(106) Concurrent Cleanup for Next Mark 0.061ms
[249.142s][info][gc          ] GC(106) Concurrent Mark Cycle 25.034ms
[252.728s][info][gc,start    ] GC(107) Pause Young (Normal) (G1 Evacuation Pause)
[252.728s][info][gc,task     ] GC(107) Using 8 workers of 8 for evacuation
[252.729s][info][gc,phases   ] GC(107)   Pre Evacuate Collection Set: 0.1ms
[252.729s][info][gc,phases   ] GC(107)   Merge Heap Roots: 0.0ms
[252.729s][info][gc,phases   ] GC(107)   Evacuate Collection Set: 0.6ms
[252.729s][info][gc,phases   ] GC(107)   Post Evacuate Collection Set: 0.2ms
[252.729s][info][gc,phases   ] GC(107)   Other: 0.1ms
[252.729s][info][gc,heap     ] GC(107) Eden regions: 40->0(40)
[252.729s][info][gc,heap     ] GC(107) Survivor regions: 1->1(6)
[252.729s][info][gc,heap     ] GC(107) Old regions: 34->34
[252.729s][info][gc,heap     ] GC(107) Archive regions: 2->2
[252.729s][info][gc,heap     ] GC(107) Humongous regions: 9->9
[252.729s][info][gc,metaspace] GC(107) Metaspace: 71070K(71680K)->71070K(71680K) NonClass: 61714K(62016K)->61714K(62016K) Class: 9356K(9664K)->9356K(9664K)
[252.729s][info][gc          ] GC(107) Pause Young (Normal) (G1 Evacuation Pause) 84M->44M(97M) 0.999ms
[252.729s][info][gc,cpu      ] GC(107) User=0.00s Sys=0.01s Real=0.00s
[256.567s][info][gc,start    ] GC(108) Pause Young (Concurrent Start) (G1 Evacuation Pause)
[256.567s][info][gc,task     ] GC(108) Using 8 workers of 8 for evacuation
[256.569s][info][gc,phases   ] GC(108)   Pre Evacuate Collection Set: 0.1ms
[256.569s][info][gc,phases   ] GC(108)   Merge Heap Roots: 0.0ms
[256.569s][info][gc,phases   ] GC(108)   Evacuate Collection Set: 0.9ms
[256.569s][info][gc,phases   ] GC(108)   Post Evacuate Collection Set: 0.2ms
[256.569s][info][gc,phases   ] GC(108)   Other: 0.1ms
[256.569s][info][gc,heap     ] GC(108) Eden regions: 40->0(40)
[256.569s][info][gc,heap     ] GC(108) Survivor regions: 1->1(6)
[256.569s][info][gc,heap     ] GC(108) Old regions: 34->34
[256.569s][info][gc,heap     ] GC(108) Archive regions: 2->2
[256.569s][info][gc,heap     ] GC(108) Humongous regions: 9->9
[256.569s][info][gc,metaspace] GC(108) Metaspace: 71082K(71680K)->71082K(71680K) NonClass: 61726K(62016K)->61726K(62016K) Class: 9356K(9664K)->9356K(9664K)
[256.569s][info][gc          ] GC(108) Pause Young (Concurrent Start) (G1 Evacuation Pause) 84M->44M(97M) 1.416ms
[256.569s][info][gc,cpu      ] GC(108) User=0.01s Sys=0.00s Real=0.00s
[256.569s][info][gc          ] GC(109) Concurrent Mark Cycle
[256.569s][info][gc,marking  ] GC(109) Concurrent Clear Claimed Marks
[256.569s][info][gc,marking  ] GC(109) Concurrent Clear Claimed Marks 0.031ms
[256.569s][info][gc,marking  ] GC(109) Concurrent Scan Root Regions
[256.570s][info][gc,marking  ] GC(109) Concurrent Scan Root Regions 1.169ms
[256.570s][info][gc,marking  ] GC(109) Concurrent Mark
[256.570s][info][gc,marking  ] GC(109) Concurrent Mark From Roots
[256.570s][info][gc,task     ] GC(109) Using 2 workers of 2 for marking
[256.588s][info][gc,marking  ] GC(109) Concurrent Mark From Roots 17.986ms
[256.588s][info][gc,marking  ] GC(109) Concurrent Preclean
[256.588s][info][gc,marking  ] GC(109) Concurrent Preclean 0.178ms
[256.588s][info][gc,start    ] GC(109) Pause Remark
[256.591s][info][gc          ] GC(109) Pause Remark 44M->44M(97M) 2.553ms
[256.591s][info][gc,cpu      ] GC(109) User=0.01s Sys=0.00s Real=0.00s
[256.591s][info][gc,marking  ] GC(109) Concurrent Mark 20.911ms
[256.591s][info][gc,marking  ] GC(109) Concurrent Rebuild Remembered Sets
[256.600s][info][gc,marking  ] GC(109) Concurrent Rebuild Remembered Sets 8.953ms
[256.600s][info][gc,start    ] GC(109) Pause Cleanup
[256.600s][info][gc          ] GC(109) Pause Cleanup 44M->44M(97M) 0.069ms
[256.600s][info][gc,cpu      ] GC(109) User=0.00s Sys=0.00s Real=0.00s
[256.600s][info][gc,marking  ] GC(109) Concurrent Cleanup for Next Mark
[256.600s][info][gc,marking  ] GC(109) Concurrent Cleanup for Next Mark 0.058ms
[256.600s][info][gc          ] GC(109) Concurrent Mark Cycle 31.398ms
[260.880s][info][gc,start    ] GC(110) Pause Young (Normal) (G1 Evacuation Pause)
[260.880s][info][gc,task     ] GC(110) Using 8 workers of 8 for evacuation
[260.881s][info][gc,phases   ] GC(110)   Pre Evacuate Collection Set: 0.1ms
[260.881s][info][gc,phases   ] GC(110)   Merge Heap Roots: 0.0ms
[260.881s][info][gc,phases   ] GC(110)   Evacuate Collection Set: 1.3ms
[260.881s][info][gc,phases   ] GC(110)   Post Evacuate Collection Set: 0.2ms
[260.881s][info][gc,phases   ] GC(110)   Other: 0.1ms
[260.881s][info][gc,heap     ] GC(110) Eden regions: 40->0(40)
[260.881s][info][gc,heap     ] GC(110) Survivor regions: 1->1(6)
[260.881s][info][gc,heap     ] GC(110) Old regions: 34->34
[260.881s][info][gc,heap     ] GC(110) Archive regions: 2->2
[260.881s][info][gc,heap     ] GC(110) Humongous regions: 9->9
[260.881s][info][gc,metaspace] GC(110) Metaspace: 71088K(71680K)->71088K(71680K) NonClass: 61732K(62016K)->61732K(62016K) Class: 9356K(9664K)->9356K(9664K)
[260.881s][info][gc          ] GC(110) Pause Young (Normal) (G1 Evacuation Pause) 84M->44M(97M) 1.741ms
[260.881s][info][gc,cpu      ] GC(110) User=0.00s Sys=0.00s Real=0.00s
[264.971s][info][gc,start    ] GC(111) Pause Young (Concurrent Start) (G1 Evacuation Pause)
[264.971s][info][gc,task     ] GC(111) Using 8 workers of 8 for evacuation
[264.972s][info][gc,phases   ] GC(111)   Pre Evacuate Collection Set: 0.1ms
[264.972s][info][gc,phases   ] GC(111)   Merge Heap Roots: 0.0ms
[264.972s][info][gc,phases   ] GC(111)   Evacuate Collection Set: 0.9ms
[264.972s][info][gc,phases   ] GC(111)   Post Evacuate Collection Set: 0.2ms
[264.972s][info][gc,phases   ] GC(111)   Other: 0.1ms
[264.972s][info][gc,heap     ] GC(111) Eden regions: 40->0(40)
[264.972s][info][gc,heap     ] GC(111) Survivor regions: 1->1(6)
[264.972s][info][gc,heap     ] GC(111) Old regions: 34->34
[264.972s][info][gc,heap     ] GC(111) Archive regions: 2->2
[264.972s][info][gc,heap     ] GC(111) Humongous regions: 9->9
[264.972s][info][gc,metaspace] GC(111) Metaspace: 71088K(71680K)->71088K(71680K) NonClass: 61732K(62016K)->61732K(62016K) Class: 9356K(9664K)->9356K(9664K)
[264.972s][info][gc          ] GC(111) Pause Young (Concurrent Start) (G1 Evacuation Pause) 84M->44M(97M) 1.368ms
[264.972s][info][gc,cpu      ] GC(111) User=0.00s Sys=0.00s Real=0.00s
[264.972s][info][gc          ] GC(112) Concurrent Mark Cycle
[264.972s][info][gc,marking  ] GC(112) Concurrent Clear Claimed Marks
[264.972s][info][gc,marking  ] GC(112) Concurrent Clear Claimed Marks 0.024ms
[264.972s][info][gc,marking  ] GC(112) Concurrent Scan Root Regions
[264.973s][info][gc,marking  ] GC(112) Concurrent Scan Root Regions 0.771ms
[264.973s][info][gc,marking  ] GC(112) Concurrent Mark
[264.973s][info][gc,marking  ] GC(112) Concurrent Mark From Roots
[264.973s][info][gc,task     ] GC(112) Using 2 workers of 2 for marking
[264.990s][info][gc,marking  ] GC(112) Concurrent Mark From Roots 16.542ms
[264.990s][info][gc,marking  ] GC(112) Concurrent Preclean
[264.990s][info][gc,marking  ] GC(112) Concurrent Preclean 0.193ms
[264.990s][info][gc,start    ] GC(112) Pause Remark
[264.992s][info][gc          ] GC(112) Pause Remark 44M->44M(97M) 2.317ms
[264.992s][info][gc,cpu      ] GC(112) User=0.01s Sys=0.00s Real=0.00s
[264.992s][info][gc,marking  ] GC(112) Concurrent Mark 19.211ms
[264.992s][info][gc,marking  ] GC(112) Concurrent Rebuild Remembered Sets
[265.001s][info][gc,marking  ] GC(112) Concurrent Rebuild Remembered Sets 9.003ms
[265.002s][info][gc,start    ] GC(112) Pause Cleanup
[265.002s][info][gc          ] GC(112) Pause Cleanup 44M->44M(97M) 0.070ms
[265.002s][info][gc,cpu      ] GC(112) User=0.00s Sys=0.00s Real=0.00s
[265.002s][info][gc,marking  ] GC(112) Concurrent Cleanup for Next Mark
[265.002s][info][gc,marking  ] GC(112) Concurrent Cleanup for Next Mark 0.061ms
[265.002s][info][gc          ] GC(112) Concurrent Mark Cycle 29.349ms
[269.018s][info][gc,start    ] GC(113) Pause Young (Normal) (G1 Evacuation Pause)
[269.018s][info][gc,task     ] GC(113) Using 8 workers of 8 for evacuation
[269.019s][info][gc,phases   ] GC(113)   Pre Evacuate Collection Set: 0.1ms
[269.019s][info][gc,phases   ] GC(113)   Merge Heap Roots: 0.1ms
[269.019s][info][gc,phases   ] GC(113)   Evacuate Collection Set: 0.9ms
[269.019s][info][gc,phases   ] GC(113)   Post Evacuate Collection Set: 0.2ms
[269.019s][info][gc,phases   ] GC(113)   Other: 0.1ms
[269.019s][info][gc,heap     ] GC(113) Eden regions: 40->0(40)
[269.019s][info][gc,heap     ] GC(113) Survivor regions: 1->1(6)
[269.019s][info][gc,heap     ] GC(113) Old regions: 34->34
[269.019s][info][gc,heap     ] GC(113) Archive regions: 2->2
[269.019s][info][gc,heap     ] GC(113) Humongous regions: 9->9
[269.019s][info][gc,metaspace] GC(113) Metaspace: 71089K(71680K)->71089K(71680K) NonClass: 61733K(62016K)->61733K(62016K) Class: 9356K(9664K)->9356K(9664K)
[269.019s][info][gc          ] GC(113) Pause Young (Normal) (G1 Evacuation Pause) 84M->44M(97M) 1.410ms
[269.019s][info][gc,cpu      ] GC(113) User=0.01s Sys=0.00s Real=0.00s
[273.545s][info][gc,start    ] GC(114) Pause Young (Concurrent Start) (G1 Evacuation Pause)
[273.545s][info][gc,task     ] GC(114) Using 8 workers of 8 for evacuation
[273.547s][info][gc,phases   ] GC(114)   Pre Evacuate Collection Set: 0.1ms
[273.547s][info][gc,phases   ] GC(114)   Merge Heap Roots: 0.0ms
[273.547s][info][gc,phases   ] GC(114)   Evacuate Collection Set: 0.7ms
[273.547s][info][gc,phases   ] GC(114)   Post Evacuate Collection Set: 0.2ms
[273.547s][info][gc,phases   ] GC(114)   Other: 0.1ms
[273.547s][info][gc,heap     ] GC(114) Eden regions: 40->0(40)
[273.547s][info][gc,heap     ] GC(114) Survivor regions: 1->1(6)
[273.547s][info][gc,heap     ] GC(114) Old regions: 34->34
[273.547s][info][gc,heap     ] GC(114) Archive regions: 2->2
[273.547s][info][gc,heap     ] GC(114) Humongous regions: 9->9
[273.547s][info][gc,metaspace] GC(114) Metaspace: 71089K(71680K)->71089K(71680K) NonClass: 61733K(62016K)->61733K(62016K) Class: 9356K(9664K)->9356K(9664K)
[273.547s][info][gc          ] GC(114) Pause Young (Concurrent Start) (G1 Evacuation Pause) 84M->44M(97M) 1.234ms
[273.547s][info][gc,cpu      ] GC(114) User=0.01s Sys=0.00s Real=0.00s
[273.547s][info][gc          ] GC(115) Concurrent Mark Cycle
[273.547s][info][gc,marking  ] GC(115) Concurrent Clear Claimed Marks
[273.547s][info][gc,marking  ] GC(115) Concurrent Clear Claimed Marks 0.025ms
[273.547s][info][gc,marking  ] GC(115) Concurrent Scan Root Regions
[273.548s][info][gc,marking  ] GC(115) Concurrent Scan Root Regions 0.825ms
[273.548s][info][gc,marking  ] GC(115) Concurrent Mark
[273.548s][info][gc,marking  ] GC(115) Concurrent Mark From Roots
[273.548s][info][gc,task     ] GC(115) Using 2 workers of 2 for marking
[273.565s][info][gc,marking  ] GC(115) Concurrent Mark From Roots 17.535ms
[273.565s][info][gc,marking  ] GC(115) Concurrent Preclean
[273.565s][info][gc,marking  ] GC(115) Concurrent Preclean 0.178ms
[273.565s][info][gc,start    ] GC(115) Pause Remark
[273.568s][info][gc          ] GC(115) Pause Remark 45M->45M(97M) 2.284ms
[273.568s][info][gc,cpu      ] GC(115) User=0.01s Sys=0.00s Real=0.00s
[273.568s][info][gc,marking  ] GC(115) Concurrent Mark 20.174ms
[273.568s][info][gc,marking  ] GC(115) Concurrent Rebuild Remembered Sets
[273.579s][info][gc,marking  ] GC(115) Concurrent Rebuild Remembered Sets 10.740ms
[273.579s][info][gc,start    ] GC(115) Pause Cleanup
[273.579s][info][gc          ] GC(115) Pause Cleanup 45M->45M(97M) 0.071ms
[273.579s][info][gc,cpu      ] GC(115) User=0.00s Sys=0.00s Real=0.00s
[273.579s][info][gc,marking  ] GC(115) Concurrent Cleanup for Next Mark
[273.579s][info][gc,marking  ] GC(115) Concurrent Cleanup for Next Mark 0.057ms
[273.579s][info][gc          ] GC(115) Concurrent Mark Cycle 32.055ms
[277.373s][info][gc,start    ] GC(116) Pause Young (Normal) (G1 Evacuation Pause)
[277.373s][info][gc,task     ] GC(116) Using 8 workers of 8 for evacuation
[277.375s][info][gc,phases   ] GC(116)   Pre Evacuate Collection Set: 0.1ms
[277.375s][info][gc,phases   ] GC(116)   Merge Heap Roots: 0.0ms
[277.375s][info][gc,phases   ] GC(116)   Evacuate Collection Set: 0.9ms
[277.375s][info][gc,phases   ] GC(116)   Post Evacuate Collection Set: 0.2ms
[277.375s][info][gc,phases   ] GC(116)   Other: 0.1ms
[277.375s][info][gc,heap     ] GC(116) Eden regions: 40->0(40)
[277.375s][info][gc,heap     ] GC(116) Survivor regions: 1->1(6)
[277.375s][info][gc,heap     ] GC(116) Old regions: 34->34
[277.375s][info][gc,heap     ] GC(116) Archive regions: 2->2
[277.375s][info][gc,heap     ] GC(116) Humongous regions: 9->9
[277.375s][info][gc,metaspace] GC(116) Metaspace: 71089K(71680K)->71089K(71680K) NonClass: 61733K(62016K)->61733K(62016K) Class: 9356K(9664K)->9356K(9664K)
[277.375s][info][gc          ] GC(116) Pause Young (Normal) (G1 Evacuation Pause) 84M->44M(97M) 1.376ms
[277.375s][info][gc,cpu      ] GC(116) User=0.01s Sys=0.00s Real=0.00s
[281.564s][info][gc,start    ] GC(117) Pause Young (Concurrent Start) (G1 Evacuation Pause)
[281.564s][info][gc,task     ] GC(117) Using 8 workers of 8 for evacuation
[281.566s][info][gc,phases   ] GC(117)   Pre Evacuate Collection Set: 0.1ms
[281.566s][info][gc,phases   ] GC(117)   Merge Heap Roots: 0.1ms
[281.566s][info][gc,phases   ] GC(117)   Evacuate Collection Set: 1.3ms
[281.566s][info][gc,phases   ] GC(117)   Post Evacuate Collection Set: 0.3ms
[281.566s][info][gc,phases   ] GC(117)   Other: 0.2ms
[281.566s][info][gc,heap     ] GC(117) Eden regions: 40->0(40)
[281.566s][info][gc,heap     ] GC(117) Survivor regions: 1->1(6)
[281.566s][info][gc,heap     ] GC(117) Old regions: 34->34
[281.566s][info][gc,heap     ] GC(117) Archive regions: 2->2
[281.566s][info][gc,heap     ] GC(117) Humongous regions: 9->9
[281.566s][info][gc,metaspace] GC(117) Metaspace: 71090K(71680K)->71090K(71680K) NonClass: 61733K(62016K)->61733K(62016K) Class: 9356K(9664K)->9356K(9664K)
[281.566s][info][gc          ] GC(117) Pause Young (Concurrent Start) (G1 Evacuation Pause) 84M->44M(97M) 2.048ms
[281.566s][info][gc,cpu      ] GC(117) User=0.00s Sys=0.00s Real=0.00s
[281.567s][info][gc          ] GC(118) Concurrent Mark Cycle
[281.567s][info][gc,marking  ] GC(118) Concurrent Clear Claimed Marks
[281.567s][info][gc,marking  ] GC(118) Concurrent Clear Claimed Marks 0.058ms
[281.567s][info][gc,marking  ] GC(118) Concurrent Scan Root Regions
[281.568s][info][gc,marking  ] GC(118) Concurrent Scan Root Regions 1.365ms
[281.568s][info][gc,marking  ] GC(118) Concurrent Mark
[281.568s][info][gc,marking  ] GC(118) Concurrent Mark From Roots
[281.568s][info][gc,task     ] GC(118) Using 2 workers of 2 for marking
[281.595s][info][gc,marking  ] GC(118) Concurrent Mark From Roots 26.626ms
[281.595s][info][gc,marking  ] GC(118) Concurrent Preclean
[281.595s][info][gc,marking  ] GC(118) Concurrent Preclean 0.152ms
[281.595s][info][gc,start    ] GC(118) Pause Remark
[281.598s][info][gc          ] GC(118) Pause Remark 45M->45M(97M) 2.909ms
[281.598s][info][gc,cpu      ] GC(118) User=0.01s Sys=0.00s Real=0.00s
[281.598s][info][gc,marking  ] GC(118) Concurrent Mark 29.889ms
[281.598s][info][gc,marking  ] GC(118) Concurrent Rebuild Remembered Sets
[281.611s][info][gc,marking  ] GC(118) Concurrent Rebuild Remembered Sets 12.871ms
[281.611s][info][gc,start    ] GC(118) Pause Cleanup
[281.611s][info][gc          ] GC(118) Pause Cleanup 45M->45M(97M) 0.091ms
[281.611s][info][gc,cpu      ] GC(118) User=0.00s Sys=0.00s Real=0.00s
[281.611s][info][gc,marking  ] GC(118) Concurrent Cleanup for Next Mark
[281.611s][info][gc,marking  ] GC(118) Concurrent Cleanup for Next Mark 0.116ms
[281.611s][info][gc          ] GC(118) Concurrent Mark Cycle 44.608ms
[285.953s][info][gc,start    ] GC(119) Pause Young (Normal) (G1 Evacuation Pause)
[285.953s][info][gc,task     ] GC(119) Using 8 workers of 8 for evacuation
[285.954s][info][gc,phases   ] GC(119)   Pre Evacuate Collection Set: 0.1ms
[285.954s][info][gc,phases   ] GC(119)   Merge Heap Roots: 0.0ms
[285.954s][info][gc,phases   ] GC(119)   Evacuate Collection Set: 0.7ms
[285.954s][info][gc,phases   ] GC(119)   Post Evacuate Collection Set: 0.2ms
[285.954s][info][gc,phases   ] GC(119)   Other: 0.1ms
[285.954s][info][gc,heap     ] GC(119) Eden regions: 40->0(40)
[285.954s][info][gc,heap     ] GC(119) Survivor regions: 1->1(6)
[285.954s][info][gc,heap     ] GC(119) Old regions: 34->34
[285.954s][info][gc,heap     ] GC(119) Archive regions: 2->2
[285.954s][info][gc,heap     ] GC(119) Humongous regions: 9->9
[285.954s][info][gc,metaspace] GC(119) Metaspace: 71090K(71680K)->71090K(71680K) NonClass: 61733K(62016K)->61733K(62016K) Class: 9356K(9664K)->9356K(9664K)
[285.954s][info][gc          ] GC(119) Pause Young (Normal) (G1 Evacuation Pause) 84M->44M(97M) 1.113ms
[285.954s][info][gc,cpu      ] GC(119) User=0.00s Sys=0.00s Real=0.01s
[289.904s][info][gc,start    ] GC(120) Pause Young (Concurrent Start) (G1 Evacuation Pause)
[289.904s][info][gc,task     ] GC(120) Using 8 workers of 8 for evacuation
[289.905s][info][gc,phases   ] GC(120)   Pre Evacuate Collection Set: 0.1ms
[289.905s][info][gc,phases   ] GC(120)   Merge Heap Roots: 0.0ms
[289.905s][info][gc,phases   ] GC(120)   Evacuate Collection Set: 0.7ms
[289.905s][info][gc,phases   ] GC(120)   Post Evacuate Collection Set: 0.2ms
[289.905s][info][gc,phases   ] GC(120)   Other: 0.1ms
[289.905s][info][gc,heap     ] GC(120) Eden regions: 40->0(40)
[289.905s][info][gc,heap     ] GC(120) Survivor regions: 1->1(6)
[289.905s][info][gc,heap     ] GC(120) Old regions: 34->34
[289.905s][info][gc,heap     ] GC(120) Archive regions: 2->2
[289.905s][info][gc,heap     ] GC(120) Humongous regions: 9->9
[289.905s][info][gc,metaspace] GC(120) Metaspace: 71091K(71680K)->71091K(71680K) NonClass: 61735K(62016K)->61735K(62016K) Class: 9356K(9664K)->9356K(9664K)
[289.905s][info][gc          ] GC(120) Pause Young (Concurrent Start) (G1 Evacuation Pause) 84M->44M(97M) 1.154ms
[289.905s][info][gc,cpu      ] GC(120) User=0.00s Sys=0.00s Real=0.00s
[289.905s][info][gc          ] GC(121) Concurrent Mark Cycle
[289.905s][info][gc,marking  ] GC(121) Concurrent Clear Claimed Marks
[289.905s][info][gc,marking  ] GC(121) Concurrent Clear Claimed Marks 0.031ms
[289.905s][info][gc,marking  ] GC(121) Concurrent Scan Root Regions
[289.906s][info][gc,marking  ] GC(121) Concurrent Scan Root Regions 1.146ms
[289.906s][info][gc,marking  ] GC(121) Concurrent Mark
[289.906s][info][gc,marking  ] GC(121) Concurrent Mark From Roots
[289.906s][info][gc,task     ] GC(121) Using 2 workers of 2 for marking
[289.925s][info][gc,marking  ] GC(121) Concurrent Mark From Roots 18.899ms
[289.925s][info][gc,marking  ] GC(121) Concurrent Preclean
[289.925s][info][gc,marking  ] GC(121) Concurrent Preclean 0.153ms
[289.925s][info][gc,start    ] GC(121) Pause Remark
[289.927s][info][gc          ] GC(121) Pause Remark 45M->45M(97M) 1.723ms
[289.927s][info][gc,cpu      ] GC(121) User=0.01s Sys=0.00s Real=0.00s
[289.927s][info][gc,marking  ] GC(121) Concurrent Mark 20.923ms
[289.927s][info][gc,marking  ] GC(121) Concurrent Rebuild Remembered Sets
[289.934s][info][gc,marking  ] GC(121) Concurrent Rebuild Remembered Sets 6.864ms
[289.934s][info][gc,start    ] GC(121) Pause Cleanup
[289.934s][info][gc          ] GC(121) Pause Cleanup 45M->45M(97M) 0.067ms
[289.934s][info][gc,cpu      ] GC(121) User=0.00s Sys=0.00s Real=0.00s
[289.934s][info][gc,marking  ] GC(121) Concurrent Cleanup for Next Mark
[289.934s][info][gc,marking  ] GC(121) Concurrent Cleanup for Next Mark 0.049ms
[289.934s][info][gc          ] GC(121) Concurrent Mark Cycle 29.258ms
[293.860s][info][gc,start    ] GC(122) Pause Young (Normal) (G1 Evacuation Pause)
[293.860s][info][gc,task     ] GC(122) Using 8 workers of 8 for evacuation
[293.861s][info][gc,phases   ] GC(122)   Pre Evacuate Collection Set: 0.1ms
[293.861s][info][gc,phases   ] GC(122)   Merge Heap Roots: 0.1ms
[293.861s][info][gc,phases   ] GC(122)   Evacuate Collection Set: 1.1ms
[293.861s][info][gc,phases   ] GC(122)   Post Evacuate Collection Set: 0.4ms
[293.861s][info][gc,phases   ] GC(122)   Other: 0.2ms
[293.861s][info][gc,heap     ] GC(122) Eden regions: 40->0(39)
[293.861s][info][gc,heap     ] GC(122) Survivor regions: 1->1(6)
[293.861s][info][gc,heap     ] GC(122) Old regions: 34->35
[293.861s][info][gc,heap     ] GC(122) Archive regions: 2->2
[293.862s][info][gc,heap     ] GC(122) Humongous regions: 9->9
[293.862s][info][gc,metaspace] GC(122) Metaspace: 71091K(71680K)->71091K(71680K) NonClass: 61735K(62016K)->61735K(62016K) Class: 9356K(9664K)->9356K(9664K)
[293.862s][info][gc          ] GC(122) Pause Young (Normal) (G1 Evacuation Pause) 84M->44M(97M) 1.866ms
[293.862s][info][gc,cpu      ] GC(122) User=0.01s Sys=0.00s Real=0.00s
[297.904s][info][gc,start    ] GC(123) Pause Young (Concurrent Start) (G1 Evacuation Pause)
[297.904s][info][gc,task     ] GC(123) Using 8 workers of 8 for evacuation
[297.907s][info][gc,phases   ] GC(123)   Pre Evacuate Collection Set: 0.2ms
[297.907s][info][gc,phases   ] GC(123)   Merge Heap Roots: 0.1ms
[297.907s][info][gc,phases   ] GC(123)   Evacuate Collection Set: 1.8ms
[297.907s][info][gc,phases   ] GC(123)   Post Evacuate Collection Set: 0.2ms
[297.907s][info][gc,phases   ] GC(123)   Other: 0.3ms
[297.907s][info][gc,heap     ] GC(123) Eden regions: 39->0(39)
[297.907s][info][gc,heap     ] GC(123) Survivor regions: 1->1(5)
[297.907s][info][gc,heap     ] GC(123) Old regions: 35->35
[297.907s][info][gc,heap     ] GC(123) Archive regions: 2->2
[297.907s][info][gc,heap     ] GC(123) Humongous regions: 9->9
[297.907s][info][gc,metaspace] GC(123) Metaspace: 71091K(71680K)->71091K(71680K) NonClass: 61735K(62016K)->61735K(62016K) Class: 9356K(9664K)->9356K(9664K)
[297.907s][info][gc          ] GC(123) Pause Young (Concurrent Start) (G1 Evacuation Pause) 83M->44M(97M) 2.721ms
[297.907s][info][gc,cpu      ] GC(123) User=0.01s Sys=0.00s Real=0.00s
[297.907s][info][gc          ] GC(124) Concurrent Mark Cycle
[297.907s][info][gc,marking  ] GC(124) Concurrent Clear Claimed Marks
[297.907s][info][gc,marking  ] GC(124) Concurrent Clear Claimed Marks 0.038ms
[297.907s][info][gc,marking  ] GC(124) Concurrent Scan Root Regions
[297.908s][info][gc,marking  ] GC(124) Concurrent Scan Root Regions 1.323ms
[297.908s][info][gc,marking  ] GC(124) Concurrent Mark
[297.908s][info][gc,marking  ] GC(124) Concurrent Mark From Roots
[297.908s][info][gc,task     ] GC(124) Using 2 workers of 2 for marking
[297.925s][info][gc,marking  ] GC(124) Concurrent Mark From Roots 16.921ms
[297.925s][info][gc,marking  ] GC(124) Concurrent Preclean
[297.925s][info][gc,marking  ] GC(124) Concurrent Preclean 0.109ms
[297.925s][info][gc,start    ] GC(124) Pause Remark
[297.928s][info][gc          ] GC(124) Pause Remark 45M->45M(97M) 3.146ms
[297.928s][info][gc,cpu      ] GC(124) User=0.02s Sys=0.00s Real=0.00s
[297.928s][info][gc,marking  ] GC(124) Concurrent Mark 20.331ms
[297.928s][info][gc,marking  ] GC(124) Concurrent Rebuild Remembered Sets
[297.938s][info][gc,marking  ] GC(124) Concurrent Rebuild Remembered Sets 9.156ms
[297.938s][info][gc,start    ] GC(124) Pause Cleanup
[297.938s][info][gc          ] GC(124) Pause Cleanup 45M->45M(97M) 0.071ms
[297.938s][info][gc,cpu      ] GC(124) User=0.00s Sys=0.00s Real=0.00s
[297.938s][info][gc,marking  ] GC(124) Concurrent Cleanup for Next Mark
[297.938s][info][gc,marking  ] GC(124) Concurrent Cleanup for Next Mark 0.147ms
[297.938s][info][gc          ] GC(124) Concurrent Mark Cycle 31.339ms
[301.736s][info][gc,start    ] GC(125) Pause Young (Prepare Mixed) (G1 Evacuation Pause)
[301.736s][info][gc,task     ] GC(125) Using 8 workers of 8 for evacuation
[301.738s][info][gc,phases   ] GC(125)   Pre Evacuate Collection Set: 0.1ms
[301.738s][info][gc,phases   ] GC(125)   Merge Heap Roots: 0.0ms
[301.738s][info][gc,phases   ] GC(125)   Evacuate Collection Set: 0.9ms
[301.738s][info][gc,phases   ] GC(125)   Post Evacuate Collection Set: 0.3ms
[301.738s][info][gc,phases   ] GC(125)   Other: 0.1ms
[301.738s][info][gc,heap     ] GC(125) Eden regions: 39->0(3)
[301.738s][info][gc,heap     ] GC(125) Survivor regions: 1->1(5)
[301.738s][info][gc,heap     ] GC(125) Old regions: 35->35
[301.738s][info][gc,heap     ] GC(125) Archive regions: 2->2
[301.738s][info][gc,heap     ] GC(125) Humongous regions: 9->9
[301.738s][info][gc,metaspace] GC(125) Metaspace: 71091K(71680K)->71091K(71680K) NonClass: 61735K(62016K)->61735K(62016K) Class: 9356K(9664K)->9356K(9664K)
[301.738s][info][gc          ] GC(125) Pause Young (Prepare Mixed) (G1 Evacuation Pause) 83M->44M(97M) 1.479ms
[301.738s][info][gc,cpu      ] GC(125) User=0.01s Sys=0.00s Real=0.00s
[301.988s][info][gc,start    ] GC(126) Pause Young (Mixed) (G1 Evacuation Pause)
[301.988s][info][gc,task     ] GC(126) Using 8 workers of 8 for evacuation
[301.989s][info][gc,phases   ] GC(126)   Pre Evacuate Collection Set: 0.0ms
[301.989s][info][gc,phases   ] GC(126)   Merge Heap Roots: 0.0ms
[301.989s][info][gc,phases   ] GC(126)   Evacuate Collection Set: 0.8ms
[301.989s][info][gc,phases   ] GC(126)   Post Evacuate Collection Set: 0.1ms
[301.989s][info][gc,phases   ] GC(126)   Other: 0.1ms
[301.989s][info][gc,heap     ] GC(126) Eden regions: 3->0(40)
[301.989s][info][gc,heap     ] GC(126) Survivor regions: 1->1(1)
[301.989s][info][gc,heap     ] GC(126) Old regions: 35->34
[301.989s][info][gc,heap     ] GC(126) Archive regions: 2->2
[301.989s][info][gc,heap     ] GC(126) Humongous regions: 9->9
[301.989s][info][gc,metaspace] GC(126) Metaspace: 71091K(71680K)->71091K(71680K) NonClass: 61735K(62016K)->61735K(62016K) Class: 9356K(9664K)->9356K(9664K)
[301.990s][info][gc          ] GC(126) Pause Young (Mixed) (G1 Evacuation Pause) 47M->43M(97M) 1.108ms
[301.990s][info][gc,cpu      ] GC(126) User=0.00s Sys=0.00s Real=0.00s
[305.602s][info][gc,start    ] GC(127) Pause Young (Concurrent Start) (G1 Evacuation Pause)
[305.603s][info][gc,task     ] GC(127) Using 8 workers of 8 for evacuation
[305.604s][info][gc,phases   ] GC(127)   Pre Evacuate Collection Set: 0.1ms
[305.604s][info][gc,phases   ] GC(127)   Merge Heap Roots: 0.0ms
[305.604s][info][gc,phases   ] GC(127)   Evacuate Collection Set: 0.9ms
[305.604s][info][gc,phases   ] GC(127)   Post Evacuate Collection Set: 0.2ms
[305.604s][info][gc,phases   ] GC(127)   Other: 0.1ms
[305.604s][info][gc,heap     ] GC(127) Eden regions: 40->0(40)
[305.604s][info][gc,heap     ] GC(127) Survivor regions: 1->1(6)
[305.604s][info][gc,heap     ] GC(127) Old regions: 34->34
[305.604s][info][gc,heap     ] GC(127) Archive regions: 2->2
[305.604s][info][gc,heap     ] GC(127) Humongous regions: 9->9
[305.604s][info][gc,metaspace] GC(127) Metaspace: 71091K(71680K)->71091K(71680K) NonClass: 61735K(62016K)->61735K(62016K) Class: 9356K(9664K)->9356K(9664K)
[305.604s][info][gc          ] GC(127) Pause Young (Concurrent Start) (G1 Evacuation Pause) 83M->43M(97M) 1.385ms
[305.604s][info][gc,cpu      ] GC(127) User=0.00s Sys=0.00s Real=0.01s
[305.604s][info][gc          ] GC(128) Concurrent Mark Cycle
[305.604s][info][gc,marking  ] GC(128) Concurrent Clear Claimed Marks
[305.604s][info][gc,marking  ] GC(128) Concurrent Clear Claimed Marks 0.053ms
[305.604s][info][gc,marking  ] GC(128) Concurrent Scan Root Regions
[305.605s][info][gc,marking  ] GC(128) Concurrent Scan Root Regions 1.089ms
[305.605s][info][gc,marking  ] GC(128) Concurrent Mark
[305.605s][info][gc,marking  ] GC(128) Concurrent Mark From Roots
[305.605s][info][gc,task     ] GC(128) Using 2 workers of 2 for marking
[305.619s][info][gc,marking  ] GC(128) Concurrent Mark From Roots 13.807ms
[305.619s][info][gc,marking  ] GC(128) Concurrent Preclean
[305.619s][info][gc,marking  ] GC(128) Concurrent Preclean 0.093ms
[305.619s][info][gc,start    ] GC(128) Pause Remark
[305.621s][info][gc          ] GC(128) Pause Remark 44M->44M(97M) 1.941ms
[305.621s][info][gc,cpu      ] GC(128) User=0.01s Sys=0.00s Real=0.00s
[305.621s][info][gc,marking  ] GC(128) Concurrent Mark 15.982ms
[305.621s][info][gc,marking  ] GC(128) Concurrent Rebuild Remembered Sets
[305.628s][info][gc,marking  ] GC(128) Concurrent Rebuild Remembered Sets 7.165ms
[305.628s][info][gc,start    ] GC(128) Pause Cleanup
[305.628s][info][gc          ] GC(128) Pause Cleanup 44M->44M(97M) 0.058ms
[305.628s][info][gc,cpu      ] GC(128) User=0.00s Sys=0.00s Real=0.00s
[305.628s][info][gc,marking  ] GC(128) Concurrent Cleanup for Next Mark
[305.629s][info][gc,marking  ] GC(128) Concurrent Cleanup for Next Mark 0.099ms
[305.629s][info][gc          ] GC(128) Concurrent Mark Cycle 24.675ms
[309.455s][info][gc,start    ] GC(129) Pause Young (Normal) (G1 Evacuation Pause)
[309.456s][info][gc,task     ] GC(129) Using 8 workers of 8 for evacuation
[309.456s][info][gc,phases   ] GC(129)   Pre Evacuate Collection Set: 0.0ms
[309.456s][info][gc,phases   ] GC(129)   Merge Heap Roots: 0.0ms
[309.456s][info][gc,phases   ] GC(129)   Evacuate Collection Set: 0.6ms
[309.456s][info][gc,phases   ] GC(129)   Post Evacuate Collection Set: 0.2ms
[309.456s][info][gc,phases   ] GC(129)   Other: 0.1ms
[309.456s][info][gc,heap     ] GC(129) Eden regions: 40->0(40)
[309.456s][info][gc,heap     ] GC(129) Survivor regions: 1->1(6)
[309.456s][info][gc,heap     ] GC(129) Old regions: 34->34
[309.456s][info][gc,heap     ] GC(129) Archive regions: 2->2
[309.456s][info][gc,heap     ] GC(129) Humongous regions: 9->9
[309.456s][info][gc,metaspace] GC(129) Metaspace: 71092K(71680K)->71092K(71680K) NonClass: 61736K(62016K)->61736K(62016K) Class: 9356K(9664K)->9356K(9664K)
[309.456s][info][gc          ] GC(129) Pause Young (Normal) (G1 Evacuation Pause) 83M->43M(97M) 0.933ms
[309.456s][info][gc,cpu      ] GC(129) User=0.00s Sys=0.00s Real=0.00s
[313.007s][info][gc,start    ] GC(130) Pause Young (Concurrent Start) (G1 Evacuation Pause)
[313.007s][info][gc,task     ] GC(130) Using 8 workers of 8 for evacuation
[313.008s][info][gc,phases   ] GC(130)   Pre Evacuate Collection Set: 0.1ms
[313.008s][info][gc,phases   ] GC(130)   Merge Heap Roots: 0.0ms
[313.008s][info][gc,phases   ] GC(130)   Evacuate Collection Set: 0.6ms
[313.008s][info][gc,phases   ] GC(130)   Post Evacuate Collection Set: 0.1ms
[313.008s][info][gc,phases   ] GC(130)   Other: 0.1ms
[313.008s][info][gc,heap     ] GC(130) Eden regions: 40->0(40)
[313.008s][info][gc,heap     ] GC(130) Survivor regions: 1->1(6)
[313.008s][info][gc,heap     ] GC(130) Old regions: 34->34
[313.008s][info][gc,heap     ] GC(130) Archive regions: 2->2
[313.008s][info][gc,heap     ] GC(130) Humongous regions: 9->9
[313.008s][info][gc,metaspace] GC(130) Metaspace: 71092K(71680K)->71092K(71680K) NonClass: 61736K(62016K)->61736K(62016K) Class: 9356K(9664K)->9356K(9664K)
[313.008s][info][gc          ] GC(130) Pause Young (Concurrent Start) (G1 Evacuation Pause) 83M->43M(97M) 1.011ms
[313.008s][info][gc,cpu      ] GC(130) User=0.00s Sys=0.00s Real=0.00s
[313.008s][info][gc          ] GC(131) Concurrent Mark Cycle
[313.008s][info][gc,marking  ] GC(131) Concurrent Clear Claimed Marks
[313.008s][info][gc,marking  ] GC(131) Concurrent Clear Claimed Marks 0.050ms
[313.008s][info][gc,marking  ] GC(131) Concurrent Scan Root Regions
[313.009s][info][gc,marking  ] GC(131) Concurrent Scan Root Regions 0.813ms
[313.009s][info][gc,marking  ] GC(131) Concurrent Mark
[313.009s][info][gc,marking  ] GC(131) Concurrent Mark From Roots
[313.009s][info][gc,task     ] GC(131) Using 2 workers of 2 for marking
[313.026s][info][gc,marking  ] GC(131) Concurrent Mark From Roots 16.983ms
[313.026s][info][gc,marking  ] GC(131) Concurrent Preclean
[313.026s][info][gc,marking  ] GC(131) Concurrent Preclean 0.100ms
[313.026s][info][gc,start    ] GC(131) Pause Remark
[313.028s][info][gc          ] GC(131) Pause Remark 44M->44M(97M) 1.728ms
[313.028s][info][gc,cpu      ] GC(131) User=0.01s Sys=0.00s Real=0.00s
[313.028s][info][gc,marking  ] GC(131) Concurrent Mark 18.940ms
[313.028s][info][gc,marking  ] GC(131) Concurrent Rebuild Remembered Sets
[313.037s][info][gc,marking  ] GC(131) Concurrent Rebuild Remembered Sets 9.186ms
[313.037s][info][gc,start    ] GC(131) Pause Cleanup
[313.037s][info][gc          ] GC(131) Pause Cleanup 44M->44M(97M) 0.058ms
[313.037s][info][gc,cpu      ] GC(131) User=0.00s Sys=0.00s Real=0.00s
[313.037s][info][gc,marking  ] GC(131) Concurrent Cleanup for Next Mark
[313.037s][info][gc,marking  ] GC(131) Concurrent Cleanup for Next Mark 0.077ms
[313.037s][info][gc          ] GC(131) Concurrent Mark Cycle 29.268ms
[316.444s][info][gc,start    ] GC(132) Pause Young (Normal) (G1 Evacuation Pause)
[316.444s][info][gc,task     ] GC(132) Using 8 workers of 8 for evacuation
[316.445s][info][gc,phases   ] GC(132)   Pre Evacuate Collection Set: 0.1ms
[316.445s][info][gc,phases   ] GC(132)   Merge Heap Roots: 0.0ms
[316.445s][info][gc,phases   ] GC(132)   Evacuate Collection Set: 0.7ms
[316.445s][info][gc,phases   ] GC(132)   Post Evacuate Collection Set: 0.2ms
[316.445s][info][gc,phases   ] GC(132)   Other: 0.1ms
[316.445s][info][gc,heap     ] GC(132) Eden regions: 40->0(40)
[316.445s][info][gc,heap     ] GC(132) Survivor regions: 1->1(6)
[316.445s][info][gc,heap     ] GC(132) Old regions: 34->34
[316.445s][info][gc,heap     ] GC(132) Archive regions: 2->2
[316.445s][info][gc,heap     ] GC(132) Humongous regions: 9->9
[316.445s][info][gc,metaspace] GC(132) Metaspace: 71096K(71744K)->71096K(71744K) NonClass: 61739K(62080K)->61739K(62080K) Class: 9356K(9664K)->9356K(9664K)
[316.445s][info][gc          ] GC(132) Pause Young (Normal) (G1 Evacuation Pause) 83M->43M(97M) 1.139ms
[316.445s][info][gc,cpu      ] GC(132) User=0.00s Sys=0.00s Real=0.00s
[320.102s][info][gc,start    ] GC(133) Pause Young (Concurrent Start) (G1 Evacuation Pause)
[320.102s][info][gc,task     ] GC(133) Using 8 workers of 8 for evacuation
[320.104s][info][gc,phases   ] GC(133)   Pre Evacuate Collection Set: 0.1ms
[320.104s][info][gc,phases   ] GC(133)   Merge Heap Roots: 0.0ms
[320.104s][info][gc,phases   ] GC(133)   Evacuate Collection Set: 0.8ms
[320.104s][info][gc,phases   ] GC(133)   Post Evacuate Collection Set: 0.2ms
[320.104s][info][gc,phases   ] GC(133)   Other: 0.1ms
[320.104s][info][gc,heap     ] GC(133) Eden regions: 40->0(40)
[320.104s][info][gc,heap     ] GC(133) Survivor regions: 1->1(6)
[320.104s][info][gc,heap     ] GC(133) Old regions: 34->34
[320.104s][info][gc,heap     ] GC(133) Archive regions: 2->2
[320.104s][info][gc,heap     ] GC(133) Humongous regions: 9->9
[320.104s][info][gc,metaspace] GC(133) Metaspace: 71096K(71744K)->71096K(71744K) NonClass: 61739K(62080K)->61739K(62080K) Class: 9356K(9664K)->9356K(9664K)
[320.104s][info][gc          ] GC(133) Pause Young (Concurrent Start) (G1 Evacuation Pause) 83M->44M(97M) 1.200ms
[320.104s][info][gc,cpu      ] GC(133) User=0.00s Sys=0.00s Real=0.01s
[320.104s][info][gc          ] GC(134) Concurrent Mark Cycle
[320.104s][info][gc,marking  ] GC(134) Concurrent Clear Claimed Marks
[320.104s][info][gc,marking  ] GC(134) Concurrent Clear Claimed Marks 0.025ms
[320.104s][info][gc,marking  ] GC(134) Concurrent Scan Root Regions
[320.104s][info][gc,marking  ] GC(134) Concurrent Scan Root Regions 0.630ms
[320.104s][info][gc,marking  ] GC(134) Concurrent Mark
[320.104s][info][gc,marking  ] GC(134) Concurrent Mark From Roots
[320.104s][info][gc,task     ] GC(134) Using 2 workers of 2 for marking
[320.116s][info][gc,marking  ] GC(134) Concurrent Mark From Roots 11.927ms
[320.116s][info][gc,marking  ] GC(134) Concurrent Preclean
[320.116s][info][gc,marking  ] GC(134) Concurrent Preclean 0.098ms
[320.116s][info][gc,start    ] GC(134) Pause Remark
[320.118s][info][gc          ] GC(134) Pause Remark 44M->44M(97M) 1.606ms
[320.118s][info][gc,cpu      ] GC(134) User=0.01s Sys=0.00s Real=0.00s
[320.118s][info][gc,marking  ] GC(134) Concurrent Mark 13.757ms
[320.118s][info][gc,marking  ] GC(134) Concurrent Rebuild Remembered Sets
[320.124s][info][gc,marking  ] GC(134) Concurrent Rebuild Remembered Sets 6.267ms
[320.124s][info][gc,start    ] GC(134) Pause Cleanup
[320.124s][info][gc          ] GC(134) Pause Cleanup 44M->44M(97M) 0.055ms
[320.124s][info][gc,cpu      ] GC(134) User=0.00s Sys=0.00s Real=0.00s
[320.124s][info][gc,marking  ] GC(134) Concurrent Cleanup for Next Mark
[320.125s][info][gc,marking  ] GC(134) Concurrent Cleanup for Next Mark 0.049ms
[320.125s][info][gc          ] GC(134) Concurrent Mark Cycle 20.907ms
[323.462s][info][gc,start    ] GC(135) Pause Young (Normal) (G1 Evacuation Pause)
[323.462s][info][gc,task     ] GC(135) Using 8 workers of 8 for evacuation
[323.464s][info][gc,phases   ] GC(135)   Pre Evacuate Collection Set: 0.1ms
[323.464s][info][gc,phases   ] GC(135)   Merge Heap Roots: 0.1ms
[323.464s][info][gc,phases   ] GC(135)   Evacuate Collection Set: 1.0ms
[323.464s][info][gc,phases   ] GC(135)   Post Evacuate Collection Set: 0.3ms
[323.464s][info][gc,phases   ] GC(135)   Other: 0.1ms
[323.464s][info][gc,heap     ] GC(135) Eden regions: 40->0(40)
[323.464s][info][gc,heap     ] GC(135) Survivor regions: 1->1(6)
[323.464s][info][gc,heap     ] GC(135) Old regions: 34->34
[323.464s][info][gc,heap     ] GC(135) Archive regions: 2->2
[323.464s][info][gc,heap     ] GC(135) Humongous regions: 9->9
[323.464s][info][gc,metaspace] GC(135) Metaspace: 71097K(71744K)->71097K(71744K) NonClass: 61741K(62080K)->61741K(62080K) Class: 9356K(9664K)->9356K(9664K)
[323.464s][info][gc          ] GC(135) Pause Young (Normal) (G1 Evacuation Pause) 84M->44M(97M) 1.623ms
[323.464s][info][gc,cpu      ] GC(135) User=0.00s Sys=0.00s Real=0.01s
[326.991s][info][gc,start    ] GC(136) Pause Young (Concurrent Start) (G1 Evacuation Pause)
[326.991s][info][gc,task     ] GC(136) Using 8 workers of 8 for evacuation
[326.992s][info][gc,phases   ] GC(136)   Pre Evacuate Collection Set: 0.1ms
[326.992s][info][gc,phases   ] GC(136)   Merge Heap Roots: 0.0ms
[326.992s][info][gc,phases   ] GC(136)   Evacuate Collection Set: 0.6ms
[326.992s][info][gc,phases   ] GC(136)   Post Evacuate Collection Set: 0.1ms
[326.992s][info][gc,phases   ] GC(136)   Other: 0.1ms
[326.992s][info][gc,heap     ] GC(136) Eden regions: 40->0(40)
[326.992s][info][gc,heap     ] GC(136) Survivor regions: 1->1(6)
[326.992s][info][gc,heap     ] GC(136) Old regions: 34->34
[326.992s][info][gc,heap     ] GC(136) Archive regions: 2->2
[326.992s][info][gc,heap     ] GC(136) Humongous regions: 9->9
[326.992s][info][gc,metaspace] GC(136) Metaspace: 71097K(71744K)->71097K(71744K) NonClass: 61741K(62080K)->61741K(62080K) Class: 9356K(9664K)->9356K(9664K)
[326.992s][info][gc          ] GC(136) Pause Young (Concurrent Start) (G1 Evacuation Pause) 84M->44M(97M) 1.056ms
[326.992s][info][gc,cpu      ] GC(136) User=0.00s Sys=0.00s Real=0.00s
[326.992s][info][gc          ] GC(137) Concurrent Mark Cycle
[326.992s][info][gc,marking  ] GC(137) Concurrent Clear Claimed Marks
[326.992s][info][gc,marking  ] GC(137) Concurrent Clear Claimed Marks 0.022ms
[326.992s][info][gc,marking  ] GC(137) Concurrent Scan Root Regions
[326.992s][info][gc,marking  ] GC(137) Concurrent Scan Root Regions 0.652ms
[326.992s][info][gc,marking  ] GC(137) Concurrent Mark
[326.992s][info][gc,marking  ] GC(137) Concurrent Mark From Roots
[326.992s][info][gc,task     ] GC(137) Using 2 workers of 2 for marking
[327.004s][info][gc,marking  ] GC(137) Concurrent Mark From Roots 11.481ms
[327.004s][info][gc,marking  ] GC(137) Concurrent Preclean
[327.004s][info][gc,marking  ] GC(137) Concurrent Preclean 0.095ms
[327.004s][info][gc,start    ] GC(137) Pause Remark
[327.006s][info][gc          ] GC(137) Pause Remark 44M->44M(97M) 1.656ms
[327.006s][info][gc,cpu      ] GC(137) User=0.01s Sys=0.01s Real=0.00s
[327.006s][info][gc,marking  ] GC(137) Concurrent Mark 13.362ms
[327.006s][info][gc,marking  ] GC(137) Concurrent Rebuild Remembered Sets
[327.012s][info][gc,marking  ] GC(137) Concurrent Rebuild Remembered Sets 6.078ms
[327.012s][info][gc,start    ] GC(137) Pause Cleanup
[327.012s][info][gc          ] GC(137) Pause Cleanup 44M->44M(97M) 0.057ms
[327.012s][info][gc,cpu      ] GC(137) User=0.00s Sys=0.00s Real=0.00s
[327.012s][info][gc,marking  ] GC(137) Concurrent Cleanup for Next Mark
[327.012s][info][gc,marking  ] GC(137) Concurrent Cleanup for Next Mark 0.045ms
[327.012s][info][gc          ] GC(137) Concurrent Mark Cycle 20.352ms
[330.424s][info][gc,start    ] GC(138) Pause Young (Normal) (G1 Evacuation Pause)
[330.424s][info][gc,task     ] GC(138) Using 8 workers of 8 for evacuation
[330.425s][info][gc,phases   ] GC(138)   Pre Evacuate Collection Set: 0.1ms
[330.425s][info][gc,phases   ] GC(138)   Merge Heap Roots: 0.1ms
[330.425s][info][gc,phases   ] GC(138)   Evacuate Collection Set: 0.8ms
[330.425s][info][gc,phases   ] GC(138)   Post Evacuate Collection Set: 0.2ms
[330.425s][info][gc,phases   ] GC(138)   Other: 0.1ms
[330.425s][info][gc,heap     ] GC(138) Eden regions: 40->0(40)
[330.425s][info][gc,heap     ] GC(138) Survivor regions: 1->1(6)
[330.425s][info][gc,heap     ] GC(138) Old regions: 34->34
[330.425s][info][gc,heap     ] GC(138) Archive regions: 2->2
[330.425s][info][gc,heap     ] GC(138) Humongous regions: 9->9
[330.425s][info][gc,metaspace] GC(138) Metaspace: 71097K(71744K)->71097K(71744K) NonClass: 61741K(62080K)->61741K(62080K) Class: 9356K(9664K)->9356K(9664K)
[330.425s][info][gc          ] GC(138) Pause Young (Normal) (G1 Evacuation Pause) 84M->44M(97M) 1.281ms
[330.425s][info][gc,cpu      ] GC(138) User=0.00s Sys=0.00s Real=0.00s
[334.055s][info][gc,start    ] GC(139) Pause Young (Concurrent Start) (G1 Evacuation Pause)
[334.055s][info][gc,task     ] GC(139) Using 8 workers of 8 for evacuation
[334.059s][info][gc,phases   ] GC(139)   Pre Evacuate Collection Set: 0.2ms
[334.059s][info][gc,phases   ] GC(139)   Merge Heap Roots: 0.1ms
[334.059s][info][gc,phases   ] GC(139)   Evacuate Collection Set: 2.9ms
[334.059s][info][gc,phases   ] GC(139)   Post Evacuate Collection Set: 0.5ms
[334.059s][info][gc,phases   ] GC(139)   Other: 0.2ms
[334.059s][info][gc,heap     ] GC(139) Eden regions: 40->0(40)
[334.059s][info][gc,heap     ] GC(139) Survivor regions: 1->1(6)
[334.059s][info][gc,heap     ] GC(139) Old regions: 34->34
[334.059s][info][gc,heap     ] GC(139) Archive regions: 2->2
[334.059s][info][gc,heap     ] GC(139) Humongous regions: 9->9
[334.059s][info][gc,metaspace] GC(139) Metaspace: 71097K(71744K)->71097K(71744K) NonClass: 61741K(62080K)->61741K(62080K) Class: 9356K(9664K)->9356K(9664K)
[334.059s][info][gc          ] GC(139) Pause Young (Concurrent Start) (G1 Evacuation Pause) 84M->44M(97M) 3.947ms
[334.059s][info][gc,cpu      ] GC(139) User=0.00s Sys=0.00s Real=0.00s
[334.059s][info][gc          ] GC(140) Concurrent Mark Cycle
[334.059s][info][gc,marking  ] GC(140) Concurrent Clear Claimed Marks
[334.060s][info][gc,marking  ] GC(140) Concurrent Clear Claimed Marks 0.064ms
[334.060s][info][gc,marking  ] GC(140) Concurrent Scan Root Regions
[334.061s][info][gc,marking  ] GC(140) Concurrent Scan Root Regions 1.802ms
[334.061s][info][gc,marking  ] GC(140) Concurrent Mark
[334.061s][info][gc,marking  ] GC(140) Concurrent Mark From Roots
[334.061s][info][gc,task     ] GC(140) Using 2 workers of 2 for marking
[334.076s][info][gc,marking  ] GC(140) Concurrent Mark From Roots 14.564ms
[334.076s][info][gc,marking  ] GC(140) Concurrent Preclean
[334.076s][info][gc,marking  ] GC(140) Concurrent Preclean 0.090ms
[334.076s][info][gc,start    ] GC(140) Pause Remark
[334.078s][info][gc          ] GC(140) Pause Remark 44M->44M(97M) 1.656ms
[334.078s][info][gc,cpu      ] GC(140) User=0.01s Sys=0.00s Real=0.00s
[334.078s][info][gc,marking  ] GC(140) Concurrent Mark 16.444ms
[334.078s][info][gc,marking  ] GC(140) Concurrent Rebuild Remembered Sets
[334.084s][info][gc,marking  ] GC(140) Concurrent Rebuild Remembered Sets 6.604ms
[334.085s][info][gc,start    ] GC(140) Pause Cleanup
[334.085s][info][gc          ] GC(140) Pause Cleanup 44M->44M(97M) 0.055ms
[334.085s][info][gc,cpu      ] GC(140) User=0.00s Sys=0.00s Real=0.00s
[334.085s][info][gc,marking  ] GC(140) Concurrent Cleanup for Next Mark
[334.085s][info][gc,marking  ] GC(140) Concurrent Cleanup for Next Mark 0.046ms
[334.085s][info][gc          ] GC(140) Concurrent Mark Cycle 25.194ms
[337.569s][info][gc,start    ] GC(141) Pause Young (Normal) (G1 Evacuation Pause)
[337.569s][info][gc,task     ] GC(141) Using 8 workers of 8 for evacuation
[337.570s][info][gc,phases   ] GC(141)   Pre Evacuate Collection Set: 0.1ms
[337.570s][info][gc,phases   ] GC(141)   Merge Heap Roots: 0.1ms
[337.570s][info][gc,phases   ] GC(141)   Evacuate Collection Set: 0.6ms
[337.570s][info][gc,phases   ] GC(141)   Post Evacuate Collection Set: 0.2ms
[337.570s][info][gc,phases   ] GC(141)   Other: 0.1ms
[337.570s][info][gc,heap     ] GC(141) Eden regions: 40->0(40)
[337.570s][info][gc,heap     ] GC(141) Survivor regions: 1->1(6)
[337.570s][info][gc,heap     ] GC(141) Old regions: 34->34
[337.570s][info][gc,heap     ] GC(141) Archive regions: 2->2
[337.570s][info][gc,heap     ] GC(141) Humongous regions: 9->9
[337.570s][info][gc,metaspace] GC(141) Metaspace: 71103K(71744K)->71103K(71744K) NonClass: 61747K(62080K)->61747K(62080K) Class: 9356K(9664K)->9356K(9664K)
[337.570s][info][gc          ] GC(141) Pause Young (Normal) (G1 Evacuation Pause) 84M->44M(97M) 1.022ms
[337.570s][info][gc,cpu      ] GC(141) User=0.01s Sys=0.01s Real=0.00s
[341.077s][info][gc,start    ] GC(142) Pause Young (Concurrent Start) (G1 Evacuation Pause)
[341.077s][info][gc,task     ] GC(142) Using 8 workers of 8 for evacuation
[341.078s][info][gc,phases   ] GC(142)   Pre Evacuate Collection Set: 0.1ms
[341.078s][info][gc,phases   ] GC(142)   Merge Heap Roots: 0.0ms
[341.078s][info][gc,phases   ] GC(142)   Evacuate Collection Set: 0.7ms
[341.078s][info][gc,phases   ] GC(142)   Post Evacuate Collection Set: 0.1ms
[341.078s][info][gc,phases   ] GC(142)   Other: 0.1ms
[341.078s][info][gc,heap     ] GC(142) Eden regions: 40->0(40)
[341.078s][info][gc,heap     ] GC(142) Survivor regions: 1->1(6)
[341.078s][info][gc,heap     ] GC(142) Old regions: 34->34
[341.078s][info][gc,heap     ] GC(142) Archive regions: 2->2
[341.078s][info][gc,heap     ] GC(142) Humongous regions: 9->9
[341.078s][info][gc,metaspace] GC(142) Metaspace: 71103K(71744K)->71103K(71744K) NonClass: 61747K(62080K)->61747K(62080K) Class: 9356K(9664K)->9356K(9664K)
[341.078s][info][gc          ] GC(142) Pause Young (Concurrent Start) (G1 Evacuation Pause) 84M->44M(97M) 1.151ms
[341.078s][info][gc,cpu      ] GC(142) User=0.01s Sys=0.00s Real=0.00s
[341.078s][info][gc          ] GC(143) Concurrent Mark Cycle
[341.078s][info][gc,marking  ] GC(143) Concurrent Clear Claimed Marks
[341.078s][info][gc,marking  ] GC(143) Concurrent Clear Claimed Marks 0.017ms
[341.078s][info][gc,marking  ] GC(143) Concurrent Scan Root Regions
[341.079s][info][gc,marking  ] GC(143) Concurrent Scan Root Regions 0.871ms
[341.079s][info][gc,marking  ] GC(143) Concurrent Mark
[341.079s][info][gc,marking  ] GC(143) Concurrent Mark From Roots
[341.079s][info][gc,task     ] GC(143) Using 2 workers of 2 for marking
[341.091s][info][gc,marking  ] GC(143) Concurrent Mark From Roots 12.800ms
[341.091s][info][gc,marking  ] GC(143) Concurrent Preclean
[341.092s][info][gc,marking  ] GC(143) Concurrent Preclean 0.094ms
[341.092s][info][gc,start    ] GC(143) Pause Remark
[341.093s][info][gc          ] GC(143) Pause Remark 44M->44M(97M) 1.705ms
[341.093s][info][gc,cpu      ] GC(143) User=0.01s Sys=0.00s Real=0.01s
[341.093s][info][gc,marking  ] GC(143) Concurrent Mark 14.722ms
[341.093s][info][gc,marking  ] GC(143) Concurrent Rebuild Remembered Sets
[341.100s][info][gc,marking  ] GC(143) Concurrent Rebuild Remembered Sets 6.157ms
[341.100s][info][gc,start    ] GC(143) Pause Cleanup
[341.100s][info][gc          ] GC(143) Pause Cleanup 44M->44M(97M) 0.056ms
[341.100s][info][gc,cpu      ] GC(143) User=0.00s Sys=0.00s Real=0.00s
[341.100s][info][gc,marking  ] GC(143) Concurrent Cleanup for Next Mark
[341.100s][info][gc,marking  ] GC(143) Concurrent Cleanup for Next Mark 0.051ms
[341.100s][info][gc          ] GC(143) Concurrent Mark Cycle 22.032ms
[344.686s][info][gc,start    ] GC(144) Pause Young (Normal) (G1 Evacuation Pause)
[344.686s][info][gc,task     ] GC(144) Using 8 workers of 8 for evacuation
[344.687s][info][gc,phases   ] GC(144)   Pre Evacuate Collection Set: 0.1ms
[344.687s][info][gc,phases   ] GC(144)   Merge Heap Roots: 0.0ms
[344.687s][info][gc,phases   ] GC(144)   Evacuate Collection Set: 0.7ms
[344.687s][info][gc,phases   ] GC(144)   Post Evacuate Collection Set: 0.2ms
[344.687s][info][gc,phases   ] GC(144)   Other: 0.1ms
[344.687s][info][gc,heap     ] GC(144) Eden regions: 40->0(40)
[344.687s][info][gc,heap     ] GC(144) Survivor regions: 1->1(6)
[344.687s][info][gc,heap     ] GC(144) Old regions: 34->34
[344.687s][info][gc,heap     ] GC(144) Archive regions: 2->2
[344.687s][info][gc,heap     ] GC(144) Humongous regions: 9->9
[344.687s][info][gc,metaspace] GC(144) Metaspace: 71103K(71744K)->71103K(71744K) NonClass: 61747K(62080K)->61747K(62080K) Class: 9356K(9664K)->9356K(9664K)
[344.687s][info][gc          ] GC(144) Pause Young (Normal) (G1 Evacuation Pause) 84M->44M(97M) 1.101ms
[344.687s][info][gc,cpu      ] GC(144) User=0.01s Sys=0.00s Real=0.00s
[348.318s][info][gc,start    ] GC(145) Pause Young (Concurrent Start) (G1 Evacuation Pause)
[348.318s][info][gc,task     ] GC(145) Using 8 workers of 8 for evacuation
[348.319s][info][gc,phases   ] GC(145)   Pre Evacuate Collection Set: 0.1ms
[348.319s][info][gc,phases   ] GC(145)   Merge Heap Roots: 0.0ms
[348.319s][info][gc,phases   ] GC(145)   Evacuate Collection Set: 0.8ms
[348.319s][info][gc,phases   ] GC(145)   Post Evacuate Collection Set: 0.2ms
[348.319s][info][gc,phases   ] GC(145)   Other: 0.1ms
[348.319s][info][gc,heap     ] GC(145) Eden regions: 40->0(40)
[348.319s][info][gc,heap     ] GC(145) Survivor regions: 1->1(6)
[348.319s][info][gc,heap     ] GC(145) Old regions: 34->34
[348.319s][info][gc,heap     ] GC(145) Archive regions: 2->2
[348.319s][info][gc,heap     ] GC(145) Humongous regions: 9->9
[348.319s][info][gc,metaspace] GC(145) Metaspace: 71104K(71744K)->71104K(71744K) NonClass: 61748K(62080K)->61748K(62080K) Class: 9356K(9664K)->9356K(9664K)
[348.319s][info][gc          ] GC(145) Pause Young (Concurrent Start) (G1 Evacuation Pause) 84M->44M(97M) 1.363ms
[348.319s][info][gc,cpu      ] GC(145) User=0.01s Sys=0.00s Real=0.00s
[348.319s][info][gc          ] GC(146) Concurrent Mark Cycle
[348.319s][info][gc,marking  ] GC(146) Concurrent Clear Claimed Marks
[348.319s][info][gc,marking  ] GC(146) Concurrent Clear Claimed Marks 0.051ms
[348.319s][info][gc,marking  ] GC(146) Concurrent Scan Root Regions
[348.320s][info][gc,marking  ] GC(146) Concurrent Scan Root Regions 0.823ms
[348.320s][info][gc,marking  ] GC(146) Concurrent Mark
[348.320s][info][gc,marking  ] GC(146) Concurrent Mark From Roots
[348.320s][info][gc,task     ] GC(146) Using 2 workers of 2 for marking
[348.334s][info][gc,marking  ] GC(146) Concurrent Mark From Roots 14.117ms
[348.334s][info][gc,marking  ] GC(146) Concurrent Preclean
[348.334s][info][gc,marking  ] GC(146) Concurrent Preclean 0.123ms
[348.334s][info][gc,start    ] GC(146) Pause Remark
[348.336s][info][gc          ] GC(146) Pause Remark 45M->45M(97M) 1.966ms
[348.336s][info][gc,cpu      ] GC(146) User=0.01s Sys=0.00s Real=0.00s
[348.336s][info][gc,marking  ] GC(146) Concurrent Mark 16.366ms
[348.336s][info][gc,marking  ] GC(146) Concurrent Rebuild Remembered Sets
[348.344s][info][gc,marking  ] GC(146) Concurrent Rebuild Remembered Sets 7.673ms
[348.344s][info][gc,start    ] GC(146) Pause Cleanup
[348.344s][info][gc          ] GC(146) Pause Cleanup 45M->45M(97M) 0.075ms
[348.344s][info][gc,cpu      ] GC(146) User=0.00s Sys=0.00s Real=0.00s
[348.344s][info][gc,marking  ] GC(146) Concurrent Cleanup for Next Mark
[348.344s][info][gc,marking  ] GC(146) Concurrent Cleanup for Next Mark 0.059ms
[348.344s][info][gc          ] GC(146) Concurrent Mark Cycle 25.212ms
[351.829s][info][gc,start    ] GC(147) Pause Young (Normal) (G1 Evacuation Pause)
[351.829s][info][gc,task     ] GC(147) Using 8 workers of 8 for evacuation
[351.830s][info][gc,phases   ] GC(147)   Pre Evacuate Collection Set: 0.1ms
[351.830s][info][gc,phases   ] GC(147)   Merge Heap Roots: 0.0ms
[351.830s][info][gc,phases   ] GC(147)   Evacuate Collection Set: 0.6ms
[351.830s][info][gc,phases   ] GC(147)   Post Evacuate Collection Set: 0.2ms
[351.830s][info][gc,phases   ] GC(147)   Other: 0.1ms
[351.830s][info][gc,heap     ] GC(147) Eden regions: 40->0(40)
[351.830s][info][gc,heap     ] GC(147) Survivor regions: 1->1(6)
[351.830s][info][gc,heap     ] GC(147) Old regions: 34->34
[351.830s][info][gc,heap     ] GC(147) Archive regions: 2->2
[351.830s][info][gc,heap     ] GC(147) Humongous regions: 9->9
[351.830s][info][gc,metaspace] GC(147) Metaspace: 71104K(71744K)->71104K(71744K) NonClass: 61748K(62080K)->61748K(62080K) Class: 9356K(9664K)->9356K(9664K)
[351.830s][info][gc          ] GC(147) Pause Young (Normal) (G1 Evacuation Pause) 84M->44M(97M) 1.103ms
[351.830s][info][gc,cpu      ] GC(147) User=0.01s Sys=0.00s Real=0.00s
[355.354s][info][gc,start    ] GC(148) Pause Young (Concurrent Start) (G1 Evacuation Pause)
[355.354s][info][gc,task     ] GC(148) Using 8 workers of 8 for evacuation
[355.355s][info][gc,phases   ] GC(148)   Pre Evacuate Collection Set: 0.1ms
[355.355s][info][gc,phases   ] GC(148)   Merge Heap Roots: 0.0ms
[355.355s][info][gc,phases   ] GC(148)   Evacuate Collection Set: 0.6ms
[355.355s][info][gc,phases   ] GC(148)   Post Evacuate Collection Set: 0.2ms
[355.355s][info][gc,phases   ] GC(148)   Other: 0.1ms
[355.355s][info][gc,heap     ] GC(148) Eden regions: 40->0(40)
[355.355s][info][gc,heap     ] GC(148) Survivor regions: 1->1(6)
[355.355s][info][gc,heap     ] GC(148) Old regions: 34->34
[355.355s][info][gc,heap     ] GC(148) Archive regions: 2->2
[355.355s][info][gc,heap     ] GC(148) Humongous regions: 9->9
[355.355s][info][gc,metaspace] GC(148) Metaspace: 71104K(71744K)->71104K(71744K) NonClass: 61748K(62080K)->61748K(62080K) Class: 9356K(9664K)->9356K(9664K)
[355.355s][info][gc          ] GC(148) Pause Young (Concurrent Start) (G1 Evacuation Pause) 84M->44M(97M) 1.024ms
[355.355s][info][gc,cpu      ] GC(148) User=0.01s Sys=0.00s Real=0.00s
[355.355s][info][gc          ] GC(149) Concurrent Mark Cycle
[355.355s][info][gc,marking  ] GC(149) Concurrent Clear Claimed Marks
[355.355s][info][gc,marking  ] GC(149) Concurrent Clear Claimed Marks 0.027ms
[355.355s][info][gc,marking  ] GC(149) Concurrent Scan Root Regions
[355.356s][info][gc,marking  ] GC(149) Concurrent Scan Root Regions 0.723ms
[355.356s][info][gc,marking  ] GC(149) Concurrent Mark
[355.356s][info][gc,marking  ] GC(149) Concurrent Mark From Roots
[355.356s][info][gc,task     ] GC(149) Using 2 workers of 2 for marking
[355.366s][info][gc,marking  ] GC(149) Concurrent Mark From Roots 10.595ms
[355.366s][info][gc,marking  ] GC(149) Concurrent Preclean
[355.366s][info][gc,marking  ] GC(149) Concurrent Preclean 0.089ms
[355.367s][info][gc,start    ] GC(149) Pause Remark
[355.368s][info][gc          ] GC(149) Pause Remark 45M->45M(97M) 1.600ms
[355.368s][info][gc,cpu      ] GC(149) User=0.01s Sys=0.00s Real=0.00s
[355.368s][info][gc,marking  ] GC(149) Concurrent Mark 12.399ms
[355.368s][info][gc,marking  ] GC(149) Concurrent Rebuild Remembered Sets
[355.374s][info][gc,marking  ] GC(149) Concurrent Rebuild Remembered Sets 5.584ms
[355.374s][info][gc,start    ] GC(149) Pause Cleanup
[355.374s][info][gc          ] GC(149) Pause Cleanup 45M->45M(97M) 0.065ms
[355.374s][info][gc,cpu      ] GC(149) User=0.00s Sys=0.00s Real=0.00s
[355.374s][info][gc,marking  ] GC(149) Concurrent Cleanup for Next Mark
[355.374s][info][gc,marking  ] GC(149) Concurrent Cleanup for Next Mark 0.044ms
[355.374s][info][gc          ] GC(149) Concurrent Mark Cycle 18.972ms
[358.733s][info][gc,start    ] GC(150) Pause Young (Normal) (G1 Evacuation Pause)
[358.733s][info][gc,task     ] GC(150) Using 8 workers of 8 for evacuation
[358.734s][info][gc,phases   ] GC(150)   Pre Evacuate Collection Set: 0.1ms
[358.735s][info][gc,phases   ] GC(150)   Merge Heap Roots: 0.0ms
[358.735s][info][gc,phases   ] GC(150)   Evacuate Collection Set: 1.1ms
[358.735s][info][gc,phases   ] GC(150)   Post Evacuate Collection Set: 0.2ms
[358.735s][info][gc,phases   ] GC(150)   Other: 0.1ms
[358.735s][info][gc,heap     ] GC(150) Eden regions: 40->0(40)
[358.735s][info][gc,heap     ] GC(150) Survivor regions: 1->1(6)
[358.735s][info][gc,heap     ] GC(150) Old regions: 34->34
[358.735s][info][gc,heap     ] GC(150) Archive regions: 2->2
[358.735s][info][gc,heap     ] GC(150) Humongous regions: 9->9
[358.735s][info][gc,metaspace] GC(150) Metaspace: 71105K(71744K)->71105K(71744K) NonClass: 61748K(62080K)->61748K(62080K) Class: 9356K(9664K)->9356K(9664K)
[358.735s][info][gc          ] GC(150) Pause Young (Normal) (G1 Evacuation Pause) 84M->44M(97M) 1.513ms
[358.735s][info][gc,cpu      ] GC(150) User=0.01s Sys=0.00s Real=0.00s
[362.601s][info][gc,start    ] GC(151) Pause Young (Concurrent Start) (G1 Evacuation Pause)
[362.601s][info][gc,task     ] GC(151) Using 8 workers of 8 for evacuation
[362.602s][info][gc,phases   ] GC(151)   Pre Evacuate Collection Set: 0.1ms
[362.602s][info][gc,phases   ] GC(151)   Merge Heap Roots: 0.0ms
[362.602s][info][gc,phases   ] GC(151)   Evacuate Collection Set: 1.0ms
[362.602s][info][gc,phases   ] GC(151)   Post Evacuate Collection Set: 0.2ms
[362.602s][info][gc,phases   ] GC(151)   Other: 0.1ms
[362.602s][info][gc,heap     ] GC(151) Eden regions: 40->0(40)
[362.602s][info][gc,heap     ] GC(151) Survivor regions: 1->1(6)
[362.602s][info][gc,heap     ] GC(151) Old regions: 34->34
[362.602s][info][gc,heap     ] GC(151) Archive regions: 2->2
[362.602s][info][gc,heap     ] GC(151) Humongous regions: 9->9
[362.602s][info][gc,metaspace] GC(151) Metaspace: 71105K(71744K)->71105K(71744K) NonClass: 61748K(62080K)->61748K(62080K) Class: 9356K(9664K)->9356K(9664K)
[362.602s][info][gc          ] GC(151) Pause Young (Concurrent Start) (G1 Evacuation Pause) 84M->44M(97M) 1.566ms
[362.602s][info][gc,cpu      ] GC(151) User=0.00s Sys=0.00s Real=0.00s
[362.602s][info][gc          ] GC(152) Concurrent Mark Cycle
[362.602s][info][gc,marking  ] GC(152) Concurrent Clear Claimed Marks
[362.602s][info][gc,marking  ] GC(152) Concurrent Clear Claimed Marks 0.020ms
[362.602s][info][gc,marking  ] GC(152) Concurrent Scan Root Regions
[362.603s][info][gc,marking  ] GC(152) Concurrent Scan Root Regions 0.799ms
[362.603s][info][gc,marking  ] GC(152) Concurrent Mark
[362.603s][info][gc,marking  ] GC(152) Concurrent Mark From Roots
[362.603s][info][gc,task     ] GC(152) Using 2 workers of 2 for marking
[362.624s][info][gc,marking  ] GC(152) Concurrent Mark From Roots 21.171ms
[362.624s][info][gc,marking  ] GC(152) Concurrent Preclean
[362.625s][info][gc,marking  ] GC(152) Concurrent Preclean 0.178ms
[362.625s][info][gc,start    ] GC(152) Pause Remark
[362.627s][info][gc          ] GC(152) Pause Remark 45M->45M(97M) 2.245ms
[362.627s][info][gc,cpu      ] GC(152) User=0.01s Sys=0.00s Real=0.00s
[362.627s][info][gc,marking  ] GC(152) Concurrent Mark 23.787ms
[362.627s][info][gc,marking  ] GC(152) Concurrent Rebuild Remembered Sets
[362.635s][info][gc,marking  ] GC(152) Concurrent Rebuild Remembered Sets 7.861ms
[362.635s][info][gc,start    ] GC(152) Pause Cleanup
[362.635s][info][gc          ] GC(152) Pause Cleanup 45M->45M(97M) 0.064ms
[362.635s][info][gc,cpu      ] GC(152) User=0.00s Sys=0.00s Real=0.00s
[362.635s][info][gc,marking  ] GC(152) Concurrent Cleanup for Next Mark
[362.635s][info][gc,marking  ] GC(152) Concurrent Cleanup for Next Mark 0.053ms
[362.635s][info][gc          ] GC(152) Concurrent Mark Cycle 32.740ms
[366.311s][info][gc,start    ] GC(153) Pause Young (Normal) (G1 Evacuation Pause)
[366.311s][info][gc,task     ] GC(153) Using 8 workers of 8 for evacuation
[366.312s][info][gc,phases   ] GC(153)   Pre Evacuate Collection Set: 0.0ms
[366.312s][info][gc,phases   ] GC(153)   Merge Heap Roots: 0.0ms
[366.312s][info][gc,phases   ] GC(153)   Evacuate Collection Set: 0.8ms
[366.312s][info][gc,phases   ] GC(153)   Post Evacuate Collection Set: 0.2ms
[366.312s][info][gc,phases   ] GC(153)   Other: 0.1ms
[366.312s][info][gc,heap     ] GC(153) Eden regions: 40->0(39)
[366.312s][info][gc,heap     ] GC(153) Survivor regions: 1->1(6)
[366.312s][info][gc,heap     ] GC(153) Old regions: 34->35
[366.312s][info][gc,heap     ] GC(153) Archive regions: 2->2
[366.312s][info][gc,heap     ] GC(153) Humongous regions: 9->9
[366.312s][info][gc,metaspace] GC(153) Metaspace: 71105K(71744K)->71105K(71744K) NonClass: 61748K(62080K)->61748K(62080K) Class: 9356K(9664K)->9356K(9664K)
[366.312s][info][gc          ] GC(153) Pause Young (Normal) (G1 Evacuation Pause) 84M->44M(97M) 1.210ms
[366.312s][info][gc,cpu      ] GC(153) User=0.00s Sys=0.00s Real=0.00s
[369.923s][info][gc,start    ] GC(154) Pause Young (Concurrent Start) (G1 Evacuation Pause)
[369.923s][info][gc,task     ] GC(154) Using 8 workers of 8 for evacuation
[369.924s][info][gc,phases   ] GC(154)   Pre Evacuate Collection Set: 0.1ms
[369.924s][info][gc,phases   ] GC(154)   Merge Heap Roots: 0.0ms
[369.924s][info][gc,phases   ] GC(154)   Evacuate Collection Set: 0.8ms
[369.924s][info][gc,phases   ] GC(154)   Post Evacuate Collection Set: 0.2ms
[369.924s][info][gc,phases   ] GC(154)   Other: 0.1ms
[369.924s][info][gc,heap     ] GC(154) Eden regions: 39->0(39)
[369.924s][info][gc,heap     ] GC(154) Survivor regions: 1->1(5)
[369.924s][info][gc,heap     ] GC(154) Old regions: 35->35
[369.924s][info][gc,heap     ] GC(154) Archive regions: 2->2
[369.924s][info][gc,heap     ] GC(154) Humongous regions: 9->9
[369.924s][info][gc,metaspace] GC(154) Metaspace: 71105K(71744K)->71105K(71744K) NonClass: 61748K(62080K)->61748K(62080K) Class: 9356K(9664K)->9356K(9664K)
[369.924s][info][gc          ] GC(154) Pause Young (Concurrent Start) (G1 Evacuation Pause) 83M->44M(97M) 1.247ms
[369.924s][info][gc,cpu      ] GC(154) User=0.00s Sys=0.00s Real=0.00s
[369.924s][info][gc          ] GC(155) Concurrent Mark Cycle
[369.924s][info][gc,marking  ] GC(155) Concurrent Clear Claimed Marks
[369.924s][info][gc,marking  ] GC(155) Concurrent Clear Claimed Marks 0.018ms
[369.924s][info][gc,marking  ] GC(155) Concurrent Scan Root Regions
[369.925s][info][gc,marking  ] GC(155) Concurrent Scan Root Regions 0.964ms
[369.925s][info][gc,marking  ] GC(155) Concurrent Mark
[369.925s][info][gc,marking  ] GC(155) Concurrent Mark From Roots
[369.925s][info][gc,task     ] GC(155) Using 2 workers of 2 for marking
[369.944s][info][gc,marking  ] GC(155) Concurrent Mark From Roots 19.058ms
[369.944s][info][gc,marking  ] GC(155) Concurrent Preclean
[369.945s][info][gc,marking  ] GC(155) Concurrent Preclean 0.110ms
[369.945s][info][gc,start    ] GC(155) Pause Remark
[369.946s][info][gc          ] GC(155) Pause Remark 45M->45M(97M) 1.765ms
[369.946s][info][gc,cpu      ] GC(155) User=0.01s Sys=0.00s Real=0.00s
[369.946s][info][gc,marking  ] GC(155) Concurrent Mark 21.063ms
[369.946s][info][gc,marking  ] GC(155) Concurrent Rebuild Remembered Sets
[369.956s][info][gc,marking  ] GC(155) Concurrent Rebuild Remembered Sets 9.809ms
[369.956s][info][gc,start    ] GC(155) Pause Cleanup
[369.956s][info][gc          ] GC(155) Pause Cleanup 45M->45M(97M) 0.073ms
[369.956s][info][gc,cpu      ] GC(155) User=0.00s Sys=0.00s Real=0.00s
[369.956s][info][gc,marking  ] GC(155) Concurrent Cleanup for Next Mark
[369.957s][info][gc,marking  ] GC(155) Concurrent Cleanup for Next Mark 0.083ms
[369.957s][info][gc          ] GC(155) Concurrent Mark Cycle 32.169ms
[373.435s][info][gc,start    ] GC(156) Pause Young (Prepare Mixed) (G1 Evacuation Pause)
[373.435s][info][gc,task     ] GC(156) Using 8 workers of 8 for evacuation
[373.436s][info][gc,phases   ] GC(156)   Pre Evacuate Collection Set: 0.1ms
[373.436s][info][gc,phases   ] GC(156)   Merge Heap Roots: 0.0ms
[373.436s][info][gc,phases   ] GC(156)   Evacuate Collection Set: 0.7ms
[373.436s][info][gc,phases   ] GC(156)   Post Evacuate Collection Set: 0.2ms
[373.436s][info][gc,phases   ] GC(156)   Other: 0.1ms
[373.436s][info][gc,heap     ] GC(156) Eden regions: 39->0(3)
[373.436s][info][gc,heap     ] GC(156) Survivor regions: 1->1(5)
[373.436s][info][gc,heap     ] GC(156) Old regions: 35->35
[373.436s][info][gc,heap     ] GC(156) Archive regions: 2->2
[373.436s][info][gc,heap     ] GC(156) Humongous regions: 9->9
[373.436s][info][gc,metaspace] GC(156) Metaspace: 71105K(71744K)->71105K(71744K) NonClass: 61749K(62080K)->61749K(62080K) Class: 9356K(9664K)->9356K(9664K)
[373.436s][info][gc          ] GC(156) Pause Young (Prepare Mixed) (G1 Evacuation Pause) 83M->44M(97M) 1.092ms
[373.436s][info][gc,cpu      ] GC(156) User=0.01s Sys=0.00s Real=0.00s
[373.679s][info][gc,start    ] GC(157) Pause Young (Mixed) (G1 Evacuation Pause)
[373.679s][info][gc,task     ] GC(157) Using 8 workers of 8 for evacuation
[373.680s][info][gc,phases   ] GC(157)   Pre Evacuate Collection Set: 0.1ms
[373.680s][info][gc,phases   ] GC(157)   Merge Heap Roots: 0.0ms
[373.680s][info][gc,phases   ] GC(157)   Evacuate Collection Set: 0.7ms
[373.680s][info][gc,phases   ] GC(157)   Post Evacuate Collection Set: 0.2ms
[373.680s][info][gc,phases   ] GC(157)   Other: 0.1ms
[373.680s][info][gc,heap     ] GC(157) Eden regions: 3->0(40)
[373.680s][info][gc,heap     ] GC(157) Survivor regions: 1->1(1)
[373.680s][info][gc,heap     ] GC(157) Old regions: 35->34
[373.680s][info][gc,heap     ] GC(157) Archive regions: 2->2
[373.680s][info][gc,heap     ] GC(157) Humongous regions: 9->9
[373.680s][info][gc,metaspace] GC(157) Metaspace: 71105K(71744K)->71105K(71744K) NonClass: 61749K(62080K)->61749K(62080K) Class: 9356K(9664K)->9356K(9664K)
[373.680s][info][gc          ] GC(157) Pause Young (Mixed) (G1 Evacuation Pause) 47M->43M(97M) 1.057ms
[373.680s][info][gc,cpu      ] GC(157) User=0.01s Sys=0.00s Real=0.00s
[377.205s][info][gc,start    ] GC(158) Pause Young (Concurrent Start) (G1 Evacuation Pause)
[377.205s][info][gc,task     ] GC(158) Using 8 workers of 8 for evacuation
[377.207s][info][gc,phases   ] GC(158)   Pre Evacuate Collection Set: 0.1ms
[377.207s][info][gc,phases   ] GC(158)   Merge Heap Roots: 0.0ms
[377.207s][info][gc,phases   ] GC(158)   Evacuate Collection Set: 1.6ms
[377.207s][info][gc,phases   ] GC(158)   Post Evacuate Collection Set: 0.2ms
[377.207s][info][gc,phases   ] GC(158)   Other: 0.1ms
[377.207s][info][gc,heap     ] GC(158) Eden regions: 40->0(40)
[377.208s][info][gc,heap     ] GC(158) Survivor regions: 1->1(6)
[377.208s][info][gc,heap     ] GC(158) Old regions: 34->34
[377.208s][info][gc,heap     ] GC(158) Archive regions: 2->2
[377.208s][info][gc,heap     ] GC(158) Humongous regions: 9->9
[377.208s][info][gc,metaspace] GC(158) Metaspace: 71105K(71744K)->71105K(71744K) NonClass: 61749K(62080K)->61749K(62080K) Class: 9356K(9664K)->9356K(9664K)
[377.208s][info][gc          ] GC(158) Pause Young (Concurrent Start) (G1 Evacuation Pause) 83M->43M(97M) 2.062ms
[377.208s][info][gc,cpu      ] GC(158) User=0.01s Sys=0.00s Real=0.00s
[377.208s][info][gc          ] GC(159) Concurrent Mark Cycle
[377.208s][info][gc,marking  ] GC(159) Concurrent Clear Claimed Marks
[377.208s][info][gc,marking  ] GC(159) Concurrent Clear Claimed Marks 0.035ms
[377.208s][info][gc,marking  ] GC(159) Concurrent Scan Root Regions
[377.209s][info][gc,marking  ] GC(159) Concurrent Scan Root Regions 1.100ms
[377.209s][info][gc,marking  ] GC(159) Concurrent Mark
[377.209s][info][gc,marking  ] GC(159) Concurrent Mark From Roots
[377.209s][info][gc,task     ] GC(159) Using 2 workers of 2 for marking
[377.221s][info][gc,marking  ] GC(159) Concurrent Mark From Roots 12.087ms
[377.221s][info][gc,marking  ] GC(159) Concurrent Preclean
[377.221s][info][gc,marking  ] GC(159) Concurrent Preclean 0.097ms
[377.221s][info][gc,start    ] GC(159) Pause Remark
[377.223s][info][gc          ] GC(159) Pause Remark 44M->44M(97M) 1.697ms
[377.223s][info][gc,cpu      ] GC(159) User=0.01s Sys=0.00s Real=0.00s
[377.223s][info][gc,marking  ] GC(159) Concurrent Mark 14.034ms
[377.223s][info][gc,marking  ] GC(159) Concurrent Rebuild Remembered Sets
[377.229s][info][gc,marking  ] GC(159) Concurrent Rebuild Remembered Sets 6.703ms
[377.230s][info][gc,start    ] GC(159) Pause Cleanup
[377.230s][info][gc          ] GC(159) Pause Cleanup 44M->44M(97M) 0.061ms
[377.230s][info][gc,cpu      ] GC(159) User=0.00s Sys=0.00s Real=0.00s
[377.230s][info][gc,marking  ] GC(159) Concurrent Cleanup for Next Mark
[377.230s][info][gc,marking  ] GC(159) Concurrent Cleanup for Next Mark 0.050ms
[377.230s][info][gc          ] GC(159) Concurrent Mark Cycle 22.132ms
[380.700s][info][gc,start    ] GC(160) Pause Young (Normal) (G1 Evacuation Pause)
[380.700s][info][gc,task     ] GC(160) Using 8 workers of 8 for evacuation
[380.701s][info][gc,phases   ] GC(160)   Pre Evacuate Collection Set: 0.1ms
[380.701s][info][gc,phases   ] GC(160)   Merge Heap Roots: 0.0ms
[380.701s][info][gc,phases   ] GC(160)   Evacuate Collection Set: 0.6ms
[380.701s][info][gc,phases   ] GC(160)   Post Evacuate Collection Set: 0.2ms
[380.701s][info][gc,phases   ] GC(160)   Other: 0.1ms
[380.701s][info][gc,heap     ] GC(160) Eden regions: 40->0(40)
[380.701s][info][gc,heap     ] GC(160) Survivor regions: 1->1(6)
[380.701s][info][gc,heap     ] GC(160) Old regions: 34->34
[380.701s][info][gc,heap     ] GC(160) Archive regions: 2->2
[380.701s][info][gc,heap     ] GC(160) Humongous regions: 9->9
[380.701s][info][gc,metaspace] GC(160) Metaspace: 71105K(71744K)->71105K(71744K) NonClass: 61749K(62080K)->61749K(62080K) Class: 9356K(9664K)->9356K(9664K)
[380.701s][info][gc          ] GC(160) Pause Young (Normal) (G1 Evacuation Pause) 83M->43M(97M) 0.967ms
[380.701s][info][gc,cpu      ] GC(160) User=0.01s Sys=0.00s Real=0.00s
[384.277s][info][gc,start    ] GC(161) Pause Young (Concurrent Start) (G1 Evacuation Pause)
[384.277s][info][gc,task     ] GC(161) Using 8 workers of 8 for evacuation
[384.278s][info][gc,phases   ] GC(161)   Pre Evacuate Collection Set: 0.1ms
[384.278s][info][gc,phases   ] GC(161)   Merge Heap Roots: 0.1ms
[384.278s][info][gc,phases   ] GC(161)   Evacuate Collection Set: 1.0ms
[384.278s][info][gc,phases   ] GC(161)   Post Evacuate Collection Set: 0.2ms
[384.278s][info][gc,phases   ] GC(161)   Other: 0.1ms
[384.278s][info][gc,heap     ] GC(161) Eden regions: 40->0(40)
[384.278s][info][gc,heap     ] GC(161) Survivor regions: 1->1(6)
[384.278s][info][gc,heap     ] GC(161) Old regions: 34->34
[384.278s][info][gc,heap     ] GC(161) Archive regions: 2->2
[384.278s][info][gc,heap     ] GC(161) Humongous regions: 9->9
[384.278s][info][gc,metaspace] GC(161) Metaspace: 71116K(71744K)->71116K(71744K) NonClass: 61759K(62080K)->61759K(62080K) Class: 9356K(9664K)->9356K(9664K)
[384.278s][info][gc          ] GC(161) Pause Young (Concurrent Start) (G1 Evacuation Pause) 83M->43M(97M) 1.655ms
[384.278s][info][gc,cpu      ] GC(161) User=0.00s Sys=0.00s Real=0.00s
[384.278s][info][gc          ] GC(162) Concurrent Mark Cycle
[384.278s][info][gc,marking  ] GC(162) Concurrent Clear Claimed Marks
[384.278s][info][gc,marking  ] GC(162) Concurrent Clear Claimed Marks 0.066ms
[384.278s][info][gc,marking  ] GC(162) Concurrent Scan Root Regions
[384.280s][info][gc,marking  ] GC(162) Concurrent Scan Root Regions 1.745ms
[384.280s][info][gc,marking  ] GC(162) Concurrent Mark
[384.280s][info][gc,marking  ] GC(162) Concurrent Mark From Roots
[384.280s][info][gc,task     ] GC(162) Using 2 workers of 2 for marking
[384.303s][info][gc,marking  ] GC(162) Concurrent Mark From Roots 22.894ms
[384.303s][info][gc,marking  ] GC(162) Concurrent Preclean
[384.303s][info][gc,marking  ] GC(162) Concurrent Preclean 0.134ms
[384.303s][info][gc,start    ] GC(162) Pause Remark
[384.306s][info][gc          ] GC(162) Pause Remark 44M->44M(97M) 2.515ms
[384.306s][info][gc,cpu      ] GC(162) User=0.01s Sys=0.00s Real=0.00s
[384.306s][info][gc,marking  ] GC(162) Concurrent Mark 25.718ms
[384.306s][info][gc,marking  ] GC(162) Concurrent Rebuild Remembered Sets
[384.318s][info][gc,marking  ] GC(162) Concurrent Rebuild Remembered Sets 12.151ms
[384.318s][info][gc,start    ] GC(162) Pause Cleanup
[384.318s][info][gc          ] GC(162) Pause Cleanup 44M->44M(97M) 0.079ms
[384.318s][info][gc,cpu      ] GC(162) User=0.00s Sys=0.00s Real=0.00s
[384.318s][info][gc,marking  ] GC(162) Concurrent Cleanup for Next Mark
[384.318s][info][gc,marking  ] GC(162) Concurrent Cleanup for Next Mark 0.089ms
[384.318s][info][gc          ] GC(162) Concurrent Mark Cycle 40.068ms
[387.812s][info][gc,start    ] GC(163) Pause Young (Normal) (G1 Evacuation Pause)
[387.812s][info][gc,task     ] GC(163) Using 8 workers of 8 for evacuation
[387.813s][info][gc,phases   ] GC(163)   Pre Evacuate Collection Set: 0.1ms
[387.813s][info][gc,phases   ] GC(163)   Merge Heap Roots: 0.0ms
[387.813s][info][gc,phases   ] GC(163)   Evacuate Collection Set: 0.7ms
[387.813s][info][gc,phases   ] GC(163)   Post Evacuate Collection Set: 0.2ms
[387.813s][info][gc,phases   ] GC(163)   Other: 0.1ms
[387.813s][info][gc,heap     ] GC(163) Eden regions: 40->0(40)
[387.813s][info][gc,heap     ] GC(163) Survivor regions: 1->1(6)
[387.813s][info][gc,heap     ] GC(163) Old regions: 34->34
[387.813s][info][gc,heap     ] GC(163) Archive regions: 2->2
[387.813s][info][gc,heap     ] GC(163) Humongous regions: 9->9
[387.813s][info][gc,metaspace] GC(163) Metaspace: 71123K(71744K)->71123K(71744K) NonClass: 61767K(62080K)->61767K(62080K) Class: 9356K(9664K)->9356K(9664K)
[387.813s][info][gc          ] GC(163) Pause Young (Normal) (G1 Evacuation Pause) 83M->43M(97M) 1.145ms
[387.813s][info][gc,cpu      ] GC(163) User=0.00s Sys=0.00s Real=0.01s
[391.419s][info][gc,start    ] GC(164) Pause Young (Normal) (G1 Evacuation Pause)
[391.419s][info][gc,task     ] GC(164) Using 8 workers of 8 for evacuation
[391.420s][info][gc,phases   ] GC(164)   Pre Evacuate Collection Set: 0.1ms
[391.420s][info][gc,phases   ] GC(164)   Merge Heap Roots: 0.0ms
[391.420s][info][gc,phases   ] GC(164)   Evacuate Collection Set: 0.8ms
[391.420s][info][gc,phases   ] GC(164)   Post Evacuate Collection Set: 0.2ms
[391.420s][info][gc,phases   ] GC(164)   Other: 0.1ms
[391.420s][info][gc,heap     ] GC(164) Eden regions: 40->0(40)
[391.420s][info][gc,heap     ] GC(164) Survivor regions: 1->1(6)
[391.420s][info][gc,heap     ] GC(164) Old regions: 34->34
[391.420s][info][gc,heap     ] GC(164) Archive regions: 2->2
[391.420s][info][gc,heap     ] GC(164) Humongous regions: 9->9
[391.420s][info][gc,metaspace] GC(164) Metaspace: 71123K(71744K)->71123K(71744K) NonClass: 61767K(62080K)->61767K(62080K) Class: 9356K(9664K)->9356K(9664K)
[391.420s][info][gc          ] GC(164) Pause Young (Normal) (G1 Evacuation Pause) 83M->43M(97M) 1.301ms
[391.420s][info][gc,cpu      ] GC(164) User=0.01s Sys=0.00s Real=0.00s
[395.043s][info][gc,start    ] GC(165) Pause Young (Normal) (G1 Evacuation Pause)
[395.043s][info][gc,task     ] GC(165) Using 8 workers of 8 for evacuation
[395.044s][info][gc,phases   ] GC(165)   Pre Evacuate Collection Set: 0.0ms
[395.044s][info][gc,phases   ] GC(165)   Merge Heap Roots: 0.0ms
[395.044s][info][gc,phases   ] GC(165)   Evacuate Collection Set: 0.7ms
[395.044s][info][gc,phases   ] GC(165)   Post Evacuate Collection Set: 0.2ms
[395.044s][info][gc,phases   ] GC(165)   Other: 0.1ms
[395.044s][info][gc,heap     ] GC(165) Eden regions: 40->0(40)
[395.044s][info][gc,heap     ] GC(165) Survivor regions: 1->1(6)
[395.044s][info][gc,heap     ] GC(165) Old regions: 34->34
[395.044s][info][gc,heap     ] GC(165) Archive regions: 2->2
[395.044s][info][gc,heap     ] GC(165) Humongous regions: 9->9
[395.044s][info][gc,metaspace] GC(165) Metaspace: 71123K(71744K)->71123K(71744K) NonClass: 61767K(62080K)->61767K(62080K) Class: 9356K(9664K)->9356K(9664K)
[395.044s][info][gc          ] GC(165) Pause Young (Normal) (G1 Evacuation Pause) 83M->43M(97M) 1.047ms
[395.044s][info][gc,cpu      ] GC(165) User=0.01s Sys=0.00s Real=0.00s
[398.561s][info][gc,start    ] GC(166) Pause Young (Normal) (G1 Evacuation Pause)
[398.561s][info][gc,task     ] GC(166) Using 8 workers of 8 for evacuation
[398.562s][info][gc,phases   ] GC(166)   Pre Evacuate Collection Set: 0.1ms
[398.562s][info][gc,phases   ] GC(166)   Merge Heap Roots: 0.0ms
[398.562s][info][gc,phases   ] GC(166)   Evacuate Collection Set: 0.6ms
[398.562s][info][gc,phases   ] GC(166)   Post Evacuate Collection Set: 0.2ms
[398.562s][info][gc,phases   ] GC(166)   Other: 0.1ms
[398.562s][info][gc,heap     ] GC(166) Eden regions: 40->0(40)
[398.562s][info][gc,heap     ] GC(166) Survivor regions: 1->1(6)
[398.562s][info][gc,heap     ] GC(166) Old regions: 34->34
[398.562s][info][gc,heap     ] GC(166) Archive regions: 2->2
[398.562s][info][gc,heap     ] GC(166) Humongous regions: 9->9
[398.562s][info][gc,metaspace] GC(166) Metaspace: 71123K(71744K)->71123K(71744K) NonClass: 61767K(62080K)->61767K(62080K) Class: 9356K(9664K)->9356K(9664K)
[398.562s][info][gc          ] GC(166) Pause Young (Normal) (G1 Evacuation Pause) 83M->44M(97M) 0.981ms
[398.562s][info][gc,cpu      ] GC(166) User=0.01s Sys=0.00s Real=0.00s
[402.050s][info][gc,start    ] GC(167) Pause Young (Normal) (G1 Evacuation Pause)
[402.050s][info][gc,task     ] GC(167) Using 8 workers of 8 for evacuation
[402.051s][info][gc,phases   ] GC(167)   Pre Evacuate Collection Set: 0.1ms
[402.051s][info][gc,phases   ] GC(167)   Merge Heap Roots: 0.0ms
[402.051s][info][gc,phases   ] GC(167)   Evacuate Collection Set: 0.7ms
[402.051s][info][gc,phases   ] GC(167)   Post Evacuate Collection Set: 0.2ms
[402.051s][info][gc,phases   ] GC(167)   Other: 0.1ms
[402.051s][info][gc,heap     ] GC(167) Eden regions: 40->0(40)
[402.051s][info][gc,heap     ] GC(167) Survivor regions: 1->1(6)
[402.051s][info][gc,heap     ] GC(167) Old regions: 34->34
[402.051s][info][gc,heap     ] GC(167) Archive regions: 2->2
[402.051s][info][gc,heap     ] GC(167) Humongous regions: 9->9
[402.051s][info][gc,metaspace] GC(167) Metaspace: 71123K(71744K)->71123K(71744K) NonClass: 61767K(62080K)->61767K(62080K) Class: 9356K(9664K)->9356K(9664K)
[402.051s][info][gc          ] GC(167) Pause Young (Normal) (G1 Evacuation Pause) 84M->44M(97M) 1.135ms
[402.051s][info][gc,cpu      ] GC(167) User=0.00s Sys=0.00s Real=0.00s
[405.600s][info][gc,start    ] GC(168) Pause Young (Normal) (G1 Evacuation Pause)
[405.600s][info][gc,task     ] GC(168) Using 8 workers of 8 for evacuation
[405.601s][info][gc,phases   ] GC(168)   Pre Evacuate Collection Set: 0.1ms
[405.601s][info][gc,phases   ] GC(168)   Merge Heap Roots: 0.0ms
[405.601s][info][gc,phases   ] GC(168)   Evacuate Collection Set: 0.6ms
[405.601s][info][gc,phases   ] GC(168)   Post Evacuate Collection Set: 0.2ms
[405.601s][info][gc,phases   ] GC(168)   Other: 0.1ms
[405.601s][info][gc,heap     ] GC(168) Eden regions: 40->0(40)
[405.601s][info][gc,heap     ] GC(168) Survivor regions: 1->1(6)
[405.601s][info][gc,heap     ] GC(168) Old regions: 34->34
[405.601s][info][gc,heap     ] GC(168) Archive regions: 2->2
[405.601s][info][gc,heap     ] GC(168) Humongous regions: 9->9
[405.601s][info][gc,metaspace] GC(168) Metaspace: 71126K(71744K)->71126K(71744K) NonClass: 61770K(62080K)->61770K(62080K) Class: 9356K(9664K)->9356K(9664K)
[405.601s][info][gc          ] GC(168) Pause Young (Normal) (G1 Evacuation Pause) 84M->44M(97M) 0.980ms
[405.601s][info][gc,cpu      ] GC(168) User=0.00s Sys=0.00s Real=0.00s
[409.180s][info][gc,start    ] GC(169) Pause Young (Normal) (G1 Evacuation Pause)
[409.180s][info][gc,task     ] GC(169) Using 8 workers of 8 for evacuation
[409.181s][info][gc,phases   ] GC(169)   Pre Evacuate Collection Set: 0.1ms
[409.181s][info][gc,phases   ] GC(169)   Merge Heap Roots: 0.0ms
[409.181s][info][gc,phases   ] GC(169)   Evacuate Collection Set: 0.7ms
[409.181s][info][gc,phases   ] GC(169)   Post Evacuate Collection Set: 0.2ms
[409.181s][info][gc,phases   ] GC(169)   Other: 0.1ms
[409.181s][info][gc,heap     ] GC(169) Eden regions: 40->0(40)
[409.181s][info][gc,heap     ] GC(169) Survivor regions: 1->1(6)
[409.181s][info][gc,heap     ] GC(169) Old regions: 34->34
[409.181s][info][gc,heap     ] GC(169) Archive regions: 2->2
[409.181s][info][gc,heap     ] GC(169) Humongous regions: 9->9
[409.181s][info][gc,metaspace] GC(169) Metaspace: 71127K(71744K)->71127K(71744K) NonClass: 61771K(62080K)->61771K(62080K) Class: 9356K(9664K)->9356K(9664K)
[409.181s][info][gc          ] GC(169) Pause Young (Normal) (G1 Evacuation Pause) 84M->44M(97M) 1.032ms
[409.181s][info][gc,cpu      ] GC(169) User=0.01s Sys=0.00s Real=0.00s
[412.703s][info][gc,start    ] GC(170) Pause Young (Normal) (G1 Evacuation Pause)
[412.703s][info][gc,task     ] GC(170) Using 8 workers of 8 for evacuation
[412.704s][info][gc,phases   ] GC(170)   Pre Evacuate Collection Set: 0.1ms
[412.704s][info][gc,phases   ] GC(170)   Merge Heap Roots: 0.0ms
[412.704s][info][gc,phases   ] GC(170)   Evacuate Collection Set: 0.7ms
[412.704s][info][gc,phases   ] GC(170)   Post Evacuate Collection Set: 0.2ms
[412.704s][info][gc,phases   ] GC(170)   Other: 0.1ms
[412.704s][info][gc,heap     ] GC(170) Eden regions: 40->0(40)
[412.704s][info][gc,heap     ] GC(170) Survivor regions: 1->1(6)
[412.704s][info][gc,heap     ] GC(170) Old regions: 34->34
[412.704s][info][gc,heap     ] GC(170) Archive regions: 2->2
[412.704s][info][gc,heap     ] GC(170) Humongous regions: 9->9
[412.704s][info][gc,metaspace] GC(170) Metaspace: 71127K(71744K)->71127K(71744K) NonClass: 61771K(62080K)->61771K(62080K) Class: 9356K(9664K)->9356K(9664K)
[412.704s][info][gc          ] GC(170) Pause Young (Normal) (G1 Evacuation Pause) 84M->44M(97M) 1.114ms
[412.704s][info][gc,cpu      ] GC(170) User=0.00s Sys=0.00s Real=0.00s
[416.211s][info][gc,start    ] GC(171) Pause Young (Normal) (G1 Evacuation Pause)
[416.211s][info][gc,task     ] GC(171) Using 8 workers of 8 for evacuation
[416.213s][info][gc,phases   ] GC(171)   Pre Evacuate Collection Set: 0.1ms
[416.213s][info][gc,phases   ] GC(171)   Merge Heap Roots: 0.1ms
[416.213s][info][gc,phases   ] GC(171)   Evacuate Collection Set: 1.3ms
[416.213s][info][gc,phases   ] GC(171)   Post Evacuate Collection Set: 0.2ms
[416.213s][info][gc,phases   ] GC(171)   Other: 0.1ms
[416.213s][info][gc,heap     ] GC(171) Eden regions: 40->0(40)
[416.213s][info][gc,heap     ] GC(171) Survivor regions: 1->1(6)
[416.213s][info][gc,heap     ] GC(171) Old regions: 34->34
[416.213s][info][gc,heap     ] GC(171) Archive regions: 2->2
[416.213s][info][gc,heap     ] GC(171) Humongous regions: 9->9
[416.213s][info][gc,metaspace] GC(171) Metaspace: 71127K(71744K)->71127K(71744K) NonClass: 61771K(62080K)->61771K(62080K) Class: 9356K(9664K)->9356K(9664K)
[416.213s][info][gc          ] GC(171) Pause Young (Normal) (G1 Evacuation Pause) 84M->44M(97M) 1.820ms
[416.213s][info][gc,cpu      ] GC(171) User=0.01s Sys=0.00s Real=0.01s
[419.680s][info][gc,start    ] GC(172) Pause Young (Normal) (G1 Evacuation Pause)
[419.680s][info][gc,task     ] GC(172) Using 8 workers of 8 for evacuation
[419.681s][info][gc,phases   ] GC(172)   Pre Evacuate Collection Set: 0.1ms
[419.681s][info][gc,phases   ] GC(172)   Merge Heap Roots: 0.0ms
[419.681s][info][gc,phases   ] GC(172)   Evacuate Collection Set: 0.8ms
[419.681s][info][gc,phases   ] GC(172)   Post Evacuate Collection Set: 0.2ms
[419.681s][info][gc,phases   ] GC(172)   Other: 0.1ms
[419.681s][info][gc,heap     ] GC(172) Eden regions: 40->0(40)
[419.681s][info][gc,heap     ] GC(172) Survivor regions: 1->1(6)
[419.681s][info][gc,heap     ] GC(172) Old regions: 34->34
[419.681s][info][gc,heap     ] GC(172) Archive regions: 2->2
[419.681s][info][gc,heap     ] GC(172) Humongous regions: 9->9
[419.681s][info][gc,metaspace] GC(172) Metaspace: 71129K(71744K)->71129K(71744K) NonClass: 61773K(62080K)->61773K(62080K) Class: 9356K(9664K)->9356K(9664K)
[419.681s][info][gc          ] GC(172) Pause Young (Normal) (G1 Evacuation Pause) 84M->44M(97M) 1.218ms
[419.681s][info][gc,cpu      ] GC(172) User=0.00s Sys=0.00s Real=0.00s
[423.110s][info][gc,start    ] GC(173) Pause Young (Normal) (G1 Evacuation Pause)
[423.110s][info][gc,task     ] GC(173) Using 8 workers of 8 for evacuation
[423.111s][info][gc,phases   ] GC(173)   Pre Evacuate Collection Set: 0.1ms
[423.111s][info][gc,phases   ] GC(173)   Merge Heap Roots: 0.0ms
[423.111s][info][gc,phases   ] GC(173)   Evacuate Collection Set: 0.7ms
[423.111s][info][gc,phases   ] GC(173)   Post Evacuate Collection Set: 0.2ms
[423.111s][info][gc,phases   ] GC(173)   Other: 0.1ms
[423.111s][info][gc,heap     ] GC(173) Eden regions: 40->0(40)
[423.111s][info][gc,heap     ] GC(173) Survivor regions: 1->1(6)
[423.111s][info][gc,heap     ] GC(173) Old regions: 34->34
[423.111s][info][gc,heap     ] GC(173) Archive regions: 2->2
[423.111s][info][gc,heap     ] GC(173) Humongous regions: 9->9
[423.111s][info][gc,metaspace] GC(173) Metaspace: 71129K(71744K)->71129K(71744K) NonClass: 61773K(62080K)->61773K(62080K) Class: 9356K(9664K)->9356K(9664K)
[423.111s][info][gc          ] GC(173) Pause Young (Normal) (G1 Evacuation Pause) 84M->44M(97M) 1.062ms
[423.111s][info][gc,cpu      ] GC(173) User=0.01s Sys=0.00s Real=0.00s
[426.582s][info][gc,start    ] GC(174) Pause Young (Normal) (G1 Evacuation Pause)
[426.582s][info][gc,task     ] GC(174) Using 8 workers of 8 for evacuation
[426.583s][info][gc,phases   ] GC(174)   Pre Evacuate Collection Set: 0.1ms
[426.583s][info][gc,phases   ] GC(174)   Merge Heap Roots: 0.1ms
[426.583s][info][gc,phases   ] GC(174)   Evacuate Collection Set: 0.8ms
[426.583s][info][gc,phases   ] GC(174)   Post Evacuate Collection Set: 0.2ms
[426.583s][info][gc,phases   ] GC(174)   Other: 0.1ms
[426.583s][info][gc,heap     ] GC(174) Eden regions: 40->0(40)
[426.583s][info][gc,heap     ] GC(174) Survivor regions: 1->1(6)
[426.583s][info][gc,heap     ] GC(174) Old regions: 34->34
[426.583s][info][gc,heap     ] GC(174) Archive regions: 2->2
[426.583s][info][gc,heap     ] GC(174) Humongous regions: 9->9
[426.583s][info][gc,metaspace] GC(174) Metaspace: 71129K(71744K)->71129K(71744K) NonClass: 61773K(62080K)->61773K(62080K) Class: 9356K(9664K)->9356K(9664K)
[426.583s][info][gc          ] GC(174) Pause Young (Normal) (G1 Evacuation Pause) 84M->44M(97M) 1.204ms
[426.583s][info][gc,cpu      ] GC(174) User=0.00s Sys=0.00s Real=0.01s
[430.063s][info][gc,start    ] GC(175) Pause Young (Normal) (G1 Evacuation Pause)
[430.063s][info][gc,task     ] GC(175) Using 8 workers of 8 for evacuation
[430.065s][info][gc,phases   ] GC(175)   Pre Evacuate Collection Set: 0.1ms
[430.065s][info][gc,phases   ] GC(175)   Merge Heap Roots: 0.1ms
[430.065s][info][gc,phases   ] GC(175)   Evacuate Collection Set: 1.3ms
[430.065s][info][gc,phases   ] GC(175)   Post Evacuate Collection Set: 0.2ms
[430.065s][info][gc,phases   ] GC(175)   Other: 0.1ms
[430.065s][info][gc,heap     ] GC(175) Eden regions: 40->0(40)
[430.065s][info][gc,heap     ] GC(175) Survivor regions: 1->1(6)
[430.065s][info][gc,heap     ] GC(175) Old regions: 34->34
[430.065s][info][gc,heap     ] GC(175) Archive regions: 2->2
[430.065s][info][gc,heap     ] GC(175) Humongous regions: 9->9
[430.065s][info][gc,metaspace] GC(175) Metaspace: 71133K(71744K)->71133K(71744K) NonClass: 61776K(62080K)->61776K(62080K) Class: 9356K(9664K)->9356K(9664K)
[430.065s][info][gc          ] GC(175) Pause Young (Normal) (G1 Evacuation Pause) 84M->44M(97M) 1.838ms
[430.065s][info][gc,cpu      ] GC(175) User=0.01s Sys=0.00s Real=0.00s
[433.533s][info][gc,start    ] GC(176) Pause Young (Normal) (G1 Evacuation Pause)
[433.533s][info][gc,task     ] GC(176) Using 8 workers of 8 for evacuation
[433.535s][info][gc,phases   ] GC(176)   Pre Evacuate Collection Set: 0.1ms
[433.535s][info][gc,phases   ] GC(176)   Merge Heap Roots: 0.1ms
[433.535s][info][gc,phases   ] GC(176)   Evacuate Collection Set: 0.8ms
[433.535s][info][gc,phases   ] GC(176)   Post Evacuate Collection Set: 0.3ms
[433.535s][info][gc,phases   ] GC(176)   Other: 0.1ms
[433.535s][info][gc,heap     ] GC(176) Eden regions: 40->0(40)
[433.535s][info][gc,heap     ] GC(176) Survivor regions: 1->1(6)
[433.535s][info][gc,heap     ] GC(176) Old regions: 34->34
[433.535s][info][gc,heap     ] GC(176) Archive regions: 2->2
[433.535s][info][gc,heap     ] GC(176) Humongous regions: 9->9
[433.535s][info][gc,metaspace] GC(176) Metaspace: 71133K(71744K)->71133K(71744K) NonClass: 61776K(62080K)->61776K(62080K) Class: 9356K(9664K)->9356K(9664K)
[433.535s][info][gc          ] GC(176) Pause Young (Normal) (G1 Evacuation Pause) 84M->44M(97M) 1.376ms
[433.535s][info][gc,cpu      ] GC(176) User=0.01s Sys=0.00s Real=0.00s
[437.005s][info][gc,start    ] GC(177) Pause Young (Normal) (G1 Evacuation Pause)
[437.005s][info][gc,task     ] GC(177) Using 8 workers of 8 for evacuation
[437.006s][info][gc,phases   ] GC(177)   Pre Evacuate Collection Set: 0.1ms
[437.006s][info][gc,phases   ] GC(177)   Merge Heap Roots: 0.0ms
[437.006s][info][gc,phases   ] GC(177)   Evacuate Collection Set: 0.7ms
[437.006s][info][gc,phases   ] GC(177)   Post Evacuate Collection Set: 0.1ms
[437.006s][info][gc,phases   ] GC(177)   Other: 0.1ms
[437.006s][info][gc,heap     ] GC(177) Eden regions: 40->0(39)
[437.006s][info][gc,heap     ] GC(177) Survivor regions: 1->1(6)
[437.006s][info][gc,heap     ] GC(177) Old regions: 34->35
[437.006s][info][gc,heap     ] GC(177) Archive regions: 2->2
[437.006s][info][gc,heap     ] GC(177) Humongous regions: 9->9
[437.006s][info][gc,metaspace] GC(177) Metaspace: 71133K(71744K)->71133K(71744K) NonClass: 61776K(62080K)->61776K(62080K) Class: 9356K(9664K)->9356K(9664K)
[437.006s][info][gc          ] GC(177) Pause Young (Normal) (G1 Evacuation Pause) 84M->44M(97M) 1.072ms
[437.006s][info][gc,cpu      ] GC(177) User=0.00s Sys=0.00s Real=0.00s
[440.283s][info][gc,start    ] GC(178) Pause Young (Normal) (G1 Evacuation Pause)
[440.283s][info][gc,task     ] GC(178) Using 8 workers of 8 for evacuation
[440.284s][info][gc,phases   ] GC(178)   Pre Evacuate Collection Set: 0.0ms
[440.284s][info][gc,phases   ] GC(178)   Merge Heap Roots: 0.0ms
[440.284s][info][gc,phases   ] GC(178)   Evacuate Collection Set: 1.1ms
[440.284s][info][gc,phases   ] GC(178)   Post Evacuate Collection Set: 0.2ms
[440.284s][info][gc,phases   ] GC(178)   Other: 0.1ms
[440.284s][info][gc,heap     ] GC(178) Eden regions: 39->0(39)
[440.284s][info][gc,heap     ] GC(178) Survivor regions: 1->1(5)
[440.284s][info][gc,heap     ] GC(178) Old regions: 35->35
[440.284s][info][gc,heap     ] GC(178) Archive regions: 2->2
[440.284s][info][gc,heap     ] GC(178) Humongous regions: 9->9
[440.284s][info][gc,metaspace] GC(178) Metaspace: 71134K(71744K)->71134K(71744K) NonClass: 61778K(62080K)->61778K(62080K) Class: 9356K(9664K)->9356K(9664K)
[440.284s][info][gc          ] GC(178) Pause Young (Normal) (G1 Evacuation Pause) 83M->44M(97M) 1.459ms
[440.284s][info][gc,cpu      ] GC(178) User=0.00s Sys=0.00s Real=0.01s
[443.928s][info][gc,start    ] GC(179) Pause Young (Normal) (G1 Evacuation Pause)
[443.928s][info][gc,task     ] GC(179) Using 8 workers of 8 for evacuation
[443.929s][info][gc,phases   ] GC(179)   Pre Evacuate Collection Set: 0.1ms
[443.929s][info][gc,phases   ] GC(179)   Merge Heap Roots: 0.0ms
[443.929s][info][gc,phases   ] GC(179)   Evacuate Collection Set: 1.2ms
[443.929s][info][gc,phases   ] GC(179)   Post Evacuate Collection Set: 0.2ms
[443.929s][info][gc,phases   ] GC(179)   Other: 0.1ms
[443.929s][info][gc,heap     ] GC(179) Eden regions: 39->0(39)
[443.929s][info][gc,heap     ] GC(179) Survivor regions: 1->1(5)
[443.929s][info][gc,heap     ] GC(179) Old regions: 35->35
[443.929s][info][gc,heap     ] GC(179) Archive regions: 2->2
[443.929s][info][gc,heap     ] GC(179) Humongous regions: 9->9
[443.929s][info][gc,metaspace] GC(179) Metaspace: 71134K(71744K)->71134K(71744K) NonClass: 61778K(62080K)->61778K(62080K) Class: 9356K(9664K)->9356K(9664K)
[443.929s][info][gc          ] GC(179) Pause Young (Normal) (G1 Evacuation Pause) 83M->44M(97M) 1.662ms
[443.929s][info][gc,cpu      ] GC(179) User=0.01s Sys=0.00s Real=0.00s
[447.620s][info][gc,start    ] GC(180) Pause Young (Normal) (G1 Evacuation Pause)
[447.620s][info][gc,task     ] GC(180) Using 8 workers of 8 for evacuation
[447.621s][info][gc,phases   ] GC(180)   Pre Evacuate Collection Set: 0.0ms
[447.621s][info][gc,phases   ] GC(180)   Merge Heap Roots: 0.0ms
[447.621s][info][gc,phases   ] GC(180)   Evacuate Collection Set: 0.7ms
[447.621s][info][gc,phases   ] GC(180)   Post Evacuate Collection Set: 0.2ms
[447.621s][info][gc,phases   ] GC(180)   Other: 0.1ms
[447.621s][info][gc,heap     ] GC(180) Eden regions: 39->0(39)
[447.621s][info][gc,heap     ] GC(180) Survivor regions: 1->1(5)
[447.621s][info][gc,heap     ] GC(180) Old regions: 35->35
[447.621s][info][gc,heap     ] GC(180) Archive regions: 2->2
[447.621s][info][gc,heap     ] GC(180) Humongous regions: 9->9
[447.621s][info][gc,metaspace] GC(180) Metaspace: 71134K(71744K)->71134K(71744K) NonClass: 61778K(62080K)->61778K(62080K) Class: 9356K(9664K)->9356K(9664K)
[447.621s][info][gc          ] GC(180) Pause Young (Normal) (G1 Evacuation Pause) 83M->44M(97M) 1.139ms
[447.621s][info][gc,cpu      ] GC(180) User=0.00s Sys=0.00s Real=0.00s
[451.123s][info][gc,start    ] GC(181) Pause Young (Normal) (G1 Evacuation Pause)
[451.123s][info][gc,task     ] GC(181) Using 8 workers of 8 for evacuation
[451.125s][info][gc,phases   ] GC(181)   Pre Evacuate Collection Set: 0.1ms
[451.125s][info][gc,phases   ] GC(181)   Merge Heap Roots: 0.1ms
[451.125s][info][gc,phases   ] GC(181)   Evacuate Collection Set: 0.9ms
[451.125s][info][gc,phases   ] GC(181)   Post Evacuate Collection Set: 0.2ms
[451.125s][info][gc,phases   ] GC(181)   Other: 0.1ms
[451.125s][info][gc,heap     ] GC(181) Eden regions: 39->0(39)
[451.125s][info][gc,heap     ] GC(181) Survivor regions: 1->1(5)
[451.125s][info][gc,heap     ] GC(181) Old regions: 35->35
[451.125s][info][gc,heap     ] GC(181) Archive regions: 2->2
[451.125s][info][gc,heap     ] GC(181) Humongous regions: 9->9
[451.125s][info][gc,metaspace] GC(181) Metaspace: 71134K(71744K)->71134K(71744K) NonClass: 61778K(62080K)->61778K(62080K) Class: 9356K(9664K)->9356K(9664K)
[451.125s][info][gc          ] GC(181) Pause Young (Normal) (G1 Evacuation Pause) 83M->44M(97M) 1.374ms
[451.125s][info][gc,cpu      ] GC(181) User=0.00s Sys=0.00s Real=0.00s
[454.696s][info][gc,start    ] GC(182) Pause Young (Normal) (G1 Evacuation Pause)
[454.696s][info][gc,task     ] GC(182) Using 8 workers of 8 for evacuation
[454.697s][info][gc,phases   ] GC(182)   Pre Evacuate Collection Set: 0.0ms
[454.697s][info][gc,phases   ] GC(182)   Merge Heap Roots: 0.0ms
[454.697s][info][gc,phases   ] GC(182)   Evacuate Collection Set: 0.7ms
[454.697s][info][gc,phases   ] GC(182)   Post Evacuate Collection Set: 0.2ms
[454.697s][info][gc,phases   ] GC(182)   Other: 0.1ms
[454.697s][info][gc,heap     ] GC(182) Eden regions: 39->0(39)
[454.697s][info][gc,heap     ] GC(182) Survivor regions: 1->1(5)
[454.697s][info][gc,heap     ] GC(182) Old regions: 35->35
[454.697s][info][gc,heap     ] GC(182) Archive regions: 2->2
[454.697s][info][gc,heap     ] GC(182) Humongous regions: 9->9
[454.697s][info][gc,metaspace] GC(182) Metaspace: 71141K(71744K)->71141K(71744K) NonClass: 61785K(62080K)->61785K(62080K) Class: 9356K(9664K)->9356K(9664K)
[454.697s][info][gc          ] GC(182) Pause Young (Normal) (G1 Evacuation Pause) 83M->44M(97M) 1.056ms
[454.697s][info][gc,cpu      ] GC(182) User=0.00s Sys=0.00s Real=0.00s
[458.050s][info][gc,start    ] GC(183) Pause Young (Normal) (G1 Evacuation Pause)
[458.050s][info][gc,task     ] GC(183) Using 8 workers of 8 for evacuation
[458.051s][info][gc,phases   ] GC(183)   Pre Evacuate Collection Set: 0.1ms
[458.051s][info][gc,phases   ] GC(183)   Merge Heap Roots: 0.1ms
[458.051s][info][gc,phases   ] GC(183)   Evacuate Collection Set: 1.3ms
[458.051s][info][gc,phases   ] GC(183)   Post Evacuate Collection Set: 0.2ms
[458.051s][info][gc,phases   ] GC(183)   Other: 0.1ms
[458.051s][info][gc,heap     ] GC(183) Eden regions: 39->0(39)
[458.051s][info][gc,heap     ] GC(183) Survivor regions: 1->1(5)
[458.051s][info][gc,heap     ] GC(183) Old regions: 35->35
[458.051s][info][gc,heap     ] GC(183) Archive regions: 2->2
[458.051s][info][gc,heap     ] GC(183) Humongous regions: 9->9
[458.051s][info][gc,metaspace] GC(183) Metaspace: 71141K(71744K)->71141K(71744K) NonClass: 61785K(62080K)->61785K(62080K) Class: 9356K(9664K)->9356K(9664K)
[458.051s][info][gc          ] GC(183) Pause Young (Normal) (G1 Evacuation Pause) 83M->44M(97M) 1.775ms
[458.051s][info][gc,cpu      ] GC(183) User=0.00s Sys=0.01s Real=0.00s
[461.404s][info][gc,start    ] GC(184) Pause Young (Normal) (G1 Evacuation Pause)
[461.404s][info][gc,task     ] GC(184) Using 8 workers of 8 for evacuation
[461.405s][info][gc,phases   ] GC(184)   Pre Evacuate Collection Set: 0.1ms
[461.405s][info][gc,phases   ] GC(184)   Merge Heap Roots: 0.1ms
[461.405s][info][gc,phases   ] GC(184)   Evacuate Collection Set: 0.6ms
[461.405s][info][gc,phases   ] GC(184)   Post Evacuate Collection Set: 0.1ms
[461.405s][info][gc,phases   ] GC(184)   Other: 0.1ms
[461.405s][info][gc,heap     ] GC(184) Eden regions: 39->0(39)
[461.405s][info][gc,heap     ] GC(184) Survivor regions: 1->1(5)
[461.405s][info][gc,heap     ] GC(184) Old regions: 35->35
[461.405s][info][gc,heap     ] GC(184) Archive regions: 2->2
[461.405s][info][gc,heap     ] GC(184) Humongous regions: 9->9
[461.405s][info][gc,metaspace] GC(184) Metaspace: 71141K(71744K)->71141K(71744K) NonClass: 61785K(62080K)->61785K(62080K) Class: 9356K(9664K)->9356K(9664K)
[461.405s][info][gc          ] GC(184) Pause Young (Normal) (G1 Evacuation Pause) 83M->44M(97M) 1.082ms
[461.405s][info][gc,cpu      ] GC(184) User=0.01s Sys=0.00s Real=0.00s
[464.873s][info][gc,start    ] GC(185) Pause Young (Normal) (G1 Evacuation Pause)
[464.873s][info][gc,task     ] GC(185) Using 8 workers of 8 for evacuation
[464.875s][info][gc,phases   ] GC(185)   Pre Evacuate Collection Set: 0.1ms
[464.875s][info][gc,phases   ] GC(185)   Merge Heap Roots: 0.1ms
[464.875s][info][gc,phases   ] GC(185)   Evacuate Collection Set: 0.9ms
[464.875s][info][gc,phases   ] GC(185)   Post Evacuate Collection Set: 0.2ms
[464.875s][info][gc,phases   ] GC(185)   Other: 0.1ms
[464.875s][info][gc,heap     ] GC(185) Eden regions: 39->0(39)
[464.875s][info][gc,heap     ] GC(185) Survivor regions: 1->1(5)
[464.875s][info][gc,heap     ] GC(185) Old regions: 35->35
[464.875s][info][gc,heap     ] GC(185) Archive regions: 2->2
[464.875s][info][gc,heap     ] GC(185) Humongous regions: 9->9
[464.875s][info][gc,metaspace] GC(185) Metaspace: 71141K(71744K)->71141K(71744K) NonClass: 61785K(62080K)->61785K(62080K) Class: 9356K(9664K)->9356K(9664K)
[464.875s][info][gc          ] GC(185) Pause Young (Normal) (G1 Evacuation Pause) 83M->44M(97M) 1.324ms
[464.875s][info][gc,cpu      ] GC(185) User=0.00s Sys=0.00s Real=0.00s
[468.403s][info][gc,start    ] GC(186) Pause Young (Normal) (G1 Evacuation Pause)
[468.403s][info][gc,task     ] GC(186) Using 8 workers of 8 for evacuation
[468.404s][info][gc,phases   ] GC(186)   Pre Evacuate Collection Set: 0.1ms
[468.404s][info][gc,phases   ] GC(186)   Merge Heap Roots: 0.0ms
[468.404s][info][gc,phases   ] GC(186)   Evacuate Collection Set: 0.8ms
[468.404s][info][gc,phases   ] GC(186)   Post Evacuate Collection Set: 0.2ms
[468.404s][info][gc,phases   ] GC(186)   Other: 0.1ms
[468.404s][info][gc,heap     ] GC(186) Eden regions: 39->0(39)
[468.404s][info][gc,heap     ] GC(186) Survivor regions: 1->1(5)
[468.404s][info][gc,heap     ] GC(186) Old regions: 35->35
[468.404s][info][gc,heap     ] GC(186) Archive regions: 2->2
[468.404s][info][gc,heap     ] GC(186) Humongous regions: 9->9
[468.404s][info][gc,metaspace] GC(186) Metaspace: 71141K(71744K)->71141K(71744K) NonClass: 61785K(62080K)->61785K(62080K) Class: 9356K(9664K)->9356K(9664K)
[468.404s][info][gc          ] GC(186) Pause Young (Normal) (G1 Evacuation Pause) 83M->44M(97M) 1.233ms
[468.404s][info][gc,cpu      ] GC(186) User=0.01s Sys=0.00s Real=0.00s
[471.854s][info][gc,start    ] GC(187) Pause Young (Normal) (G1 Evacuation Pause)
[471.854s][info][gc,task     ] GC(187) Using 8 workers of 8 for evacuation
[471.856s][info][gc,phases   ] GC(187)   Pre Evacuate Collection Set: 0.1ms
[471.856s][info][gc,phases   ] GC(187)   Merge Heap Roots: 0.0ms
[471.856s][info][gc,phases   ] GC(187)   Evacuate Collection Set: 0.8ms
[471.856s][info][gc,phases   ] GC(187)   Post Evacuate Collection Set: 0.2ms
[471.856s][info][gc,phases   ] GC(187)   Other: 0.1ms
[471.856s][info][gc,heap     ] GC(187) Eden regions: 39->0(39)
[471.856s][info][gc,heap     ] GC(187) Survivor regions: 1->1(5)
[471.856s][info][gc,heap     ] GC(187) Old regions: 35->35
[471.856s][info][gc,heap     ] GC(187) Archive regions: 2->2
[471.856s][info][gc,heap     ] GC(187) Humongous regions: 9->9
[471.856s][info][gc,metaspace] GC(187) Metaspace: 71141K(71744K)->71141K(71744K) NonClass: 61785K(62080K)->61785K(62080K) Class: 9356K(9664K)->9356K(9664K)
[471.856s][info][gc          ] GC(187) Pause Young (Normal) (G1 Evacuation Pause) 83M->44M(97M) 1.241ms
[471.856s][info][gc,cpu      ] GC(187) User=0.01s Sys=0.00s Real=0.00s
[475.190s][info][gc,start    ] GC(188) Pause Young (Normal) (G1 Evacuation Pause)
[475.190s][info][gc,task     ] GC(188) Using 8 workers of 8 for evacuation
[475.191s][info][gc,phases   ] GC(188)   Pre Evacuate Collection Set: 0.1ms
[475.192s][info][gc,phases   ] GC(188)   Merge Heap Roots: 0.0ms
[475.192s][info][gc,phases   ] GC(188)   Evacuate Collection Set: 0.8ms
[475.192s][info][gc,phases   ] GC(188)   Post Evacuate Collection Set: 0.2ms
[475.192s][info][gc,phases   ] GC(188)   Other: 0.1ms
[475.192s][info][gc,heap     ] GC(188) Eden regions: 39->0(39)
[475.192s][info][gc,heap     ] GC(188) Survivor regions: 1->1(5)
[475.192s][info][gc,heap     ] GC(188) Old regions: 35->35
[475.192s][info][gc,heap     ] GC(188) Archive regions: 2->2
[475.192s][info][gc,heap     ] GC(188) Humongous regions: 9->9
[475.192s][info][gc,metaspace] GC(188) Metaspace: 71141K(71744K)->71141K(71744K) NonClass: 61785K(62080K)->61785K(62080K) Class: 9356K(9664K)->9356K(9664K)
[475.192s][info][gc          ] GC(188) Pause Young (Normal) (G1 Evacuation Pause) 83M->44M(97M) 1.163ms
[475.192s][info][gc,cpu      ] GC(188) User=0.00s Sys=0.00s Real=0.00s
[478.520s][info][gc,start    ] GC(189) Pause Young (Normal) (G1 Evacuation Pause)
[478.520s][info][gc,task     ] GC(189) Using 8 workers of 8 for evacuation
[478.521s][info][gc,phases   ] GC(189)   Pre Evacuate Collection Set: 0.1ms
[478.521s][info][gc,phases   ] GC(189)   Merge Heap Roots: 0.0ms
[478.521s][info][gc,phases   ] GC(189)   Evacuate Collection Set: 0.8ms
[478.521s][info][gc,phases   ] GC(189)   Post Evacuate Collection Set: 0.2ms
[478.521s][info][gc,phases   ] GC(189)   Other: 0.1ms
[478.521s][info][gc,heap     ] GC(189) Eden regions: 39->0(39)
[478.521s][info][gc,heap     ] GC(189) Survivor regions: 1->1(5)
[478.521s][info][gc,heap     ] GC(189) Old regions: 35->35
[478.521s][info][gc,heap     ] GC(189) Archive regions: 2->2
[478.521s][info][gc,heap     ] GC(189) Humongous regions: 9->9
[478.521s][info][gc,metaspace] GC(189) Metaspace: 71142K(71744K)->71142K(71744K) NonClass: 61786K(62080K)->61786K(62080K) Class: 9356K(9664K)->9356K(9664K)
[478.521s][info][gc          ] GC(189) Pause Young (Normal) (G1 Evacuation Pause) 83M->44M(97M) 1.238ms
[478.521s][info][gc,cpu      ] GC(189) User=0.01s Sys=0.00s Real=0.00s
[481.830s][info][gc,start    ] GC(190) Pause Young (Normal) (G1 Evacuation Pause)
[481.830s][info][gc,task     ] GC(190) Using 8 workers of 8 for evacuation
[481.831s][info][gc,phases   ] GC(190)   Pre Evacuate Collection Set: 0.1ms
[481.831s][info][gc,phases   ] GC(190)   Merge Heap Roots: 0.0ms
[481.831s][info][gc,phases   ] GC(190)   Evacuate Collection Set: 0.7ms
[481.831s][info][gc,phases   ] GC(190)   Post Evacuate Collection Set: 0.2ms
[481.831s][info][gc,phases   ] GC(190)   Other: 0.1ms
[481.831s][info][gc,heap     ] GC(190) Eden regions: 39->0(39)
[481.831s][info][gc,heap     ] GC(190) Survivor regions: 1->1(5)
[481.831s][info][gc,heap     ] GC(190) Old regions: 35->35
[481.831s][info][gc,heap     ] GC(190) Archive regions: 2->2
[481.831s][info][gc,heap     ] GC(190) Humongous regions: 9->9
[481.831s][info][gc,metaspace] GC(190) Metaspace: 71142K(71744K)->71142K(71744K) NonClass: 61786K(62080K)->61786K(62080K) Class: 9356K(9664K)->9356K(9664K)
[481.831s][info][gc          ] GC(190) Pause Young (Normal) (G1 Evacuation Pause) 83M->45M(97M) 1.071ms
[481.831s][info][gc,cpu      ] GC(190) User=0.01s Sys=0.00s Real=0.00s
[485.105s][info][gc,start    ] GC(191) Pause Young (Normal) (G1 Evacuation Pause)
[485.105s][info][gc,task     ] GC(191) Using 8 workers of 8 for evacuation
[485.106s][info][gc,phases   ] GC(191)   Pre Evacuate Collection Set: 0.1ms
[485.106s][info][gc,phases   ] GC(191)   Merge Heap Roots: 0.0ms
[485.106s][info][gc,phases   ] GC(191)   Evacuate Collection Set: 0.7ms
[485.106s][info][gc,phases   ] GC(191)   Post Evacuate Collection Set: 0.1ms
[485.106s][info][gc,phases   ] GC(191)   Other: 0.1ms
[485.106s][info][gc,heap     ] GC(191) Eden regions: 39->0(39)
[485.106s][info][gc,heap     ] GC(191) Survivor regions: 1->1(5)
[485.106s][info][gc,heap     ] GC(191) Old regions: 35->35
[485.106s][info][gc,heap     ] GC(191) Archive regions: 2->2
[485.106s][info][gc,heap     ] GC(191) Humongous regions: 9->9
[485.106s][info][gc,metaspace] GC(191) Metaspace: 71142K(71744K)->71142K(71744K) NonClass: 61786K(62080K)->61786K(62080K) Class: 9356K(9664K)->9356K(9664K)
[485.106s][info][gc          ] GC(191) Pause Young (Normal) (G1 Evacuation Pause) 84M->45M(97M) 1.123ms
[485.106s][info][gc,cpu      ] GC(191) User=0.00s Sys=0.00s Real=0.00s
[488.445s][info][gc,start    ] GC(192) Pause Young (Normal) (G1 Evacuation Pause)
[488.446s][info][gc,task     ] GC(192) Using 8 workers of 8 for evacuation
[488.447s][info][gc,phases   ] GC(192)   Pre Evacuate Collection Set: 0.1ms
[488.447s][info][gc,phases   ] GC(192)   Merge Heap Roots: 0.0ms
[488.447s][info][gc,phases   ] GC(192)   Evacuate Collection Set: 1.5ms
[488.447s][info][gc,phases   ] GC(192)   Post Evacuate Collection Set: 0.2ms
[488.447s][info][gc,phases   ] GC(192)   Other: 0.1ms
[488.447s][info][gc,heap     ] GC(192) Eden regions: 39->0(39)
[488.447s][info][gc,heap     ] GC(192) Survivor regions: 1->1(5)
[488.447s][info][gc,heap     ] GC(192) Old regions: 35->35
[488.447s][info][gc,heap     ] GC(192) Archive regions: 2->2
[488.447s][info][gc,heap     ] GC(192) Humongous regions: 9->9
[488.447s][info][gc,metaspace] GC(192) Metaspace: 71144K(71744K)->71144K(71744K) NonClass: 61788K(62080K)->61788K(62080K) Class: 9356K(9664K)->9356K(9664K)
[488.447s][info][gc          ] GC(192) Pause Young (Normal) (G1 Evacuation Pause) 84M->45M(97M) 1.965ms
[488.447s][info][gc,cpu      ] GC(192) User=0.01s Sys=0.00s Real=0.00s
[491.788s][info][gc,start    ] GC(193) Pause Young (Normal) (G1 Evacuation Pause)
[491.788s][info][gc,task     ] GC(193) Using 8 workers of 8 for evacuation
[491.789s][info][gc,phases   ] GC(193)   Pre Evacuate Collection Set: 0.0ms
[491.789s][info][gc,phases   ] GC(193)   Merge Heap Roots: 0.0ms
[491.789s][info][gc,phases   ] GC(193)   Evacuate Collection Set: 0.7ms
[491.789s][info][gc,phases   ] GC(193)   Post Evacuate Collection Set: 0.1ms
[491.789s][info][gc,phases   ] GC(193)   Other: 0.1ms
[491.789s][info][gc,heap     ] GC(193) Eden regions: 39->0(39)
[491.789s][info][gc,heap     ] GC(193) Survivor regions: 1->1(5)
[491.789s][info][gc,heap     ] GC(193) Old regions: 35->35
[491.789s][info][gc,heap     ] GC(193) Archive regions: 2->2
[491.789s][info][gc,heap     ] GC(193) Humongous regions: 9->9
[491.789s][info][gc,metaspace] GC(193) Metaspace: 71144K(71744K)->71144K(71744K) NonClass: 61788K(62080K)->61788K(62080K) Class: 9356K(9664K)->9356K(9664K)
[491.789s][info][gc          ] GC(193) Pause Young (Normal) (G1 Evacuation Pause) 84M->45M(97M) 1.051ms
[491.789s][info][gc,cpu      ] GC(193) User=0.00s Sys=0.00s Real=0.00s
[495.138s][info][gc,start    ] GC(194) Pause Young (Normal) (G1 Evacuation Pause)
[495.138s][info][gc,task     ] GC(194) Using 8 workers of 8 for evacuation
[495.139s][info][gc,phases   ] GC(194)   Pre Evacuate Collection Set: 0.1ms
[495.139s][info][gc,phases   ] GC(194)   Merge Heap Roots: 0.1ms
[495.139s][info][gc,phases   ] GC(194)   Evacuate Collection Set: 0.8ms
[495.139s][info][gc,phases   ] GC(194)   Post Evacuate Collection Set: 0.2ms
[495.139s][info][gc,phases   ] GC(194)   Other: 0.1ms
[495.139s][info][gc,heap     ] GC(194) Eden regions: 39->0(39)
[495.139s][info][gc,heap     ] GC(194) Survivor regions: 1->1(5)
[495.139s][info][gc,heap     ] GC(194) Old regions: 35->35
[495.139s][info][gc,heap     ] GC(194) Archive regions: 2->2
[495.139s][info][gc,heap     ] GC(194) Humongous regions: 9->9
[495.139s][info][gc,metaspace] GC(194) Metaspace: 71144K(71744K)->71144K(71744K) NonClass: 61788K(62080K)->61788K(62080K) Class: 9356K(9664K)->9356K(9664K)
[495.139s][info][gc          ] GC(194) Pause Young (Normal) (G1 Evacuation Pause) 84M->45M(97M) 1.264ms
[495.139s][info][gc,cpu      ] GC(194) User=0.01s Sys=0.00s Real=0.00s
[498.651s][info][gc,start    ] GC(195) Pause Young (Normal) (G1 Evacuation Pause)
[498.651s][info][gc,task     ] GC(195) Using 8 workers of 8 for evacuation
[498.652s][info][gc,phases   ] GC(195)   Pre Evacuate Collection Set: 0.0ms
[498.652s][info][gc,phases   ] GC(195)   Merge Heap Roots: 0.0ms
[498.652s][info][gc,phases   ] GC(195)   Evacuate Collection Set: 0.7ms
[498.652s][info][gc,phases   ] GC(195)   Post Evacuate Collection Set: 0.2ms
[498.652s][info][gc,phases   ] GC(195)   Other: 0.1ms
[498.652s][info][gc,heap     ] GC(195) Eden regions: 39->0(39)
[498.652s][info][gc,heap     ] GC(195) Survivor regions: 1->1(5)
[498.652s][info][gc,heap     ] GC(195) Old regions: 35->35
[498.652s][info][gc,heap     ] GC(195) Archive regions: 2->2
[498.652s][info][gc,heap     ] GC(195) Humongous regions: 9->9
[498.652s][info][gc,metaspace] GC(195) Metaspace: 71145K(71744K)->71145K(71744K) NonClass: 61788K(62080K)->61788K(62080K) Class: 9356K(9664K)->9356K(9664K)
[498.652s][info][gc          ] GC(195) Pause Young (Normal) (G1 Evacuation Pause) 84M->45M(97M) 1.054ms
[498.652s][info][gc,cpu      ] GC(195) User=0.01s Sys=0.00s Real=0.00s
[501.996s][info][gc,start    ] GC(196) Pause Young (Normal) (G1 Evacuation Pause)
[501.996s][info][gc,task     ] GC(196) Using 8 workers of 8 for evacuation
[501.997s][info][gc,phases   ] GC(196)   Pre Evacuate Collection Set: 0.1ms
[501.997s][info][gc,phases   ] GC(196)   Merge Heap Roots: 0.0ms
[501.997s][info][gc,phases   ] GC(196)   Evacuate Collection Set: 0.8ms
[501.997s][info][gc,phases   ] GC(196)   Post Evacuate Collection Set: 0.2ms
[501.997s][info][gc,phases   ] GC(196)   Other: 0.1ms
[501.997s][info][gc,heap     ] GC(196) Eden regions: 39->0(39)
[501.997s][info][gc,heap     ] GC(196) Survivor regions: 1->1(5)
[501.997s][info][gc,heap     ] GC(196) Old regions: 35->35
[501.997s][info][gc,heap     ] GC(196) Archive regions: 2->2
[501.997s][info][gc,heap     ] GC(196) Humongous regions: 9->9
[501.997s][info][gc,metaspace] GC(196) Metaspace: 71145K(71744K)->71145K(71744K) NonClass: 61788K(62080K)->61788K(62080K) Class: 9356K(9664K)->9356K(9664K)
[501.997s][info][gc          ] GC(196) Pause Young (Normal) (G1 Evacuation Pause) 84M->45M(97M) 1.277ms
[501.997s][info][gc,cpu      ] GC(196) User=0.01s Sys=0.00s Real=0.00s
[505.560s][info][gc,start    ] GC(197) Pause Young (Normal) (G1 Evacuation Pause)
[505.560s][info][gc,task     ] GC(197) Using 8 workers of 8 for evacuation
[505.561s][info][gc,phases   ] GC(197)   Pre Evacuate Collection Set: 0.0ms
[505.561s][info][gc,phases   ] GC(197)   Merge Heap Roots: 0.0ms
[505.561s][info][gc,phases   ] GC(197)   Evacuate Collection Set: 0.6ms
[505.561s][info][gc,phases   ] GC(197)   Post Evacuate Collection Set: 0.2ms
[505.561s][info][gc,phases   ] GC(197)   Other: 0.1ms
[505.561s][info][gc,heap     ] GC(197) Eden regions: 39->0(39)
[505.561s][info][gc,heap     ] GC(197) Survivor regions: 1->1(5)
[505.561s][info][gc,heap     ] GC(197) Old regions: 35->35
[505.561s][info][gc,heap     ] GC(197) Archive regions: 2->2
[505.561s][info][gc,heap     ] GC(197) Humongous regions: 9->9
[505.561s][info][gc,metaspace] GC(197) Metaspace: 71145K(71744K)->71145K(71744K) NonClass: 61788K(62080K)->61788K(62080K) Class: 9356K(9664K)->9356K(9664K)
[505.561s][info][gc          ] GC(197) Pause Young (Normal) (G1 Evacuation Pause) 84M->45M(97M) 1.002ms
[505.561s][info][gc,cpu      ] GC(197) User=0.01s Sys=0.00s Real=0.00s
[509.002s][info][gc,start    ] GC(198) Pause Young (Normal) (G1 Evacuation Pause)
[509.002s][info][gc,task     ] GC(198) Using 8 workers of 8 for evacuation
[509.004s][info][gc,phases   ] GC(198)   Pre Evacuate Collection Set: 0.1ms
[509.004s][info][gc,phases   ] GC(198)   Merge Heap Roots: 0.0ms
[509.004s][info][gc,phases   ] GC(198)   Evacuate Collection Set: 0.9ms
[509.004s][info][gc,phases   ] GC(198)   Post Evacuate Collection Set: 0.2ms
[509.004s][info][gc,phases   ] GC(198)   Other: 0.1ms
[509.004s][info][gc,heap     ] GC(198) Eden regions: 39->0(39)
[509.004s][info][gc,heap     ] GC(198) Survivor regions: 1->1(5)
[509.004s][info][gc,heap     ] GC(198) Old regions: 35->35
[509.004s][info][gc,heap     ] GC(198) Archive regions: 2->2
[509.004s][info][gc,heap     ] GC(198) Humongous regions: 9->9
[509.004s][info][gc,metaspace] GC(198) Metaspace: 71145K(71744K)->71145K(71744K) NonClass: 61789K(62080K)->61789K(62080K) Class: 9356K(9664K)->9356K(9664K)
[509.004s][info][gc          ] GC(198) Pause Young (Normal) (G1 Evacuation Pause) 84M->45M(97M) 1.431ms
[509.004s][info][gc,cpu      ] GC(198) User=0.01s Sys=0.00s Real=0.01s
[512.390s][info][gc,start    ] GC(199) Pause Young (Normal) (G1 Evacuation Pause)
[512.390s][info][gc,task     ] GC(199) Using 8 workers of 8 for evacuation
[512.391s][info][gc,phases   ] GC(199)   Pre Evacuate Collection Set: 0.1ms
[512.392s][info][gc,phases   ] GC(199)   Merge Heap Roots: 0.1ms
[512.392s][info][gc,phases   ] GC(199)   Evacuate Collection Set: 1.1ms
[512.392s][info][gc,phases   ] GC(199)   Post Evacuate Collection Set: 0.2ms
[512.392s][info][gc,phases   ] GC(199)   Other: 0.1ms
[512.392s][info][gc,heap     ] GC(199) Eden regions: 39->0(39)
[512.392s][info][gc,heap     ] GC(199) Survivor regions: 1->1(5)
[512.392s][info][gc,heap     ] GC(199) Old regions: 35->35
[512.392s][info][gc,heap     ] GC(199) Archive regions: 2->2
[512.392s][info][gc,heap     ] GC(199) Humongous regions: 9->9
[512.392s][info][gc,metaspace] GC(199) Metaspace: 71153K(71744K)->71153K(71744K) NonClass: 61797K(62080K)->61797K(62080K) Class: 9356K(9664K)->9356K(9664K)
[512.392s][info][gc          ] GC(199) Pause Young (Normal) (G1 Evacuation Pause) 84M->45M(97M) 1.694ms
[512.392s][info][gc,cpu      ] GC(199) User=0.01s Sys=0.00s Real=0.00s
[515.758s][info][gc,start    ] GC(200) Pause Young (Normal) (G1 Evacuation Pause)
[515.758s][info][gc,task     ] GC(200) Using 8 workers of 8 for evacuation
[515.759s][info][gc,phases   ] GC(200)   Pre Evacuate Collection Set: 0.0ms
[515.759s][info][gc,phases   ] GC(200)   Merge Heap Roots: 0.0ms
[515.759s][info][gc,phases   ] GC(200)   Evacuate Collection Set: 0.8ms
[515.759s][info][gc,phases   ] GC(200)   Post Evacuate Collection Set: 0.2ms
[515.759s][info][gc,phases   ] GC(200)   Other: 0.1ms
[515.759s][info][gc,heap     ] GC(200) Eden regions: 39->0(39)
[515.759s][info][gc,heap     ] GC(200) Survivor regions: 1->1(5)
[515.759s][info][gc,heap     ] GC(200) Old regions: 35->35
[515.759s][info][gc,heap     ] GC(200) Archive regions: 2->2
[515.759s][info][gc,heap     ] GC(200) Humongous regions: 9->9
[515.759s][info][gc,metaspace] GC(200) Metaspace: 71175K(71808K)->71175K(71808K) NonClass: 61819K(62144K)->61819K(62144K) Class: 9356K(9664K)->9356K(9664K)
[515.759s][info][gc          ] GC(200) Pause Young (Normal) (G1 Evacuation Pause) 84M->45M(97M) 1.147ms
[515.759s][info][gc,cpu      ] GC(200) User=0.01s Sys=0.00s Real=0.00s
[519.126s][info][gc,start    ] GC(201) Pause Young (Normal) (G1 Evacuation Pause)
[519.126s][info][gc,task     ] GC(201) Using 8 workers of 8 for evacuation
[519.128s][info][gc,phases   ] GC(201)   Pre Evacuate Collection Set: 0.1ms
[519.128s][info][gc,phases   ] GC(201)   Merge Heap Roots: 0.1ms
[519.128s][info][gc,phases   ] GC(201)   Evacuate Collection Set: 0.8ms
[519.128s][info][gc,phases   ] GC(201)   Post Evacuate Collection Set: 1.1ms
[519.128s][info][gc,phases   ] GC(201)   Other: 0.1ms
[519.128s][info][gc,heap     ] GC(201) Eden regions: 39->0(38)
[519.128s][info][gc,heap     ] GC(201) Survivor regions: 1->1(5)
[519.128s][info][gc,heap     ] GC(201) Old regions: 35->36
[519.128s][info][gc,heap     ] GC(201) Archive regions: 2->2
[519.128s][info][gc,heap     ] GC(201) Humongous regions: 9->9
[519.128s][info][gc,metaspace] GC(201) Metaspace: 71176K(71808K)->71176K(71808K) NonClass: 61820K(62144K)->61820K(62144K) Class: 9356K(9664K)->9356K(9664K)
[519.128s][info][gc          ] GC(201) Pause Young (Normal) (G1 Evacuation Pause) 84M->45M(97M) 2.219ms
[519.128s][info][gc,cpu      ] GC(201) User=0.00s Sys=0.00s Real=0.00s
[522.574s][info][gc,start    ] GC(202) Pause Young (Normal) (G1 Evacuation Pause)
[522.574s][info][gc,task     ] GC(202) Using 8 workers of 8 for evacuation
[522.575s][info][gc,phases   ] GC(202)   Pre Evacuate Collection Set: 0.1ms
[522.575s][info][gc,phases   ] GC(202)   Merge Heap Roots: 0.0ms
[522.575s][info][gc,phases   ] GC(202)   Evacuate Collection Set: 0.7ms
[522.575s][info][gc,phases   ] GC(202)   Post Evacuate Collection Set: 0.2ms
[522.575s][info][gc,phases   ] GC(202)   Other: 0.1ms
[522.575s][info][gc,heap     ] GC(202) Eden regions: 38->0(38)
[522.575s][info][gc,heap     ] GC(202) Survivor regions: 1->1(5)
[522.575s][info][gc,heap     ] GC(202) Old regions: 36->36
[522.575s][info][gc,heap     ] GC(202) Archive regions: 2->2
[522.575s][info][gc,heap     ] GC(202) Humongous regions: 9->9
[522.575s][info][gc,metaspace] GC(202) Metaspace: 71176K(71808K)->71176K(71808K) NonClass: 61820K(62144K)->61820K(62144K) Class: 9356K(9664K)->9356K(9664K)
[522.575s][info][gc          ] GC(202) Pause Young (Normal) (G1 Evacuation Pause) 83M->45M(97M) 1.124ms
[522.575s][info][gc,cpu      ] GC(202) User=0.00s Sys=0.00s Real=0.00s
[525.985s][info][gc,start    ] GC(203) Pause Young (Normal) (G1 Evacuation Pause)
[525.986s][info][gc,task     ] GC(203) Using 8 workers of 8 for evacuation
[525.987s][info][gc,phases   ] GC(203)   Pre Evacuate Collection Set: 0.1ms
[525.987s][info][gc,phases   ] GC(203)   Merge Heap Roots: 0.0ms
[525.987s][info][gc,phases   ] GC(203)   Evacuate Collection Set: 0.8ms
[525.987s][info][gc,phases   ] GC(203)   Post Evacuate Collection Set: 0.2ms
[525.987s][info][gc,phases   ] GC(203)   Other: 0.1ms
[525.987s][info][gc,heap     ] GC(203) Eden regions: 38->0(38)
[525.987s][info][gc,heap     ] GC(203) Survivor regions: 1->1(5)
[525.987s][info][gc,heap     ] GC(203) Old regions: 36->36
[525.987s][info][gc,heap     ] GC(203) Archive regions: 2->2
[525.987s][info][gc,heap     ] GC(203) Humongous regions: 9->9
[525.987s][info][gc,metaspace] GC(203) Metaspace: 71176K(71808K)->71176K(71808K) NonClass: 61820K(62144K)->61820K(62144K) Class: 9356K(9664K)->9356K(9664K)
[525.987s][info][gc          ] GC(203) Pause Young (Normal) (G1 Evacuation Pause) 83M->45M(97M) 1.218ms
[525.987s][info][gc,cpu      ] GC(203) User=0.00s Sys=0.00s Real=0.00s
[529.985s][info][gc,start    ] GC(204) Pause Young (Normal) (G1 Evacuation Pause)
[529.985s][info][gc,task     ] GC(204) Using 8 workers of 8 for evacuation
[529.987s][info][gc,phases   ] GC(204)   Pre Evacuate Collection Set: 0.1ms
[529.987s][info][gc,phases   ] GC(204)   Merge Heap Roots: 0.1ms
[529.987s][info][gc,phases   ] GC(204)   Evacuate Collection Set: 1.1ms
[529.987s][info][gc,phases   ] GC(204)   Post Evacuate Collection Set: 0.3ms
[529.987s][info][gc,phases   ] GC(204)   Other: 0.1ms
[529.987s][info][gc,heap     ] GC(204) Eden regions: 38->0(38)
[529.987s][info][gc,heap     ] GC(204) Survivor regions: 1->1(5)
[529.987s][info][gc,heap     ] GC(204) Old regions: 36->36
[529.987s][info][gc,heap     ] GC(204) Archive regions: 2->2
[529.987s][info][gc,heap     ] GC(204) Humongous regions: 9->9
[529.987s][info][gc,metaspace] GC(204) Metaspace: 71176K(71808K)->71176K(71808K) NonClass: 61820K(62144K)->61820K(62144K) Class: 9356K(9664K)->9356K(9664K)
[529.987s][info][gc          ] GC(204) Pause Young (Normal) (G1 Evacuation Pause) 83M->45M(97M) 1.742ms
[529.987s][info][gc,cpu      ] GC(204) User=0.00s Sys=0.00s Real=0.00s
[533.658s][info][gc,start    ] GC(205) Pause Young (Normal) (G1 Evacuation Pause)
[533.658s][info][gc,task     ] GC(205) Using 8 workers of 8 for evacuation
[533.659s][info][gc,phases   ] GC(205)   Pre Evacuate Collection Set: 0.1ms
[533.659s][info][gc,phases   ] GC(205)   Merge Heap Roots: 0.0ms
[533.659s][info][gc,phases   ] GC(205)   Evacuate Collection Set: 0.9ms
[533.659s][info][gc,phases   ] GC(205)   Post Evacuate Collection Set: 0.2ms
[533.659s][info][gc,phases   ] GC(205)   Other: 0.1ms
[533.659s][info][gc,heap     ] GC(205) Eden regions: 38->0(38)
[533.659s][info][gc,heap     ] GC(205) Survivor regions: 1->1(5)
[533.659s][info][gc,heap     ] GC(205) Old regions: 36->36
[533.659s][info][gc,heap     ] GC(205) Archive regions: 2->2
[533.659s][info][gc,heap     ] GC(205) Humongous regions: 9->9
[533.659s][info][gc,metaspace] GC(205) Metaspace: 71176K(71808K)->71176K(71808K) NonClass: 61820K(62144K)->61820K(62144K) Class: 9356K(9664K)->9356K(9664K)
[533.659s][info][gc          ] GC(205) Pause Young (Normal) (G1 Evacuation Pause) 83M->45M(97M) 1.405ms
[533.659s][info][gc,cpu      ] GC(205) User=0.01s Sys=0.00s Real=0.00s
[537.601s][info][gc,start    ] GC(206) Pause Young (Normal) (G1 Evacuation Pause)
[537.601s][info][gc,task     ] GC(206) Using 8 workers of 8 for evacuation
[537.603s][info][gc,phases   ] GC(206)   Pre Evacuate Collection Set: 0.1ms
[537.603s][info][gc,phases   ] GC(206)   Merge Heap Roots: 0.0ms
[537.603s][info][gc,phases   ] GC(206)   Evacuate Collection Set: 1.3ms
[537.603s][info][gc,phases   ] GC(206)   Post Evacuate Collection Set: 0.3ms
[537.603s][info][gc,phases   ] GC(206)   Other: 0.1ms
[537.603s][info][gc,heap     ] GC(206) Eden regions: 38->0(38)
[537.603s][info][gc,heap     ] GC(206) Survivor regions: 1->1(5)
[537.603s][info][gc,heap     ] GC(206) Old regions: 36->36
[537.603s][info][gc,heap     ] GC(206) Archive regions: 2->2
[537.603s][info][gc,heap     ] GC(206) Humongous regions: 9->9
[537.603s][info][gc,metaspace] GC(206) Metaspace: 71177K(71808K)->71177K(71808K) NonClass: 61821K(62144K)->61821K(62144K) Class: 9356K(9664K)->9356K(9664K)
[537.603s][info][gc          ] GC(206) Pause Young (Normal) (G1 Evacuation Pause) 83M->45M(97M) 1.884ms
[537.603s][info][gc,cpu      ] GC(206) User=0.00s Sys=0.00s Real=0.00s
[541.661s][info][gc,start    ] GC(207) Pause Young (Normal) (G1 Evacuation Pause)
[541.661s][info][gc,task     ] GC(207) Using 8 workers of 8 for evacuation
[541.663s][info][gc,phases   ] GC(207)   Pre Evacuate Collection Set: 0.1ms
[541.663s][info][gc,phases   ] GC(207)   Merge Heap Roots: 0.1ms
[541.663s][info][gc,phases   ] GC(207)   Evacuate Collection Set: 1.1ms
[541.663s][info][gc,phases   ] GC(207)   Post Evacuate Collection Set: 0.2ms
[541.663s][info][gc,phases   ] GC(207)   Other: 0.2ms
[541.663s][info][gc,heap     ] GC(207) Eden regions: 38->0(38)
[541.663s][info][gc,heap     ] GC(207) Survivor regions: 1->1(5)
[541.663s][info][gc,heap     ] GC(207) Old regions: 36->36
[541.663s][info][gc,heap     ] GC(207) Archive regions: 2->2
[541.663s][info][gc,heap     ] GC(207) Humongous regions: 9->9
[541.663s][info][gc,metaspace] GC(207) Metaspace: 71177K(71808K)->71177K(71808K) NonClass: 61821K(62144K)->61821K(62144K) Class: 9356K(9664K)->9356K(9664K)
[541.663s][info][gc          ] GC(207) Pause Young (Normal) (G1 Evacuation Pause) 83M->45M(97M) 1.622ms
[541.663s][info][gc,cpu      ] GC(207) User=0.01s Sys=0.00s Real=0.00s
[545.562s][info][gc,start    ] GC(208) Pause Young (Normal) (G1 Evacuation Pause)
[545.562s][info][gc,task     ] GC(208) Using 8 workers of 8 for evacuation
[545.565s][info][gc,phases   ] GC(208)   Pre Evacuate Collection Set: 0.1ms
[545.565s][info][gc,phases   ] GC(208)   Merge Heap Roots: 0.1ms
[545.565s][info][gc,phases   ] GC(208)   Evacuate Collection Set: 1.6ms
[545.565s][info][gc,phases   ] GC(208)   Post Evacuate Collection Set: 0.2ms
[545.565s][info][gc,phases   ] GC(208)   Other: 0.1ms
[545.565s][info][gc,heap     ] GC(208) Eden regions: 38->0(38)
[545.565s][info][gc,heap     ] GC(208) Survivor regions: 1->1(5)
[545.565s][info][gc,heap     ] GC(208) Old regions: 36->36
[545.565s][info][gc,heap     ] GC(208) Archive regions: 2->2
[545.565s][info][gc,heap     ] GC(208) Humongous regions: 9->9
[545.565s][info][gc,metaspace] GC(208) Metaspace: 71177K(71808K)->71177K(71808K) NonClass: 61821K(62144K)->61821K(62144K) Class: 9356K(9664K)->9356K(9664K)
[545.565s][info][gc          ] GC(208) Pause Young (Normal) (G1 Evacuation Pause) 83M->45M(97M) 2.105ms
[545.565s][info][gc,cpu      ] GC(208) User=0.01s Sys=0.00s Real=0.01s
[549.589s][info][gc,start    ] GC(209) Pause Young (Normal) (G1 Evacuation Pause)
[549.589s][info][gc,task     ] GC(209) Using 8 workers of 8 for evacuation
[549.590s][info][gc,phases   ] GC(209)   Pre Evacuate Collection Set: 0.1ms
[549.590s][info][gc,phases   ] GC(209)   Merge Heap Roots: 0.3ms
[549.590s][info][gc,phases   ] GC(209)   Evacuate Collection Set: 1.1ms
[549.590s][info][gc,phases   ] GC(209)   Post Evacuate Collection Set: 0.2ms
[549.590s][info][gc,phases   ] GC(209)   Other: 0.1ms
[549.590s][info][gc,heap     ] GC(209) Eden regions: 38->0(38)
[549.591s][info][gc,heap     ] GC(209) Survivor regions: 1->1(5)
[549.591s][info][gc,heap     ] GC(209) Old regions: 36->36
[549.591s][info][gc,heap     ] GC(209) Archive regions: 2->2
[549.591s][info][gc,heap     ] GC(209) Humongous regions: 9->9
[549.591s][info][gc,metaspace] GC(209) Metaspace: 71177K(71808K)->71177K(71808K) NonClass: 61821K(62144K)->61821K(62144K) Class: 9356K(9664K)->9356K(9664K)
[549.591s][info][gc          ] GC(209) Pause Young (Normal) (G1 Evacuation Pause) 83M->45M(97M) 1.808ms
[549.591s][info][gc,cpu      ] GC(209) User=0.01s Sys=0.00s Real=0.00s
[553.637s][info][gc,start    ] GC(210) Pause Young (Normal) (G1 Evacuation Pause)
[553.637s][info][gc,task     ] GC(210) Using 8 workers of 8 for evacuation
[553.638s][info][gc,phases   ] GC(210)   Pre Evacuate Collection Set: 0.1ms
[553.638s][info][gc,phases   ] GC(210)   Merge Heap Roots: 0.1ms
[553.638s][info][gc,phases   ] GC(210)   Evacuate Collection Set: 0.9ms
[553.638s][info][gc,phases   ] GC(210)   Post Evacuate Collection Set: 0.2ms
[553.638s][info][gc,phases   ] GC(210)   Other: 0.1ms
[553.638s][info][gc,heap     ] GC(210) Eden regions: 38->0(38)
[553.638s][info][gc,heap     ] GC(210) Survivor regions: 1->1(5)
[553.638s][info][gc,heap     ] GC(210) Old regions: 36->36
[553.638s][info][gc,heap     ] GC(210) Archive regions: 2->2
[553.638s][info][gc,heap     ] GC(210) Humongous regions: 9->9
[553.638s][info][gc,metaspace] GC(210) Metaspace: 71177K(71808K)->71177K(71808K) NonClass: 61821K(62144K)->61821K(62144K) Class: 9356K(9664K)->9356K(9664K)
[553.638s][info][gc          ] GC(210) Pause Young (Normal) (G1 Evacuation Pause) 83M->45M(97M) 1.410ms
[553.638s][info][gc,cpu      ] GC(210) User=0.00s Sys=0.00s Real=0.00s
[557.664s][info][gc,start    ] GC(211) Pause Young (Normal) (G1 Evacuation Pause)
[557.664s][info][gc,task     ] GC(211) Using 8 workers of 8 for evacuation
[557.666s][info][gc,phases   ] GC(211)   Pre Evacuate Collection Set: 0.1ms
[557.666s][info][gc,phases   ] GC(211)   Merge Heap Roots: 0.1ms
[557.666s][info][gc,phases   ] GC(211)   Evacuate Collection Set: 1.1ms
[557.666s][info][gc,phases   ] GC(211)   Post Evacuate Collection Set: 0.2ms
[557.666s][info][gc,phases   ] GC(211)   Other: 0.1ms
[557.666s][info][gc,heap     ] GC(211) Eden regions: 38->0(38)
[557.666s][info][gc,heap     ] GC(211) Survivor regions: 1->1(5)
[557.666s][info][gc,heap     ] GC(211) Old regions: 36->36
[557.666s][info][gc,heap     ] GC(211) Archive regions: 2->2
[557.666s][info][gc,heap     ] GC(211) Humongous regions: 9->9
[557.666s][info][gc,metaspace] GC(211) Metaspace: 71177K(71808K)->71177K(71808K) NonClass: 61821K(62144K)->61821K(62144K) Class: 9356K(9664K)->9356K(9664K)
[557.666s][info][gc          ] GC(211) Pause Young (Normal) (G1 Evacuation Pause) 83M->45M(97M) 1.651ms
[557.666s][info][gc,cpu      ] GC(211) User=0.00s Sys=0.00s Real=0.00s
[561.636s][info][gc,start    ] GC(212) Pause Young (Normal) (G1 Evacuation Pause)
[561.636s][info][gc,task     ] GC(212) Using 8 workers of 8 for evacuation
[561.637s][info][gc,phases   ] GC(212)   Pre Evacuate Collection Set: 0.1ms
[561.637s][info][gc,phases   ] GC(212)   Merge Heap Roots: 0.0ms
[561.637s][info][gc,phases   ] GC(212)   Evacuate Collection Set: 1.0ms
[561.637s][info][gc,phases   ] GC(212)   Post Evacuate Collection Set: 0.2ms
[561.637s][info][gc,phases   ] GC(212)   Other: 0.1ms
[561.637s][info][gc,heap     ] GC(212) Eden regions: 38->0(38)
[561.637s][info][gc,heap     ] GC(212) Survivor regions: 1->1(5)
[561.637s][info][gc,heap     ] GC(212) Old regions: 36->36
[561.637s][info][gc,heap     ] GC(212) Archive regions: 2->2
[561.637s][info][gc,heap     ] GC(212) Humongous regions: 9->9
[561.637s][info][gc,metaspace] GC(212) Metaspace: 71177K(71808K)->71177K(71808K) NonClass: 61821K(62144K)->61821K(62144K) Class: 9356K(9664K)->9356K(9664K)
[561.637s][info][gc          ] GC(212) Pause Young (Normal) (G1 Evacuation Pause) 83M->45M(97M) 1.495ms
[561.637s][info][gc,cpu      ] GC(212) User=0.01s Sys=0.00s Real=0.00s
[565.824s][info][gc,start    ] GC(213) Pause Young (Normal) (G1 Evacuation Pause)
[565.824s][info][gc,task     ] GC(213) Using 8 workers of 8 for evacuation
[565.826s][info][gc,phases   ] GC(213)   Pre Evacuate Collection Set: 0.1ms
[565.826s][info][gc,phases   ] GC(213)   Merge Heap Roots: 0.1ms
[565.826s][info][gc,phases   ] GC(213)   Evacuate Collection Set: 1.0ms
[565.826s][info][gc,phases   ] GC(213)   Post Evacuate Collection Set: 0.2ms
[565.826s][info][gc,phases   ] GC(213)   Other: 0.1ms
[565.826s][info][gc,heap     ] GC(213) Eden regions: 38->0(38)
[565.826s][info][gc,heap     ] GC(213) Survivor regions: 1->1(5)
[565.826s][info][gc,heap     ] GC(213) Old regions: 36->36
[565.826s][info][gc,heap     ] GC(213) Archive regions: 2->2
[565.826s][info][gc,heap     ] GC(213) Humongous regions: 9->9
[565.826s][info][gc,metaspace] GC(213) Metaspace: 71177K(71808K)->71177K(71808K) NonClass: 61821K(62144K)->61821K(62144K) Class: 9356K(9664K)->9356K(9664K)
[565.826s][info][gc          ] GC(213) Pause Young (Normal) (G1 Evacuation Pause) 83M->46M(97M) 1.488ms
[565.826s][info][gc,cpu      ] GC(213) User=0.00s Sys=0.00s Real=0.00s
[569.870s][info][gc,start    ] GC(214) Pause Young (Normal) (G1 Evacuation Pause)
[569.870s][info][gc,task     ] GC(214) Using 8 workers of 8 for evacuation
[569.872s][info][gc,phases   ] GC(214)   Pre Evacuate Collection Set: 0.1ms
[569.872s][info][gc,phases   ] GC(214)   Merge Heap Roots: 0.1ms
[569.872s][info][gc,phases   ] GC(214)   Evacuate Collection Set: 1.1ms
[569.872s][info][gc,phases   ] GC(214)   Post Evacuate Collection Set: 0.2ms
[569.872s][info][gc,phases   ] GC(214)   Other: 0.1ms
[569.872s][info][gc,heap     ] GC(214) Eden regions: 38->0(38)
[569.872s][info][gc,heap     ] GC(214) Survivor regions: 1->1(5)
[569.872s][info][gc,heap     ] GC(214) Old regions: 36->36
[569.872s][info][gc,heap     ] GC(214) Archive regions: 2->2
[569.872s][info][gc,heap     ] GC(214) Humongous regions: 9->9
[569.872s][info][gc,metaspace] GC(214) Metaspace: 71178K(71808K)->71178K(71808K) NonClass: 61821K(62144K)->61821K(62144K) Class: 9356K(9664K)->9356K(9664K)
[569.872s][info][gc          ] GC(214) Pause Young (Normal) (G1 Evacuation Pause) 84M->46M(97M) 1.576ms
[569.872s][info][gc,cpu      ] GC(214) User=0.01s Sys=0.00s Real=0.00s
[573.406s][info][gc,start    ] GC(215) Pause Young (Normal) (G1 Evacuation Pause)
[573.406s][info][gc,task     ] GC(215) Using 8 workers of 8 for evacuation
[573.409s][info][gc,phases   ] GC(215)   Pre Evacuate Collection Set: 0.1ms
[573.409s][info][gc,phases   ] GC(215)   Merge Heap Roots: 0.1ms
[573.409s][info][gc,phases   ] GC(215)   Evacuate Collection Set: 2.1ms
[573.409s][info][gc,phases   ] GC(215)   Post Evacuate Collection Set: 0.4ms
[573.409s][info][gc,phases   ] GC(215)   Other: 0.1ms
[573.409s][info][gc,heap     ] GC(215) Eden regions: 38->0(38)
[573.409s][info][gc,heap     ] GC(215) Survivor regions: 1->1(5)
[573.409s][info][gc,heap     ] GC(215) Old regions: 36->36
[573.409s][info][gc,heap     ] GC(215) Archive regions: 2->2
[573.409s][info][gc,heap     ] GC(215) Humongous regions: 9->9
[573.409s][info][gc,metaspace] GC(215) Metaspace: 71178K(71808K)->71178K(71808K) NonClass: 61821K(62144K)->61821K(62144K) Class: 9356K(9664K)->9356K(9664K)
[573.409s][info][gc          ] GC(215) Pause Young (Normal) (G1 Evacuation Pause) 84M->46M(97M) 2.811ms
[573.409s][info][gc,cpu      ] GC(215) User=0.00s Sys=0.00s Real=0.00s
[577.018s][info][gc,start    ] GC(216) Pause Young (Normal) (G1 Evacuation Pause)
[577.018s][info][gc,task     ] GC(216) Using 8 workers of 8 for evacuation
[577.020s][info][gc,phases   ] GC(216)   Pre Evacuate Collection Set: 0.1ms
[577.020s][info][gc,phases   ] GC(216)   Merge Heap Roots: 0.0ms
[577.020s][info][gc,phases   ] GC(216)   Evacuate Collection Set: 0.9ms
[577.020s][info][gc,phases   ] GC(216)   Post Evacuate Collection Set: 0.2ms
[577.020s][info][gc,phases   ] GC(216)   Other: 0.1ms
[577.020s][info][gc,heap     ] GC(216) Eden regions: 38->0(38)
[577.020s][info][gc,heap     ] GC(216) Survivor regions: 1->1(5)
[577.020s][info][gc,heap     ] GC(216) Old regions: 36->36
[577.020s][info][gc,heap     ] GC(216) Archive regions: 2->2
[577.020s][info][gc,heap     ] GC(216) Humongous regions: 9->9
[577.020s][info][gc,metaspace] GC(216) Metaspace: 71178K(71808K)->71178K(71808K) NonClass: 61822K(62144K)->61822K(62144K) Class: 9356K(9664K)->9356K(9664K)
[577.020s][info][gc          ] GC(216) Pause Young (Normal) (G1 Evacuation Pause) 84M->46M(97M) 1.348ms
[577.020s][info][gc,cpu      ] GC(216) User=0.01s Sys=0.00s Real=0.00s
[580.523s][info][gc,start    ] GC(217) Pause Young (Normal) (G1 Evacuation Pause)
[580.523s][info][gc,task     ] GC(217) Using 8 workers of 8 for evacuation
[580.524s][info][gc,phases   ] GC(217)   Pre Evacuate Collection Set: 0.1ms
[580.524s][info][gc,phases   ] GC(217)   Merge Heap Roots: 0.0ms
[580.524s][info][gc,phases   ] GC(217)   Evacuate Collection Set: 0.7ms
[580.524s][info][gc,phases   ] GC(217)   Post Evacuate Collection Set: 0.2ms
[580.524s][info][gc,phases   ] GC(217)   Other: 0.1ms
[580.524s][info][gc,heap     ] GC(217) Eden regions: 38->0(38)
[580.524s][info][gc,heap     ] GC(217) Survivor regions: 1->1(5)
[580.524s][info][gc,heap     ] GC(217) Old regions: 36->36
[580.524s][info][gc,heap     ] GC(217) Archive regions: 2->2
[580.524s][info][gc,heap     ] GC(217) Humongous regions: 9->9
[580.524s][info][gc,metaspace] GC(217) Metaspace: 71180K(71808K)->71180K(71808K) NonClass: 61824K(62144K)->61824K(62144K) Class: 9356K(9664K)->9356K(9664K)
[580.524s][info][gc          ] GC(217) Pause Young (Normal) (G1 Evacuation Pause) 84M->46M(97M) 1.129ms
[580.524s][info][gc,cpu      ] GC(217) User=0.01s Sys=0.00s Real=0.00s
[584.027s][info][gc,start    ] GC(218) Pause Young (Normal) (G1 Evacuation Pause)
[584.027s][info][gc,task     ] GC(218) Using 8 workers of 8 for evacuation
[584.028s][info][gc,phases   ] GC(218)   Pre Evacuate Collection Set: 0.1ms
[584.028s][info][gc,phases   ] GC(218)   Merge Heap Roots: 0.0ms
[584.028s][info][gc,phases   ] GC(218)   Evacuate Collection Set: 0.7ms
[584.028s][info][gc,phases   ] GC(218)   Post Evacuate Collection Set: 0.1ms
[584.028s][info][gc,phases   ] GC(218)   Other: 0.1ms
[584.028s][info][gc,heap     ] GC(218) Eden regions: 38->0(38)
[584.028s][info][gc,heap     ] GC(218) Survivor regions: 1->1(5)
[584.028s][info][gc,heap     ] GC(218) Old regions: 36->36
[584.028s][info][gc,heap     ] GC(218) Archive regions: 2->2
[584.028s][info][gc,heap     ] GC(218) Humongous regions: 9->9
[584.028s][info][gc,metaspace] GC(218) Metaspace: 71180K(71808K)->71180K(71808K) NonClass: 61824K(62144K)->61824K(62144K) Class: 9356K(9664K)->9356K(9664K)
[584.028s][info][gc          ] GC(218) Pause Young (Normal) (G1 Evacuation Pause) 84M->46M(97M) 1.051ms
[584.028s][info][gc,cpu      ] GC(218) User=0.01s Sys=0.00s Real=0.00s
[587.627s][info][gc,start    ] GC(219) Pause Young (Normal) (G1 Evacuation Pause)
[587.627s][info][gc,task     ] GC(219) Using 8 workers of 8 for evacuation
[587.629s][info][gc,phases   ] GC(219)   Pre Evacuate Collection Set: 0.1ms
[587.629s][info][gc,phases   ] GC(219)   Merge Heap Roots: 0.0ms
[587.629s][info][gc,phases   ] GC(219)   Evacuate Collection Set: 0.9ms
[587.629s][info][gc,phases   ] GC(219)   Post Evacuate Collection Set: 0.2ms
[587.629s][info][gc,phases   ] GC(219)   Other: 0.1ms
[587.629s][info][gc,heap     ] GC(219) Eden regions: 38->0(38)
[587.629s][info][gc,heap     ] GC(219) Survivor regions: 1->1(5)
[587.629s][info][gc,heap     ] GC(219) Old regions: 36->36
[587.629s][info][gc,heap     ] GC(219) Archive regions: 2->2
[587.629s][info][gc,heap     ] GC(219) Humongous regions: 9->9
[587.629s][info][gc,metaspace] GC(219) Metaspace: 71180K(71808K)->71180K(71808K) NonClass: 61824K(62144K)->61824K(62144K) Class: 9356K(9664K)->9356K(9664K)
[587.629s][info][gc          ] GC(219) Pause Young (Normal) (G1 Evacuation Pause) 84M->46M(97M) 1.236ms
[587.629s][info][gc,cpu      ] GC(219) User=0.00s Sys=0.00s Real=0.00s
[591.339s][info][gc,start    ] GC(220) Pause Young (Normal) (G1 Evacuation Pause)
[591.339s][info][gc,task     ] GC(220) Using 8 workers of 8 for evacuation
[591.341s][info][gc,phases   ] GC(220)   Pre Evacuate Collection Set: 0.1ms
[591.341s][info][gc,phases   ] GC(220)   Merge Heap Roots: 0.0ms
[591.341s][info][gc,phases   ] GC(220)   Evacuate Collection Set: 0.8ms
[591.341s][info][gc,phases   ] GC(220)   Post Evacuate Collection Set: 0.2ms
[591.341s][info][gc,phases   ] GC(220)   Other: 0.1ms
[591.341s][info][gc,heap     ] GC(220) Eden regions: 38->0(38)
[591.341s][info][gc,heap     ] GC(220) Survivor regions: 1->1(5)
[591.341s][info][gc,heap     ] GC(220) Old regions: 36->36
[591.341s][info][gc,heap     ] GC(220) Archive regions: 2->2
[591.341s][info][gc,heap     ] GC(220) Humongous regions: 9->9
[591.341s][info][gc,metaspace] GC(220) Metaspace: 71180K(71808K)->71180K(71808K) NonClass: 61824K(62144K)->61824K(62144K) Class: 9356K(9664K)->9356K(9664K)
[591.341s][info][gc          ] GC(220) Pause Young (Normal) (G1 Evacuation Pause) 84M->46M(97M) 1.255ms
[591.341s][info][gc,cpu      ] GC(220) User=0.01s Sys=0.00s Real=0.00s
[595.120s][info][gc,start    ] GC(221) Pause Young (Normal) (G1 Evacuation Pause)
[595.120s][info][gc,task     ] GC(221) Using 8 workers of 8 for evacuation
[595.121s][info][gc,phases   ] GC(221)   Pre Evacuate Collection Set: 0.1ms
[595.121s][info][gc,phases   ] GC(221)   Merge Heap Roots: 0.0ms
[595.121s][info][gc,phases   ] GC(221)   Evacuate Collection Set: 0.8ms
[595.121s][info][gc,phases   ] GC(221)   Post Evacuate Collection Set: 0.2ms
[595.121s][info][gc,phases   ] GC(221)   Other: 0.1ms
[595.121s][info][gc,heap     ] GC(221) Eden regions: 38->0(38)
[595.121s][info][gc,heap     ] GC(221) Survivor regions: 1->1(5)
[595.121s][info][gc,heap     ] GC(221) Old regions: 36->36
[595.121s][info][gc,heap     ] GC(221) Archive regions: 2->2
[595.121s][info][gc,heap     ] GC(221) Humongous regions: 9->9
[595.121s][info][gc,metaspace] GC(221) Metaspace: 71180K(71808K)->71180K(71808K) NonClass: 61824K(62144K)->61824K(62144K) Class: 9356K(9664K)->9356K(9664K)
[595.121s][info][gc          ] GC(221) Pause Young (Normal) (G1 Evacuation Pause) 84M->46M(97M) 1.202ms
[595.121s][info][gc,cpu      ] GC(221) User=0.00s Sys=0.01s Real=0.00s
[598.800s][info][gc,start    ] GC(222) Pause Young (Normal) (G1 Evacuation Pause)
[598.800s][info][gc,task     ] GC(222) Using 8 workers of 8 for evacuation
[598.802s][info][gc,phases   ] GC(222)   Pre Evacuate Collection Set: 0.1ms
[598.802s][info][gc,phases   ] GC(222)   Merge Heap Roots: 0.1ms
[598.802s][info][gc,phases   ] GC(222)   Evacuate Collection Set: 1.3ms
[598.802s][info][gc,phases   ] GC(222)   Post Evacuate Collection Set: 0.3ms
[598.802s][info][gc,phases   ] GC(222)   Other: 0.1ms
[598.802s][info][gc,heap     ] GC(222) Eden regions: 38->0(38)
[598.802s][info][gc,heap     ] GC(222) Survivor regions: 1->1(5)
[598.802s][info][gc,heap     ] GC(222) Old regions: 36->36
[598.802s][info][gc,heap     ] GC(222) Archive regions: 2->2
[598.802s][info][gc,heap     ] GC(222) Humongous regions: 9->9
[598.802s][info][gc,metaspace] GC(222) Metaspace: 71181K(71808K)->71181K(71808K) NonClass: 61825K(62144K)->61825K(62144K) Class: 9356K(9664K)->9356K(9664K)
[598.802s][info][gc          ] GC(222) Pause Young (Normal) (G1 Evacuation Pause) 84M->46M(97M) 1.925ms
[598.802s][info][gc,cpu      ] GC(222) User=0.01s Sys=0.00s Real=0.00s
[602.494s][info][gc,start    ] GC(223) Pause Young (Normal) (G1 Evacuation Pause)
[602.494s][info][gc,task     ] GC(223) Using 8 workers of 8 for evacuation
[602.495s][info][gc,phases   ] GC(223)   Pre Evacuate Collection Set: 0.1ms
[602.495s][info][gc,phases   ] GC(223)   Merge Heap Roots: 0.1ms
[602.495s][info][gc,phases   ] GC(223)   Evacuate Collection Set: 0.8ms
[602.495s][info][gc,phases   ] GC(223)   Post Evacuate Collection Set: 0.2ms
[602.495s][info][gc,phases   ] GC(223)   Other: 0.1ms
[602.495s][info][gc,heap     ] GC(223) Eden regions: 38->0(38)
[602.495s][info][gc,heap     ] GC(223) Survivor regions: 1->1(5)
[602.495s][info][gc,heap     ] GC(223) Old regions: 36->36
[602.495s][info][gc,heap     ] GC(223) Archive regions: 2->2
[602.495s][info][gc,heap     ] GC(223) Humongous regions: 9->9
[602.495s][info][gc,metaspace] GC(223) Metaspace: 71181K(71808K)->71181K(71808K) NonClass: 61825K(62144K)->61825K(62144K) Class: 9356K(9664K)->9356K(9664K)
[602.495s][info][gc          ] GC(223) Pause Young (Normal) (G1 Evacuation Pause) 84M->46M(97M) 1.257ms
[602.495s][info][gc,cpu      ] GC(223) User=0.01s Sys=0.00s Real=0.00s
[606.145s][info][gc,start    ] GC(224) Pause Young (Normal) (G1 Evacuation Pause)
[606.145s][info][gc,task     ] GC(224) Using 8 workers of 8 for evacuation
[606.147s][info][gc,phases   ] GC(224)   Pre Evacuate Collection Set: 0.1ms
[606.147s][info][gc,phases   ] GC(224)   Merge Heap Roots: 0.1ms
[606.147s][info][gc,phases   ] GC(224)   Evacuate Collection Set: 0.9ms
[606.147s][info][gc,phases   ] GC(224)   Post Evacuate Collection Set: 0.2ms
[606.147s][info][gc,phases   ] GC(224)   Other: 0.1ms
[606.147s][info][gc,heap     ] GC(224) Eden regions: 38->0(38)
[606.147s][info][gc,heap     ] GC(224) Survivor regions: 1->1(5)
[606.147s][info][gc,heap     ] GC(224) Old regions: 36->36
[606.147s][info][gc,heap     ] GC(224) Archive regions: 2->2
[606.147s][info][gc,heap     ] GC(224) Humongous regions: 9->9
[606.147s][info][gc,metaspace] GC(224) Metaspace: 71181K(71808K)->71181K(71808K) NonClass: 61825K(62144K)->61825K(62144K) Class: 9356K(9664K)->9356K(9664K)
[606.147s][info][gc          ] GC(224) Pause Young (Normal) (G1 Evacuation Pause) 84M->46M(97M) 1.325ms
[606.147s][info][gc,cpu      ] GC(224) User=0.01s Sys=0.00s Real=0.00s
[609.824s][info][gc,start    ] GC(225) Pause Young (Normal) (G1 Evacuation Pause)
[609.824s][info][gc,task     ] GC(225) Using 8 workers of 8 for evacuation
[609.826s][info][gc,phases   ] GC(225)   Pre Evacuate Collection Set: 0.1ms
[609.826s][info][gc,phases   ] GC(225)   Merge Heap Roots: 0.1ms
[609.826s][info][gc,phases   ] GC(225)   Evacuate Collection Set: 0.8ms
[609.826s][info][gc,phases   ] GC(225)   Post Evacuate Collection Set: 0.2ms
[609.826s][info][gc,phases   ] GC(225)   Other: 0.1ms
[609.826s][info][gc,heap     ] GC(225) Eden regions: 38->0(38)
[609.826s][info][gc,heap     ] GC(225) Survivor regions: 1->1(5)
[609.826s][info][gc,heap     ] GC(225) Old regions: 36->36
[609.826s][info][gc,heap     ] GC(225) Archive regions: 2->2
[609.826s][info][gc,heap     ] GC(225) Humongous regions: 9->9
[609.826s][info][gc,metaspace] GC(225) Metaspace: 71183K(71808K)->71183K(71808K) NonClass: 61827K(62144K)->61827K(62144K) Class: 9356K(9664K)->9356K(9664K)
[609.826s][info][gc          ] GC(225) Pause Young (Normal) (G1 Evacuation Pause) 84M->46M(97M) 1.217ms
[609.826s][info][gc,cpu      ] GC(225) User=0.01s Sys=0.00s Real=0.00s
[613.397s][info][gc,start    ] GC(226) Pause Young (Normal) (G1 Evacuation Pause)
[613.397s][info][gc,task     ] GC(226) Using 8 workers of 8 for evacuation
[613.398s][info][gc,phases   ] GC(226)   Pre Evacuate Collection Set: 0.1ms
[613.398s][info][gc,phases   ] GC(226)   Merge Heap Roots: 0.0ms
[613.398s][info][gc,phases   ] GC(226)   Evacuate Collection Set: 0.9ms
[613.398s][info][gc,phases   ] GC(226)   Post Evacuate Collection Set: 0.2ms
[613.398s][info][gc,phases   ] GC(226)   Other: 0.1ms
[613.398s][info][gc,heap     ] GC(226) Eden regions: 38->0(37)
[613.398s][info][gc,heap     ] GC(226) Survivor regions: 1->1(5)
[613.398s][info][gc,heap     ] GC(226) Old regions: 36->37
[613.398s][info][gc,heap     ] GC(226) Archive regions: 2->2
[613.398s][info][gc,heap     ] GC(226) Humongous regions: 9->9
[613.398s][info][gc,metaspace] GC(226) Metaspace: 71183K(71808K)->71183K(71808K) NonClass: 61827K(62144K)->61827K(62144K) Class: 9356K(9664K)->9356K(9664K)
[613.398s][info][gc          ] GC(226) Pause Young (Normal) (G1 Evacuation Pause) 84M->46M(97M) 1.444ms
[613.398s][info][gc,cpu      ] GC(226) User=0.01s Sys=0.00s Real=0.00s
[616.931s][info][gc,start    ] GC(227) Pause Young (Normal) (G1 Evacuation Pause)
[616.931s][info][gc,task     ] GC(227) Using 8 workers of 8 for evacuation
[616.933s][info][gc,phases   ] GC(227)   Pre Evacuate Collection Set: 0.1ms
[616.933s][info][gc,phases   ] GC(227)   Merge Heap Roots: 0.1ms
[616.933s][info][gc,phases   ] GC(227)   Evacuate Collection Set: 1.5ms
[616.933s][info][gc,phases   ] GC(227)   Post Evacuate Collection Set: 0.2ms
[616.933s][info][gc,phases   ] GC(227)   Other: 0.1ms
[616.933s][info][gc,heap     ] GC(227) Eden regions: 37->0(37)
[616.933s][info][gc,heap     ] GC(227) Survivor regions: 1->1(5)
[616.933s][info][gc,heap     ] GC(227) Old regions: 37->37
[616.933s][info][gc,heap     ] GC(227) Archive regions: 2->2
[616.933s][info][gc,heap     ] GC(227) Humongous regions: 9->9
[616.933s][info][gc,metaspace] GC(227) Metaspace: 71183K(71808K)->71183K(71808K) NonClass: 61827K(62144K)->61827K(62144K) Class: 9356K(9664K)->9356K(9664K)
[616.933s][info][gc          ] GC(227) Pause Young (Normal) (G1 Evacuation Pause) 83M->46M(97M) 2.019ms
[616.933s][info][gc,cpu      ] GC(227) User=0.01s Sys=0.00s Real=0.01s
[620.447s][info][gc,start    ] GC(228) Pause Young (Normal) (G1 Evacuation Pause)
[620.447s][info][gc,task     ] GC(228) Using 8 workers of 8 for evacuation
[620.449s][info][gc,phases   ] GC(228)   Pre Evacuate Collection Set: 0.1ms
[620.449s][info][gc,phases   ] GC(228)   Merge Heap Roots: 0.1ms
[620.449s][info][gc,phases   ] GC(228)   Evacuate Collection Set: 1.4ms
[620.449s][info][gc,phases   ] GC(228)   Post Evacuate Collection Set: 0.3ms
[620.449s][info][gc,phases   ] GC(228)   Other: 0.1ms
[620.449s][info][gc,heap     ] GC(228) Eden regions: 37->0(37)
[620.449s][info][gc,heap     ] GC(228) Survivor regions: 1->1(5)
[620.449s][info][gc,heap     ] GC(228) Old regions: 37->37
[620.449s][info][gc,heap     ] GC(228) Archive regions: 2->2
[620.449s][info][gc,heap     ] GC(228) Humongous regions: 9->9
[620.449s][info][gc,metaspace] GC(228) Metaspace: 71184K(71808K)->71184K(71808K) NonClass: 61828K(62144K)->61828K(62144K) Class: 9356K(9664K)->9356K(9664K)
[620.449s][info][gc          ] GC(228) Pause Young (Normal) (G1 Evacuation Pause) 83M->46M(97M) 2.049ms
[620.449s][info][gc,cpu      ] GC(228) User=0.01s Sys=0.01s Real=0.00s
[623.959s][info][gc,start    ] GC(229) Pause Young (Normal) (G1 Evacuation Pause)
[623.959s][info][gc,task     ] GC(229) Using 8 workers of 8 for evacuation
[623.960s][info][gc,phases   ] GC(229)   Pre Evacuate Collection Set: 0.1ms
[623.960s][info][gc,phases   ] GC(229)   Merge Heap Roots: 0.0ms
[623.961s][info][gc,phases   ] GC(229)   Evacuate Collection Set: 0.9ms
[623.961s][info][gc,phases   ] GC(229)   Post Evacuate Collection Set: 0.2ms
[623.961s][info][gc,phases   ] GC(229)   Other: 0.1ms
[623.961s][info][gc,heap     ] GC(229) Eden regions: 37->0(37)
[623.961s][info][gc,heap     ] GC(229) Survivor regions: 1->1(5)
[623.961s][info][gc,heap     ] GC(229) Old regions: 37->37
[623.961s][info][gc,heap     ] GC(229) Archive regions: 2->2
[623.961s][info][gc,heap     ] GC(229) Humongous regions: 9->9
[623.961s][info][gc,metaspace] GC(229) Metaspace: 71184K(71808K)->71184K(71808K) NonClass: 61828K(62144K)->61828K(62144K) Class: 9356K(9664K)->9356K(9664K)
[623.961s][info][gc          ] GC(229) Pause Young (Normal) (G1 Evacuation Pause) 83M->46M(97M) 1.356ms
[623.961s][info][gc,cpu      ] GC(229) User=0.01s Sys=0.00s Real=0.00s
[627.507s][info][gc,start    ] GC(230) Pause Young (Normal) (G1 Evacuation Pause)
[627.507s][info][gc,task     ] GC(230) Using 8 workers of 8 for evacuation
[627.508s][info][gc,phases   ] GC(230)   Pre Evacuate Collection Set: 0.1ms
[627.508s][info][gc,phases   ] GC(230)   Merge Heap Roots: 0.0ms
[627.508s][info][gc,phases   ] GC(230)   Evacuate Collection Set: 0.7ms
[627.508s][info][gc,phases   ] GC(230)   Post Evacuate Collection Set: 0.2ms
[627.508s][info][gc,phases   ] GC(230)   Other: 0.1ms
[627.508s][info][gc,heap     ] GC(230) Eden regions: 37->0(37)
[627.508s][info][gc,heap     ] GC(230) Survivor regions: 1->1(5)
[627.508s][info][gc,heap     ] GC(230) Old regions: 37->37
[627.508s][info][gc,heap     ] GC(230) Archive regions: 2->2
[627.508s][info][gc,heap     ] GC(230) Humongous regions: 9->9
[627.508s][info][gc,metaspace] GC(230) Metaspace: 71184K(71808K)->71184K(71808K) NonClass: 61828K(62144K)->61828K(62144K) Class: 9356K(9664K)->9356K(9664K)
[627.508s][info][gc          ] GC(230) Pause Young (Normal) (G1 Evacuation Pause) 83M->46M(97M) 1.064ms
[627.508s][info][gc,cpu      ] GC(230) User=0.01s Sys=0.00s Real=0.00s
[631.051s][info][gc,start    ] GC(231) Pause Young (Normal) (G1 Evacuation Pause)
[631.051s][info][gc,task     ] GC(231) Using 8 workers of 8 for evacuation
[631.053s][info][gc,phases   ] GC(231)   Pre Evacuate Collection Set: 0.3ms
[631.053s][info][gc,phases   ] GC(231)   Merge Heap Roots: 0.0ms
[631.053s][info][gc,phases   ] GC(231)   Evacuate Collection Set: 1.5ms
[631.053s][info][gc,phases   ] GC(231)   Post Evacuate Collection Set: 0.3ms
[631.053s][info][gc,phases   ] GC(231)   Other: 0.1ms
[631.053s][info][gc,heap     ] GC(231) Eden regions: 37->0(37)
[631.053s][info][gc,heap     ] GC(231) Survivor regions: 1->1(5)
[631.053s][info][gc,heap     ] GC(231) Old regions: 37->37
[631.053s][info][gc,heap     ] GC(231) Archive regions: 2->2
[631.053s][info][gc,heap     ] GC(231) Humongous regions: 9->9
[631.053s][info][gc,metaspace] GC(231) Metaspace: 71184K(71808K)->71184K(71808K) NonClass: 61828K(62144K)->61828K(62144K) Class: 9356K(9664K)->9356K(9664K)
[631.053s][info][gc          ] GC(231) Pause Young (Normal) (G1 Evacuation Pause) 83M->46M(97M) 2.429ms
[631.053s][info][gc,cpu      ] GC(231) User=0.00s Sys=0.00s Real=0.01s
[634.594s][info][gc,start    ] GC(232) Pause Young (Normal) (G1 Evacuation Pause)
[634.594s][info][gc,task     ] GC(232) Using 8 workers of 8 for evacuation
[634.596s][info][gc,phases   ] GC(232)   Pre Evacuate Collection Set: 0.1ms
[634.596s][info][gc,phases   ] GC(232)   Merge Heap Roots: 0.1ms
[634.596s][info][gc,phases   ] GC(232)   Evacuate Collection Set: 1.7ms
[634.596s][info][gc,phases   ] GC(232)   Post Evacuate Collection Set: 0.2ms
[634.596s][info][gc,phases   ] GC(232)   Other: 0.1ms
[634.596s][info][gc,heap     ] GC(232) Eden regions: 37->0(37)
[634.596s][info][gc,heap     ] GC(232) Survivor regions: 1->1(5)
[634.596s][info][gc,heap     ] GC(232) Old regions: 37->37
[634.596s][info][gc,heap     ] GC(232) Archive regions: 2->2
[634.596s][info][gc,heap     ] GC(232) Humongous regions: 9->9
[634.596s][info][gc,metaspace] GC(232) Metaspace: 71184K(71808K)->71184K(71808K) NonClass: 61828K(62144K)->61828K(62144K) Class: 9356K(9664K)->9356K(9664K)
[634.596s][info][gc          ] GC(232) Pause Young (Normal) (G1 Evacuation Pause) 83M->46M(97M) 2.233ms
[634.596s][info][gc,cpu      ] GC(232) User=0.01s Sys=0.00s Real=0.00s
[638.130s][info][gc,start    ] GC(233) Pause Young (Normal) (G1 Evacuation Pause)
[638.130s][info][gc,task     ] GC(233) Using 8 workers of 8 for evacuation
[638.131s][info][gc,phases   ] GC(233)   Pre Evacuate Collection Set: 0.1ms
[638.131s][info][gc,phases   ] GC(233)   Merge Heap Roots: 0.0ms
[638.131s][info][gc,phases   ] GC(233)   Evacuate Collection Set: 0.9ms
[638.131s][info][gc,phases   ] GC(233)   Post Evacuate Collection Set: 0.2ms
[638.131s][info][gc,phases   ] GC(233)   Other: 0.1ms
[638.131s][info][gc,heap     ] GC(233) Eden regions: 37->0(37)
[638.131s][info][gc,heap     ] GC(233) Survivor regions: 1->1(5)
[638.131s][info][gc,heap     ] GC(233) Old regions: 37->37
[638.131s][info][gc,heap     ] GC(233) Archive regions: 2->2
[638.131s][info][gc,heap     ] GC(233) Humongous regions: 9->9
[638.131s][info][gc,metaspace] GC(233) Metaspace: 71187K(71808K)->71187K(71808K) NonClass: 61831K(62144K)->61831K(62144K) Class: 9356K(9664K)->9356K(9664K)
[638.131s][info][gc          ] GC(233) Pause Young (Normal) (G1 Evacuation Pause) 83M->46M(97M) 1.329ms
[638.132s][info][gc,cpu      ] GC(233) User=0.00s Sys=0.00s Real=0.00s
[641.712s][info][gc,start    ] GC(234) Pause Young (Normal) (G1 Evacuation Pause)
[641.713s][info][gc,task     ] GC(234) Using 8 workers of 8 for evacuation
[641.714s][info][gc,phases   ] GC(234)   Pre Evacuate Collection Set: 0.1ms
[641.714s][info][gc,phases   ] GC(234)   Merge Heap Roots: 0.0ms
[641.714s][info][gc,phases   ] GC(234)   Evacuate Collection Set: 0.9ms
[641.714s][info][gc,phases   ] GC(234)   Post Evacuate Collection Set: 0.2ms
[641.714s][info][gc,phases   ] GC(234)   Other: 0.1ms
[641.714s][info][gc,heap     ] GC(234) Eden regions: 37->0(37)
[641.714s][info][gc,heap     ] GC(234) Survivor regions: 1->1(5)
[641.714s][info][gc,heap     ] GC(234) Old regions: 37->37
[641.714s][info][gc,heap     ] GC(234) Archive regions: 2->2
[641.714s][info][gc,heap     ] GC(234) Humongous regions: 9->9
[641.714s][info][gc,metaspace] GC(234) Metaspace: 71187K(71808K)->71187K(71808K) NonClass: 61831K(62144K)->61831K(62144K) Class: 9356K(9664K)->9356K(9664K)
[641.714s][info][gc          ] GC(234) Pause Young (Normal) (G1 Evacuation Pause) 83M->46M(97M) 1.321ms
[641.714s][info][gc,cpu      ] GC(234) User=0.01s Sys=0.00s Real=0.01s
[645.313s][info][gc,start    ] GC(235) Pause Young (Normal) (G1 Evacuation Pause)
[645.313s][info][gc,task     ] GC(235) Using 8 workers of 8 for evacuation
[645.314s][info][gc,phases   ] GC(235)   Pre Evacuate Collection Set: 0.1ms
[645.314s][info][gc,phases   ] GC(235)   Merge Heap Roots: 0.0ms
[645.314s][info][gc,phases   ] GC(235)   Evacuate Collection Set: 1.2ms
[645.314s][info][gc,phases   ] GC(235)   Post Evacuate Collection Set: 0.2ms
[645.314s][info][gc,phases   ] GC(235)   Other: 0.1ms
[645.315s][info][gc,heap     ] GC(235) Eden regions: 37->0(37)
[645.315s][info][gc,heap     ] GC(235) Survivor regions: 1->1(5)
[645.315s][info][gc,heap     ] GC(235) Old regions: 37->37
[645.315s][info][gc,heap     ] GC(235) Archive regions: 2->2
[645.315s][info][gc,heap     ] GC(235) Humongous regions: 9->9
[645.315s][info][gc,metaspace] GC(235) Metaspace: 71199K(71808K)->71199K(71808K) NonClass: 61843K(62144K)->61843K(62144K) Class: 9356K(9664K)->9356K(9664K)
[645.315s][info][gc          ] GC(235) Pause Young (Normal) (G1 Evacuation Pause) 83M->46M(97M) 1.784ms
[645.315s][info][gc,cpu      ] GC(235) User=0.01s Sys=0.00s Real=0.01s
[648.974s][info][gc,start    ] GC(236) Pause Young (Normal) (G1 Evacuation Pause)
[648.974s][info][gc,task     ] GC(236) Using 8 workers of 8 for evacuation
[648.975s][info][gc,phases   ] GC(236)   Pre Evacuate Collection Set: 0.1ms
[648.975s][info][gc,phases   ] GC(236)   Merge Heap Roots: 0.0ms
[648.975s][info][gc,phases   ] GC(236)   Evacuate Collection Set: 1.0ms
[648.975s][info][gc,phases   ] GC(236)   Post Evacuate Collection Set: 0.2ms
[648.975s][info][gc,phases   ] GC(236)   Other: 0.1ms
[648.975s][info][gc,heap     ] GC(236) Eden regions: 37->0(37)
[648.975s][info][gc,heap     ] GC(236) Survivor regions: 1->1(5)
[648.975s][info][gc,heap     ] GC(236) Old regions: 37->37
[648.975s][info][gc,heap     ] GC(236) Archive regions: 2->2
[648.975s][info][gc,heap     ] GC(236) Humongous regions: 9->9
[648.975s][info][gc,metaspace] GC(236) Metaspace: 71202K(71808K)->71202K(71808K) NonClass: 61846K(62144K)->61846K(62144K) Class: 9356K(9664K)->9356K(9664K)
[648.975s][info][gc          ] GC(236) Pause Young (Normal) (G1 Evacuation Pause) 83M->46M(97M) 1.425ms
[648.975s][info][gc,cpu      ] GC(236) User=0.00s Sys=0.00s Real=0.00s
[652.552s][info][gc,start    ] GC(237) Pause Young (Normal) (G1 Evacuation Pause)
[652.552s][info][gc,task     ] GC(237) Using 8 workers of 8 for evacuation
[652.553s][info][gc,phases   ] GC(237)   Pre Evacuate Collection Set: 0.1ms
[652.553s][info][gc,phases   ] GC(237)   Merge Heap Roots: 0.0ms
[652.553s][info][gc,phases   ] GC(237)   Evacuate Collection Set: 0.8ms
[652.553s][info][gc,phases   ] GC(237)   Post Evacuate Collection Set: 0.2ms
[652.553s][info][gc,phases   ] GC(237)   Other: 0.1ms
[652.553s][info][gc,heap     ] GC(237) Eden regions: 37->0(37)
[652.553s][info][gc,heap     ] GC(237) Survivor regions: 1->1(5)
[652.553s][info][gc,heap     ] GC(237) Old regions: 37->37
[652.553s][info][gc,heap     ] GC(237) Archive regions: 2->2
[652.553s][info][gc,heap     ] GC(237) Humongous regions: 9->9
[652.553s][info][gc,metaspace] GC(237) Metaspace: 71202K(71808K)->71202K(71808K) NonClass: 61846K(62144K)->61846K(62144K) Class: 9356K(9664K)->9356K(9664K)
[652.553s][info][gc          ] GC(237) Pause Young (Normal) (G1 Evacuation Pause) 83M->47M(97M) 1.155ms
[652.553s][info][gc,cpu      ] GC(237) User=0.00s Sys=0.00s Real=0.01s
[656.069s][info][gc,start    ] GC(238) Pause Young (Normal) (G1 Evacuation Pause)
[656.069s][info][gc,task     ] GC(238) Using 8 workers of 8 for evacuation
[656.070s][info][gc,phases   ] GC(238)   Pre Evacuate Collection Set: 0.1ms
[656.070s][info][gc,phases   ] GC(238)   Merge Heap Roots: 0.3ms
[656.070s][info][gc,phases   ] GC(238)   Evacuate Collection Set: 1.0ms
[656.070s][info][gc,phases   ] GC(238)   Post Evacuate Collection Set: 0.2ms
[656.070s][info][gc,phases   ] GC(238)   Other: 0.1ms
[656.070s][info][gc,heap     ] GC(238) Eden regions: 37->0(37)
[656.070s][info][gc,heap     ] GC(238) Survivor regions: 1->1(5)
[656.070s][info][gc,heap     ] GC(238) Old regions: 37->37
[656.070s][info][gc,heap     ] GC(238) Archive regions: 2->2
[656.070s][info][gc,heap     ] GC(238) Humongous regions: 9->9
[656.070s][info][gc,metaspace] GC(238) Metaspace: 71202K(71808K)->71202K(71808K) NonClass: 61846K(62144K)->61846K(62144K) Class: 9356K(9664K)->9356K(9664K)
[656.070s][info][gc          ] GC(238) Pause Young (Normal) (G1 Evacuation Pause) 84M->47M(97M) 1.714ms
[656.070s][info][gc,cpu      ] GC(238) User=0.00s Sys=0.00s Real=0.00s
[659.768s][info][gc,start    ] GC(239) Pause Young (Normal) (G1 Evacuation Pause)
[659.768s][info][gc,task     ] GC(239) Using 8 workers of 8 for evacuation
[659.769s][info][gc,phases   ] GC(239)   Pre Evacuate Collection Set: 0.1ms
[659.769s][info][gc,phases   ] GC(239)   Merge Heap Roots: 0.1ms
[659.769s][info][gc,phases   ] GC(239)   Evacuate Collection Set: 1.2ms
[659.769s][info][gc,phases   ] GC(239)   Post Evacuate Collection Set: 0.2ms
[659.770s][info][gc,phases   ] GC(239)   Other: 0.1ms
[659.770s][info][gc,heap     ] GC(239) Eden regions: 37->0(37)
[659.770s][info][gc,heap     ] GC(239) Survivor regions: 1->1(5)
[659.770s][info][gc,heap     ] GC(239) Old regions: 37->37
[659.770s][info][gc,heap     ] GC(239) Archive regions: 2->2
[659.770s][info][gc,heap     ] GC(239) Humongous regions: 9->9
[659.770s][info][gc,metaspace] GC(239) Metaspace: 71202K(71808K)->71202K(71808K) NonClass: 61846K(62144K)->61846K(62144K) Class: 9356K(9664K)->9356K(9664K)
[659.770s][info][gc          ] GC(239) Pause Young (Normal) (G1 Evacuation Pause) 84M->47M(97M) 1.708ms
[659.770s][info][gc,cpu      ] GC(239) User=0.00s Sys=0.00s Real=0.00s
[663.397s][info][gc,start    ] GC(240) Pause Young (Normal) (G1 Evacuation Pause)
[663.397s][info][gc,task     ] GC(240) Using 8 workers of 8 for evacuation
[663.399s][info][gc,phases   ] GC(240)   Pre Evacuate Collection Set: 0.1ms
[663.399s][info][gc,phases   ] GC(240)   Merge Heap Roots: 0.1ms
[663.399s][info][gc,phases   ] GC(240)   Evacuate Collection Set: 1.0ms
[663.399s][info][gc,phases   ] GC(240)   Post Evacuate Collection Set: 0.2ms
[663.399s][info][gc,phases   ] GC(240)   Other: 0.1ms
[663.399s][info][gc,heap     ] GC(240) Eden regions: 37->0(37)
[663.399s][info][gc,heap     ] GC(240) Survivor regions: 1->1(5)
[663.399s][info][gc,heap     ] GC(240) Old regions: 37->37
[663.399s][info][gc,heap     ] GC(240) Archive regions: 2->2
[663.399s][info][gc,heap     ] GC(240) Humongous regions: 9->9
[663.399s][info][gc,metaspace] GC(240) Metaspace: 71202K(71808K)->71202K(71808K) NonClass: 61846K(62144K)->61846K(62144K) Class: 9356K(9664K)->9356K(9664K)
[663.399s][info][gc          ] GC(240) Pause Young (Normal) (G1 Evacuation Pause) 84M->47M(97M) 1.491ms
[663.399s][info][gc,cpu      ] GC(240) User=0.01s Sys=0.00s Real=0.00s
[666.948s][info][gc,start    ] GC(241) Pause Young (Normal) (G1 Evacuation Pause)
[666.948s][info][gc,task     ] GC(241) Using 8 workers of 8 for evacuation
[666.949s][info][gc,phases   ] GC(241)   Pre Evacuate Collection Set: 0.1ms
[666.949s][info][gc,phases   ] GC(241)   Merge Heap Roots: 0.0ms
[666.949s][info][gc,phases   ] GC(241)   Evacuate Collection Set: 0.9ms
[666.949s][info][gc,phases   ] GC(241)   Post Evacuate Collection Set: 0.2ms
[666.949s][info][gc,phases   ] GC(241)   Other: 0.1ms
[666.949s][info][gc,heap     ] GC(241) Eden regions: 37->0(37)
[666.949s][info][gc,heap     ] GC(241) Survivor regions: 1->1(5)
[666.949s][info][gc,heap     ] GC(241) Old regions: 37->37
[666.949s][info][gc,heap     ] GC(241) Archive regions: 2->2
[666.949s][info][gc,heap     ] GC(241) Humongous regions: 9->9
[666.949s][info][gc,metaspace] GC(241) Metaspace: 71202K(71808K)->71202K(71808K) NonClass: 61846K(62144K)->61846K(62144K) Class: 9356K(9664K)->9356K(9664K)
[666.949s][info][gc          ] GC(241) Pause Young (Normal) (G1 Evacuation Pause) 84M->47M(97M) 1.247ms
[666.949s][info][gc,cpu      ] GC(241) User=0.01s Sys=0.00s Real=0.00s
[670.514s][info][gc,start    ] GC(242) Pause Young (Normal) (G1 Evacuation Pause)
[670.514s][info][gc,task     ] GC(242) Using 8 workers of 8 for evacuation
[670.515s][info][gc,phases   ] GC(242)   Pre Evacuate Collection Set: 0.1ms
[670.515s][info][gc,phases   ] GC(242)   Merge Heap Roots: 0.1ms
[670.515s][info][gc,phases   ] GC(242)   Evacuate Collection Set: 1.2ms
[670.515s][info][gc,phases   ] GC(242)   Post Evacuate Collection Set: 0.2ms
[670.515s][info][gc,phases   ] GC(242)   Other: 0.1ms
[670.515s][info][gc,heap     ] GC(242) Eden regions: 37->0(37)
[670.515s][info][gc,heap     ] GC(242) Survivor regions: 1->1(5)
[670.515s][info][gc,heap     ] GC(242) Old regions: 37->37
[670.515s][info][gc,heap     ] GC(242) Archive regions: 2->2
[670.515s][info][gc,heap     ] GC(242) Humongous regions: 9->9
[670.515s][info][gc,metaspace] GC(242) Metaspace: 71202K(71808K)->71202K(71808K) NonClass: 61846K(62144K)->61846K(62144K) Class: 9356K(9664K)->9356K(9664K)
[670.515s][info][gc          ] GC(242) Pause Young (Normal) (G1 Evacuation Pause) 84M->47M(97M) 1.637ms
[670.515s][info][gc,cpu      ] GC(242) User=0.01s Sys=0.01s Real=0.00s
[674.103s][info][gc,start    ] GC(243) Pause Young (Normal) (G1 Evacuation Pause)
[674.103s][info][gc,task     ] GC(243) Using 8 workers of 8 for evacuation
[674.105s][info][gc,phases   ] GC(243)   Pre Evacuate Collection Set: 0.1ms
[674.105s][info][gc,phases   ] GC(243)   Merge Heap Roots: 0.1ms
[674.105s][info][gc,phases   ] GC(243)   Evacuate Collection Set: 1.3ms
[674.105s][info][gc,phases   ] GC(243)   Post Evacuate Collection Set: 0.2ms
[674.105s][info][gc,phases   ] GC(243)   Other: 0.1ms
[674.105s][info][gc,heap     ] GC(243) Eden regions: 37->0(37)
[674.105s][info][gc,heap     ] GC(243) Survivor regions: 1->1(5)
[674.105s][info][gc,heap     ] GC(243) Old regions: 37->37
[674.105s][info][gc,heap     ] GC(243) Archive regions: 2->2
[674.105s][info][gc,heap     ] GC(243) Humongous regions: 9->9
[674.105s][info][gc,metaspace] GC(243) Metaspace: 71202K(71808K)->71202K(71808K) NonClass: 61846K(62144K)->61846K(62144K) Class: 9356K(9664K)->9356K(9664K)
[674.105s][info][gc          ] GC(243) Pause Young (Normal) (G1 Evacuation Pause) 84M->47M(97M) 1.924ms
[674.105s][info][gc,cpu      ] GC(243) User=0.01s Sys=0.00s Real=0.00s
[677.707s][info][gc,start    ] GC(244) Pause Young (Normal) (G1 Evacuation Pause)
[677.707s][info][gc,task     ] GC(244) Using 8 workers of 8 for evacuation
[677.709s][info][gc,phases   ] GC(244)   Pre Evacuate Collection Set: 0.1ms
[677.709s][info][gc,phases   ] GC(244)   Merge Heap Roots: 0.1ms
[677.709s][info][gc,phases   ] GC(244)   Evacuate Collection Set: 1.7ms
[677.709s][info][gc,phases   ] GC(244)   Post Evacuate Collection Set: 0.3ms
[677.709s][info][gc,phases   ] GC(244)   Other: 0.1ms
[677.709s][info][gc,heap     ] GC(244) Eden regions: 37->0(37)
[677.709s][info][gc,heap     ] GC(244) Survivor regions: 1->1(5)
[677.709s][info][gc,heap     ] GC(244) Old regions: 37->37
[677.709s][info][gc,heap     ] GC(244) Archive regions: 2->2
[677.709s][info][gc,heap     ] GC(244) Humongous regions: 9->9
[677.709s][info][gc,metaspace] GC(244) Metaspace: 71205K(71808K)->71205K(71808K) NonClass: 61848K(62144K)->61848K(62144K) Class: 9356K(9664K)->9356K(9664K)
[677.709s][info][gc          ] GC(244) Pause Young (Normal) (G1 Evacuation Pause) 84M->47M(97M) 2.332ms
[677.709s][info][gc,cpu      ] GC(244) User=0.01s Sys=0.00s Real=0.00s
[681.271s][info][gc,start    ] GC(245) Pause Young (Normal) (G1 Evacuation Pause)
[681.271s][info][gc,task     ] GC(245) Using 8 workers of 8 for evacuation
[681.272s][info][gc,phases   ] GC(245)   Pre Evacuate Collection Set: 0.0ms
[681.272s][info][gc,phases   ] GC(245)   Merge Heap Roots: 0.0ms
[681.272s][info][gc,phases   ] GC(245)   Evacuate Collection Set: 0.7ms
[681.272s][info][gc,phases   ] GC(245)   Post Evacuate Collection Set: 0.2ms
[681.272s][info][gc,phases   ] GC(245)   Other: 0.1ms
[681.272s][info][gc,heap     ] GC(245) Eden regions: 37->0(37)
[681.272s][info][gc,heap     ] GC(245) Survivor regions: 1->1(5)
[681.272s][info][gc,heap     ] GC(245) Old regions: 37->37
[681.272s][info][gc,heap     ] GC(245) Archive regions: 2->2
[681.272s][info][gc,heap     ] GC(245) Humongous regions: 9->9
[681.272s][info][gc,metaspace] GC(245) Metaspace: 71206K(71808K)->71206K(71808K) NonClass: 61849K(62144K)->61849K(62144K) Class: 9356K(9664K)->9356K(9664K)
[681.272s][info][gc          ] GC(245) Pause Young (Normal) (G1 Evacuation Pause) 84M->47M(97M) 1.086ms
[681.272s][info][gc,cpu      ] GC(245) User=0.00s Sys=0.00s Real=0.00s
[684.837s][info][gc,start    ] GC(246) Pause Young (Normal) (G1 Evacuation Pause)
[684.837s][info][gc,task     ] GC(246) Using 8 workers of 8 for evacuation
[684.838s][info][gc,phases   ] GC(246)   Pre Evacuate Collection Set: 0.0ms
[684.838s][info][gc,phases   ] GC(246)   Merge Heap Roots: 0.0ms
[684.838s][info][gc,phases   ] GC(246)   Evacuate Collection Set: 0.8ms
[684.838s][info][gc,phases   ] GC(246)   Post Evacuate Collection Set: 0.1ms
[684.838s][info][gc,phases   ] GC(246)   Other: 0.1ms
[684.838s][info][gc,heap     ] GC(246) Eden regions: 37->0(37)
[684.838s][info][gc,heap     ] GC(246) Survivor regions: 1->1(5)
[684.838s][info][gc,heap     ] GC(246) Old regions: 37->37
[684.838s][info][gc,heap     ] GC(246) Archive regions: 2->2
[684.838s][info][gc,heap     ] GC(246) Humongous regions: 9->9
[684.838s][info][gc,metaspace] GC(246) Metaspace: 71206K(71808K)->71206K(71808K) NonClass: 61849K(62144K)->61849K(62144K) Class: 9356K(9664K)->9356K(9664K)
[684.838s][info][gc          ] GC(246) Pause Young (Normal) (G1 Evacuation Pause) 84M->47M(97M) 1.135ms
[684.838s][info][gc,cpu      ] GC(246) User=0.00s Sys=0.00s Real=0.00s
[688.478s][info][gc,start    ] GC(247) Pause Young (Normal) (G1 Evacuation Pause)
[688.478s][info][gc,task     ] GC(247) Using 8 workers of 8 for evacuation
[688.480s][info][gc,phases   ] GC(247)   Pre Evacuate Collection Set: 0.1ms
[688.480s][info][gc,phases   ] GC(247)   Merge Heap Roots: 0.1ms
[688.480s][info][gc,phases   ] GC(247)   Evacuate Collection Set: 0.8ms
[688.480s][info][gc,phases   ] GC(247)   Post Evacuate Collection Set: 0.2ms
[688.480s][info][gc,phases   ] GC(247)   Other: 0.1ms
[688.480s][info][gc,heap     ] GC(247) Eden regions: 37->0(37)
[688.480s][info][gc,heap     ] GC(247) Survivor regions: 1->1(5)
[688.480s][info][gc,heap     ] GC(247) Old regions: 37->37
[688.480s][info][gc,heap     ] GC(247) Archive regions: 2->2
[688.480s][info][gc,heap     ] GC(247) Humongous regions: 9->9
[688.480s][info][gc,metaspace] GC(247) Metaspace: 71207K(71808K)->71207K(71808K) NonClass: 61850K(62144K)->61850K(62144K) Class: 9356K(9664K)->9356K(9664K)
[688.480s][info][gc          ] GC(247) Pause Young (Normal) (G1 Evacuation Pause) 84M->47M(97M) 1.247ms
[688.480s][info][gc,cpu      ] GC(247) User=0.00s Sys=0.00s Real=0.00s
[692.191s][info][gc,start    ] GC(248) Pause Young (Normal) (G1 Evacuation Pause)
[692.191s][info][gc,task     ] GC(248) Using 8 workers of 8 for evacuation
[692.193s][info][gc,phases   ] GC(248)   Pre Evacuate Collection Set: 0.1ms
[692.193s][info][gc,phases   ] GC(248)   Merge Heap Roots: 0.1ms
[692.193s][info][gc,phases   ] GC(248)   Evacuate Collection Set: 1.3ms
[692.193s][info][gc,phases   ] GC(248)   Post Evacuate Collection Set: 0.2ms
[692.193s][info][gc,phases   ] GC(248)   Other: 0.1ms
[692.193s][info][gc,heap     ] GC(248) Eden regions: 37->0(37)
[692.193s][info][gc,heap     ] GC(248) Survivor regions: 1->1(5)
[692.193s][info][gc,heap     ] GC(248) Old regions: 37->37
[692.193s][info][gc,heap     ] GC(248) Archive regions: 2->2
[692.193s][info][gc,heap     ] GC(248) Humongous regions: 9->9
[692.193s][info][gc,metaspace] GC(248) Metaspace: 71207K(71808K)->71207K(71808K) NonClass: 61850K(62144K)->61850K(62144K) Class: 9356K(9664K)->9356K(9664K)
[692.193s][info][gc          ] GC(248) Pause Young (Normal) (G1 Evacuation Pause) 84M->47M(97M) 1.876ms
[692.193s][info][gc,cpu      ] GC(248) User=0.01s Sys=0.00s Real=0.00s
[695.960s][info][gc,start    ] GC(249) Pause Young (Normal) (G1 Evacuation Pause)
[695.960s][info][gc,task     ] GC(249) Using 8 workers of 8 for evacuation
[695.962s][info][gc,phases   ] GC(249)   Pre Evacuate Collection Set: 0.0ms
[695.962s][info][gc,phases   ] GC(249)   Merge Heap Roots: 0.0ms
[695.962s][info][gc,phases   ] GC(249)   Evacuate Collection Set: 0.9ms
[695.962s][info][gc,phases   ] GC(249)   Post Evacuate Collection Set: 0.2ms
[695.962s][info][gc,phases   ] GC(249)   Other: 0.1ms
[695.962s][info][gc,heap     ] GC(249) Eden regions: 37->0(36)
[695.962s][info][gc,heap     ] GC(249) Survivor regions: 1->1(5)
[695.962s][info][gc,heap     ] GC(249) Old regions: 37->38
[695.962s][info][gc,heap     ] GC(249) Archive regions: 2->2
[695.962s][info][gc,heap     ] GC(249) Humongous regions: 9->9
[695.962s][info][gc,metaspace] GC(249) Metaspace: 71207K(71808K)->71207K(71808K) NonClass: 61850K(62144K)->61850K(62144K) Class: 9356K(9664K)->9356K(9664K)
[695.962s][info][gc          ] GC(249) Pause Young (Normal) (G1 Evacuation Pause) 84M->47M(97M) 1.280ms
[695.962s][info][gc,cpu      ] GC(249) User=0.01s Sys=0.00s Real=0.00s
[699.655s][info][gc,start    ] GC(250) Pause Young (Normal) (G1 Evacuation Pause)
[699.655s][info][gc,task     ] GC(250) Using 8 workers of 8 for evacuation
[699.656s][info][gc,phases   ] GC(250)   Pre Evacuate Collection Set: 0.1ms
[699.656s][info][gc,phases   ] GC(250)   Merge Heap Roots: 0.1ms
[699.656s][info][gc,phases   ] GC(250)   Evacuate Collection Set: 1.0ms
[699.656s][info][gc,phases   ] GC(250)   Post Evacuate Collection Set: 0.2ms
[699.656s][info][gc,phases   ] GC(250)   Other: 0.1ms
[699.656s][info][gc,heap     ] GC(250) Eden regions: 36->0(36)
[699.656s][info][gc,heap     ] GC(250) Survivor regions: 1->1(5)
[699.656s][info][gc,heap     ] GC(250) Old regions: 38->38
[699.656s][info][gc,heap     ] GC(250) Archive regions: 2->2
[699.656s][info][gc,heap     ] GC(250) Humongous regions: 9->9
[699.656s][info][gc,metaspace] GC(250) Metaspace: 71207K(71808K)->71207K(71808K) NonClass: 61851K(62144K)->61851K(62144K) Class: 9356K(9664K)->9356K(9664K)
[699.656s][info][gc          ] GC(250) Pause Young (Normal) (G1 Evacuation Pause) 83M->47M(97M) 1.501ms
[699.656s][info][gc,cpu      ] GC(250) User=0.00s Sys=0.00s Real=0.00s
[703.387s][info][gc,start    ] GC(251) Pause Young (Normal) (G1 Evacuation Pause)
[703.387s][info][gc,task     ] GC(251) Using 8 workers of 8 for evacuation
[703.389s][info][gc,phases   ] GC(251)   Pre Evacuate Collection Set: 0.1ms
[703.389s][info][gc,phases   ] GC(251)   Merge Heap Roots: 0.1ms
[703.389s][info][gc,phases   ] GC(251)   Evacuate Collection Set: 1.2ms
[703.389s][info][gc,phases   ] GC(251)   Post Evacuate Collection Set: 0.2ms
[703.389s][info][gc,phases   ] GC(251)   Other: 0.1ms
[703.389s][info][gc,heap     ] GC(251) Eden regions: 36->0(36)
[703.389s][info][gc,heap     ] GC(251) Survivor regions: 1->1(5)
[703.389s][info][gc,heap     ] GC(251) Old regions: 38->38
[703.389s][info][gc,heap     ] GC(251) Archive regions: 2->2
[703.389s][info][gc,heap     ] GC(251) Humongous regions: 9->9
[703.389s][info][gc,metaspace] GC(251) Metaspace: 71207K(71808K)->71207K(71808K) NonClass: 61851K(62144K)->61851K(62144K) Class: 9356K(9664K)->9356K(9664K)
[703.389s][info][gc          ] GC(251) Pause Young (Normal) (G1 Evacuation Pause) 83M->47M(97M) 1.707ms
[703.389s][info][gc,cpu      ] GC(251) User=0.01s Sys=0.00s Real=0.00s
[707.286s][info][gc,start    ] GC(252) Pause Young (Normal) (G1 Evacuation Pause)
[707.286s][info][gc,task     ] GC(252) Using 8 workers of 8 for evacuation
[707.287s][info][gc,phases   ] GC(252)   Pre Evacuate Collection Set: 0.1ms
[707.287s][info][gc,phases   ] GC(252)   Merge Heap Roots: 0.1ms
[707.287s][info][gc,phases   ] GC(252)   Evacuate Collection Set: 1.0ms
[707.287s][info][gc,phases   ] GC(252)   Post Evacuate Collection Set: 0.2ms
[707.287s][info][gc,phases   ] GC(252)   Other: 0.1ms
[707.287s][info][gc,heap     ] GC(252) Eden regions: 36->0(36)
[707.287s][info][gc,heap     ] GC(252) Survivor regions: 1->1(5)
[707.287s][info][gc,heap     ] GC(252) Old regions: 38->38
[707.287s][info][gc,heap     ] GC(252) Archive regions: 2->2
[707.287s][info][gc,heap     ] GC(252) Humongous regions: 9->9
[707.287s][info][gc,metaspace] GC(252) Metaspace: 71207K(71808K)->71207K(71808K) NonClass: 61851K(62144K)->61851K(62144K) Class: 9356K(9664K)->9356K(9664K)
[707.287s][info][gc          ] GC(252) Pause Young (Normal) (G1 Evacuation Pause) 83M->47M(97M) 1.569ms
[707.287s][info][gc,cpu      ] GC(252) User=0.01s Sys=0.00s Real=0.00s
[711.445s][info][gc,start    ] GC(253) Pause Young (Normal) (G1 Evacuation Pause)
[711.445s][info][gc,task     ] GC(253) Using 8 workers of 8 for evacuation
[711.447s][info][gc,phases   ] GC(253)   Pre Evacuate Collection Set: 0.1ms
[711.447s][info][gc,phases   ] GC(253)   Merge Heap Roots: 0.1ms
[711.447s][info][gc,phases   ] GC(253)   Evacuate Collection Set: 1.2ms
[711.447s][info][gc,phases   ] GC(253)   Post Evacuate Collection Set: 0.2ms
[711.447s][info][gc,phases   ] GC(253)   Other: 0.1ms
[711.447s][info][gc,heap     ] GC(253) Eden regions: 36->0(36)
[711.447s][info][gc,heap     ] GC(253) Survivor regions: 1->1(5)
[711.447s][info][gc,heap     ] GC(253) Old regions: 38->38
[711.447s][info][gc,heap     ] GC(253) Archive regions: 2->2
[711.447s][info][gc,heap     ] GC(253) Humongous regions: 9->9
[711.447s][info][gc,metaspace] GC(253) Metaspace: 71207K(71808K)->71207K(71808K) NonClass: 61851K(62144K)->61851K(62144K) Class: 9356K(9664K)->9356K(9664K)
[711.447s][info][gc          ] GC(253) Pause Young (Normal) (G1 Evacuation Pause) 83M->47M(97M) 1.657ms
[711.447s][info][gc,cpu      ] GC(253) User=0.00s Sys=0.00s Real=0.00s
[715.317s][info][gc,start    ] GC(254) Pause Young (Normal) (G1 Evacuation Pause)
[715.317s][info][gc,task     ] GC(254) Using 8 workers of 8 for evacuation
[715.319s][info][gc,phases   ] GC(254)   Pre Evacuate Collection Set: 0.1ms
[715.319s][info][gc,phases   ] GC(254)   Merge Heap Roots: 0.1ms
[715.319s][info][gc,phases   ] GC(254)   Evacuate Collection Set: 1.3ms
[715.319s][info][gc,phases   ] GC(254)   Post Evacuate Collection Set: 0.3ms
[715.319s][info][gc,phases   ] GC(254)   Other: 0.1ms
[715.319s][info][gc,heap     ] GC(254) Eden regions: 36->0(36)
[715.319s][info][gc,heap     ] GC(254) Survivor regions: 1->1(5)
[715.319s][info][gc,heap     ] GC(254) Old regions: 38->38
[715.319s][info][gc,heap     ] GC(254) Archive regions: 2->2
[715.319s][info][gc,heap     ] GC(254) Humongous regions: 9->9
[715.319s][info][gc,metaspace] GC(254) Metaspace: 71207K(71808K)->71207K(71808K) NonClass: 61851K(62144K)->61851K(62144K) Class: 9356K(9664K)->9356K(9664K)
[715.319s][info][gc          ] GC(254) Pause Young (Normal) (G1 Evacuation Pause) 83M->47M(97M) 1.955ms
[715.319s][info][gc,cpu      ] GC(254) User=0.01s Sys=0.01s Real=0.00s
[719.683s][info][gc,start    ] GC(255) Pause Young (Normal) (G1 Evacuation Pause)
[719.683s][info][gc,task     ] GC(255) Using 8 workers of 8 for evacuation
[719.685s][info][gc,phases   ] GC(255)   Pre Evacuate Collection Set: 0.1ms
[719.685s][info][gc,phases   ] GC(255)   Merge Heap Roots: 0.1ms
[719.685s][info][gc,phases   ] GC(255)   Evacuate Collection Set: 2.2ms
[719.685s][info][gc,phases   ] GC(255)   Post Evacuate Collection Set: 0.2ms
[719.685s][info][gc,phases   ] GC(255)   Other: 0.1ms
[719.685s][info][gc,heap     ] GC(255) Eden regions: 36->0(36)
[719.685s][info][gc,heap     ] GC(255) Survivor regions: 1->1(5)
[719.685s][info][gc,heap     ] GC(255) Old regions: 38->38
[719.685s][info][gc,heap     ] GC(255) Archive regions: 2->2
[719.685s][info][gc,heap     ] GC(255) Humongous regions: 9->9
[719.685s][info][gc,metaspace] GC(255) Metaspace: 71207K(71808K)->71207K(71808K) NonClass: 61851K(62144K)->61851K(62144K) Class: 9356K(9664K)->9356K(9664K)
[719.685s][info][gc          ] GC(255) Pause Young (Normal) (G1 Evacuation Pause) 83M->47M(97M) 2.682ms
[719.686s][info][gc,cpu      ] GC(255) User=0.01s Sys=0.00s Real=0.01s
[724.031s][info][gc,start    ] GC(256) Pause Young (Normal) (G1 Evacuation Pause)
[724.031s][info][gc,task     ] GC(256) Using 8 workers of 8 for evacuation
[724.033s][info][gc,phases   ] GC(256)   Pre Evacuate Collection Set: 0.1ms
[724.033s][info][gc,phases   ] GC(256)   Merge Heap Roots: 0.0ms
[724.033s][info][gc,phases   ] GC(256)   Evacuate Collection Set: 1.2ms
[724.033s][info][gc,phases   ] GC(256)   Post Evacuate Collection Set: 0.2ms
[724.033s][info][gc,phases   ] GC(256)   Other: 0.1ms
[724.033s][info][gc,heap     ] GC(256) Eden regions: 36->0(36)
[724.033s][info][gc,heap     ] GC(256) Survivor regions: 1->1(5)
[724.033s][info][gc,heap     ] GC(256) Old regions: 38->38
[724.033s][info][gc,heap     ] GC(256) Archive regions: 2->2
[724.033s][info][gc,heap     ] GC(256) Humongous regions: 9->9
[724.033s][info][gc,metaspace] GC(256) Metaspace: 71209K(71808K)->71209K(71808K) NonClass: 61853K(62144K)->61853K(62144K) Class: 9356K(9664K)->9356K(9664K)
[724.033s][info][gc          ] GC(256) Pause Young (Normal) (G1 Evacuation Pause) 83M->47M(97M) 1.707ms
[724.033s][info][gc,cpu      ] GC(256) User=0.01s Sys=0.00s Real=0.00s
[739.754s][info][gc,start    ] GC(257) Pause Young (Normal) (G1 Evacuation Pause)
[739.754s][info][gc,task     ] GC(257) Using 8 workers of 8 for evacuation
[739.756s][info][gc,phases   ] GC(257)   Pre Evacuate Collection Set: 0.1ms
[739.756s][info][gc,phases   ] GC(257)   Merge Heap Roots: 0.1ms
[739.756s][info][gc,phases   ] GC(257)   Evacuate Collection Set: 1.1ms
[739.756s][info][gc,phases   ] GC(257)   Post Evacuate Collection Set: 0.2ms
[739.756s][info][gc,phases   ] GC(257)   Other: 0.1ms
[739.756s][info][gc,heap     ] GC(257) Eden regions: 36->0(36)
[739.756s][info][gc,heap     ] GC(257) Survivor regions: 1->1(5)
[739.756s][info][gc,heap     ] GC(257) Old regions: 38->38
[739.756s][info][gc,heap     ] GC(257) Archive regions: 2->2
[739.756s][info][gc,heap     ] GC(257) Humongous regions: 9->9
[739.756s][info][gc,metaspace] GC(257) Metaspace: 71212K(71808K)->71212K(71808K) NonClass: 61856K(62144K)->61856K(62144K) Class: 9356K(9664K)->9356K(9664K)
[739.756s][info][gc          ] GC(257) Pause Young (Normal) (G1 Evacuation Pause) 83M->47M(97M) 1.657ms
[739.756s][info][gc,cpu      ] GC(257) User=0.01s Sys=0.00s Real=0.00s
[784.138s][info][gc,start    ] GC(258) Pause Young (Normal) (G1 Evacuation Pause)
[784.138s][info][gc,task     ] GC(258) Using 8 workers of 8 for evacuation
[784.141s][info][gc,phases   ] GC(258)   Pre Evacuate Collection Set: 0.1ms
[784.141s][info][gc,phases   ] GC(258)   Merge Heap Roots: 0.1ms
[784.141s][info][gc,phases   ] GC(258)   Evacuate Collection Set: 2.7ms
[784.141s][info][gc,phases   ] GC(258)   Post Evacuate Collection Set: 0.4ms
[784.141s][info][gc,phases   ] GC(258)   Other: 0.2ms
[784.141s][info][gc,heap     ] GC(258) Eden regions: 36->0(36)
[784.141s][info][gc,heap     ] GC(258) Survivor regions: 1->1(5)
[784.141s][info][gc,heap     ] GC(258) Old regions: 38->38
[784.141s][info][gc,heap     ] GC(258) Archive regions: 2->2
[784.141s][info][gc,heap     ] GC(258) Humongous regions: 9->9
[784.141s][info][gc,metaspace] GC(258) Metaspace: 71217K(71808K)->71217K(71808K) NonClass: 61861K(62144K)->61861K(62144K) Class: 9356K(9664K)->9356K(9664K)
[784.141s][info][gc          ] GC(258) Pause Young (Normal) (G1 Evacuation Pause) 83M->47M(97M) 3.528ms
[784.141s][info][gc,cpu      ] GC(258) User=0.01s Sys=0.00s Real=0.00s
[793.186s][info][gc,start    ] GC(259) Pause Young (Normal) (G1 Evacuation Pause)
[793.186s][info][gc,task     ] GC(259) Using 8 workers of 8 for evacuation
[793.188s][info][gc,phases   ] GC(259)   Pre Evacuate Collection Set: 0.1ms
[793.188s][info][gc,phases   ] GC(259)   Merge Heap Roots: 0.1ms
[793.188s][info][gc,phases   ] GC(259)   Evacuate Collection Set: 1.6ms
[793.188s][info][gc,phases   ] GC(259)   Post Evacuate Collection Set: 0.2ms
[793.188s][info][gc,phases   ] GC(259)   Other: 0.1ms
[793.188s][info][gc,heap     ] GC(259) Eden regions: 36->0(36)
[793.188s][info][gc,heap     ] GC(259) Survivor regions: 1->1(5)
[793.188s][info][gc,heap     ] GC(259) Old regions: 38->38
[793.188s][info][gc,heap     ] GC(259) Archive regions: 2->2
[793.188s][info][gc,heap     ] GC(259) Humongous regions: 9->9
[793.188s][info][gc,metaspace] GC(259) Metaspace: 71217K(71808K)->71217K(71808K) NonClass: 61861K(62144K)->61861K(62144K) Class: 9356K(9664K)->9356K(9664K)
[793.188s][info][gc          ] GC(259) Pause Young (Normal) (G1 Evacuation Pause) 83M->48M(97M) 2.150ms
[793.188s][info][gc,cpu      ] GC(259) User=0.01s Sys=0.01s Real=0.00s
[804.579s][info][gc,start    ] GC(260) Pause Young (Normal) (G1 Evacuation Pause)
[804.579s][info][gc,task     ] GC(260) Using 8 workers of 8 for evacuation
[804.580s][info][gc,phases   ] GC(260)   Pre Evacuate Collection Set: 0.1ms
[804.580s][info][gc,phases   ] GC(260)   Merge Heap Roots: 0.1ms
[804.580s][info][gc,phases   ] GC(260)   Evacuate Collection Set: 1.0ms
[804.580s][info][gc,phases   ] GC(260)   Post Evacuate Collection Set: 0.2ms
[804.580s][info][gc,phases   ] GC(260)   Other: 0.1ms
[804.580s][info][gc,heap     ] GC(260) Eden regions: 36->0(36)
[804.580s][info][gc,heap     ] GC(260) Survivor regions: 1->1(5)
[804.580s][info][gc,heap     ] GC(260) Old regions: 38->38
[804.580s][info][gc,heap     ] GC(260) Archive regions: 2->2
[804.580s][info][gc,heap     ] GC(260) Humongous regions: 9->9
[804.580s][info][gc,metaspace] GC(260) Metaspace: 71217K(71808K)->71217K(71808K) NonClass: 61861K(62144K)->61861K(62144K) Class: 9356K(9664K)->9356K(9664K)
[804.580s][info][gc          ] GC(260) Pause Young (Normal) (G1 Evacuation Pause) 84M->48M(97M) 1.445ms
[804.580s][info][gc,cpu      ] GC(260) User=0.01s Sys=0.00s Real=0.00s
[826.777s][info][gc,start    ] GC(261) Pause Young (Normal) (G1 Evacuation Pause)
[826.777s][info][gc,task     ] GC(261) Using 8 workers of 8 for evacuation
[826.779s][info][gc,phases   ] GC(261)   Pre Evacuate Collection Set: 0.1ms
[826.779s][info][gc,phases   ] GC(261)   Merge Heap Roots: 0.1ms
[826.779s][info][gc,phases   ] GC(261)   Evacuate Collection Set: 1.3ms
[826.779s][info][gc,phases   ] GC(261)   Post Evacuate Collection Set: 0.2ms
[826.779s][info][gc,phases   ] GC(261)   Other: 0.1ms
[826.779s][info][gc,heap     ] GC(261) Eden regions: 36->0(36)
[826.779s][info][gc,heap     ] GC(261) Survivor regions: 1->1(5)
[826.779s][info][gc,heap     ] GC(261) Old regions: 38->38
[826.779s][info][gc,heap     ] GC(261) Archive regions: 2->2
[826.779s][info][gc,heap     ] GC(261) Humongous regions: 9->9
[826.779s][info][gc,metaspace] GC(261) Metaspace: 71220K(71808K)->71220K(71808K) NonClass: 61864K(62144K)->61864K(62144K) Class: 9356K(9664K)->9356K(9664K)
[826.779s][info][gc          ] GC(261) Pause Young (Normal) (G1 Evacuation Pause) 84M->48M(97M) 1.881ms
[826.779s][info][gc,cpu      ] GC(261) User=0.01s Sys=0.00s Real=0.00s
[889.002s][info][gc,start    ] GC(262) Pause Young (Normal) (G1 Evacuation Pause)
[889.002s][info][gc,task     ] GC(262) Using 8 workers of 8 for evacuation
[889.004s][info][gc,phases   ] GC(262)   Pre Evacuate Collection Set: 0.1ms
[889.004s][info][gc,phases   ] GC(262)   Merge Heap Roots: 0.1ms
[889.004s][info][gc,phases   ] GC(262)   Evacuate Collection Set: 1.8ms
[889.004s][info][gc,phases   ] GC(262)   Post Evacuate Collection Set: 0.3ms
[889.004s][info][gc,phases   ] GC(262)   Other: 0.1ms
[889.004s][info][gc,heap     ] GC(262) Eden regions: 36->0(36)
[889.004s][info][gc,heap     ] GC(262) Survivor regions: 1->1(5)
[889.004s][info][gc,heap     ] GC(262) Old regions: 38->38
[889.004s][info][gc,heap     ] GC(262) Archive regions: 2->2
[889.004s][info][gc,heap     ] GC(262) Humongous regions: 9->9
[889.004s][info][gc,metaspace] GC(262) Metaspace: 71228K(71808K)->71228K(71808K) NonClass: 61872K(62144K)->61872K(62144K) Class: 9356K(9664K)->9356K(9664K)
[889.004s][info][gc          ] GC(262) Pause Young (Normal) (G1 Evacuation Pause) 84M->48M(97M) 2.497ms
[889.004s][info][gc,cpu      ] GC(262) User=0.01s Sys=0.00s Real=0.01s
[1049.570s][info][gc,heap,exit] Heap
[1049.570s][info][gc,heap,exit]  garbage-first heap   total 99328K, used 75924K [0x00000000c0000000, 0x0000000100000000)
[1049.570s][info][gc,heap,exit]   region size 1024K, 27 young (27648K), 1 survivors (1024K)
[1049.570s][info][gc,heap,exit]  Metaspace       used 71950K, committed 72576K, reserved 1114112K
[1049.570s][info][gc,heap,exit]   class space    used 9494K, committed 9792K, reserved 1048576K
